******************************************************************************
            TI ARM Clang Linker PC v4.0.2                      
******************************************************************************
>> Linked Wed Jun 10 20:22:25 2026

OUTPUT FILE NAME:   <freertos.out>
ENTRY POINT SYMBOL: "_c_int00_noargs"  address: 0000517d


MEMORY CONFIGURATION

         name            origin    length      used     unused   attr    fill
----------------------  --------  ---------  --------  --------  ----  --------
  FLASH                 00000000   00020000  00005af0  0001a510  R  X
  SRAM                  20200000   00008000  00002ac6  0000553a  RW X
  BCR_CONFIG            41c00000   000000ff  00000000  000000ff  R   
  BSL_CONFIG            41c00100   00000080  00000000  00000080  R   


SEGMENT ALLOCATION MAP

run origin  load origin   length   init length attrs members
----------  ----------- ---------- ----------- ----- -------
00000000    00000000    00005af0   00005af0    r-x
  00000000    00000000    000000c0   000000c0    r-- .intvecs
  000000c0    000000c0    00005330   00005330    r-x .text
  000053f0    000053f0    000006c8   000006c8    r-- .rodata
  00005ab8    00005ab8    00000038   00000038    r-- .cinit
20200000    20200000    000028c6   00000000    rw-
  20200000    20200000    00002864   00000000    rw- .bss
  20202864    20202864    00000062   00000000    rw- .data
20207e00    20207e00    00000200   00000000    rw-
  20207e00    20207e00    00000200   00000000    rw- .stack


SECTION ALLOCATION MAP

 output                                  attributes/
section   page    origin      length       input sections
--------  ----  ----------  ----------   ----------------
.intvecs   0    00000000    000000c0     
                  00000000    000000c0     startup_mspm0g350x_ticlang.o (.intvecs)

.text      0    000000c0    00005330     
                  000000c0    00000374     OLED.o (.text.OLED_WriteCommand)
                  00000434    00000364     OLED.o (.text.OLED_WriteData)
                  00000798    00000330     OLED.o (.text.OLED_ShowSignedNum)
                  00000ac8    000002f6     OLED.o (.text.OLED_ShowNum)
                  00000dbe    000002ea     OLED.o (.text.OLED_ShowHexNum)
                  000010a8    000002a8     ti_msp_dl_config.o (.text.SYSCFG_DL_SYSCTL_SYSPLL_init)
                  00001350    000002a6     OLED.o (.text.OLED_ShowBinNum)
                  000015f6    00000002     startup_mspm0g350x_ticlang.o (.text.Default_Handler)
                  000015f8    00000294     freertos_builds_LP_MSPM0G3507_release_ticlang.lib : heap_4.o (.text.pvPortMalloc)
                  0000188c    00000260     OLED.o (.text.OLED_Init)
                  00001aec    00000210     freertos_builds_LP_MSPM0G3507_release_ticlang.lib : tasks.o (.text.xTaskIncrementTick)
                  00001cfc    000001f8                                                       : tasks.o (.text.xTaskResumeAll)
                  00001ef4    000001d4     ADC_SCAN.o (.text.vTaskKeyScan)
                  000020c8    000001d2     freertos_builds_LP_MSPM0G3507_release_ticlang.lib : queue.o (.text.xQueueGenericSend)
                  0000229a    000001bc     OLED.o (.text.OLED_Clear)
                  00002456    000001a4     freertos_builds_LP_MSPM0G3507_release_ticlang.lib : queue.o (.text.xQueueReceive)
                  000025fa    00000002     libclang_rt.builtins.a : aeabi_div0.c.obj (.text.__aeabi_idiv0)
                  000025fc    0000018c     freertos_builds_LP_MSPM0G3507_release_ticlang.lib : tasks.o (.text.xTaskRemoveFromEventList)
                  00002788    0000015c                                                       : timers.o (.text.prvProcessReceivedCommands)
                  000028e4    00000128                                                       : tasks.o (.text.prvAddNewTaskToReadyList)
                  00002a0c    00000114     OLED_Task.o (.text.Oled_Queue_ShowString)
                  00002b20    00000114     freertos_builds_LP_MSPM0G3507_release_ticlang.lib : port.o (.text.pxPortInitialiseStack)
                  00002c34    0000010c                                                       : heap_4.o (.text.prvInsertBlockIntoFreeList)
                  00002d40    0000010c                                                       : tasks.o (.text.vTaskSwitchContext)
                  00002e4c    00000108                                                       : tasks.o (.text.xTaskPriorityDisinherit)
                  00002f54    00000104     driverlib.a : dl_timer.o (.text.DL_Timer_initFourCCPWMMode)
                  00003058    00000104     freertos_builds_LP_MSPM0G3507_release_ticlang.lib : tasks.o (.text.prvInitialiseNewTask)
                  0000315c    000000fc     driverlib.a : dl_timer.o (.text.DL_Timer_initTimerMode)
                  00003258    000000f8     freertos_builds_LP_MSPM0G3507_release_ticlang.lib : heap_4.o (.text.vPortFree)
                  00003350    000000e4                                                       : tasks.o (.text.prvAddCurrentTaskToDelayedList)
                  00003434    000000e4                                                       : queue.o (.text.xQueueGenericReset)
                  00003518    000000dc     driverlib.a : dl_sysctl_mspm0g1x0x_g3x0x.o (.text.DL_SYSCTL_configSYSPLL)
                  000035f4    000000dc     freertos_builds_LP_MSPM0G3507_release_ticlang.lib : tasks.o (.text.xTaskDelayUntil)
                  000036d0    000000d4                                                       : queue.o (.text.prvCopyDataToQueue)
                  000037a4    000000cc                                                       : tasks.o (.text.prvCreateIdleTasks)
                  00003870    000000c4     OLED.o (.text.OLED_ShowChar)
                  00003934    000000b6     freertos_builds_LP_MSPM0G3507_release_ticlang.lib : queue.o (.text.prvUnlockQueue)
                  000039ea    00000002     --HOLE-- [fill = 0]
                  000039ec    000000b4                                                       : tasks.o (.text.xTaskCheckForTimeOut)
                  00003aa0    000000ac     ti_msp_dl_config.o (.text.SYSCFG_DL_SYSCTL_init)
                  00003b4c    000000a8     ti_msp_dl_config.o (.text.SYSCFG_DL_GPIO_init)
                  00003bf4    000000a4     OLED_Task.o (.text.vTaskOledDisplay)
                  00003c98    000000a0     freertos_builds_LP_MSPM0G3507_release_ticlang.lib : heap_4.o (.text.prvHeapInit)
                  00003d38    000000a0                                                       : queue.o (.text.xQueueGenericCreateStatic)
                  00003dd8    0000009a     libc.a : memcpy16.S.obj (.text:memcpy)
                  00003e72    00000098     freertos_builds_LP_MSPM0G3507_release_ticlang.lib : tasks.o (.text.prvCreateStaticTask)
                  00003f0a    00000094                                                       : queue.o (.text.xQueueGenericCreate)
                  00003f9e    00000002     --HOLE-- [fill = 0]
                  00003fa0    0000008c                                                       : timers.o (.text.prvProcessTimerOrBlockTask)
                  0000402c    00000084                                                       : tasks.o (.text.prvCreateTask)
                  000040b0    00000084                                                       : timers.o (.text.prvInsertTimerInActiveList)
                  00004134    00000080                                                       : port.o (.text.xPortStartScheduler)
                  000041b4    0000007c                                                       : tasks.o (.text.prvInitialiseTaskLists)
                  00004230    0000007c                                                       : timers.o (.text.xTimerCreateTimerTask)
                  000042ac    0000007c     libc.a : copy_decompress_lzss.c.obj (.text:decompress:lzss)
                  00004328    00000074     ti_msp_dl_config.o (.text.SYSCFG_DL_PWM_0_init)
                  0000439c    00000074     ti_msp_dl_config.o (.text.SYSCFG_DL_PWM_1_init)
                  00004410    00000074     freertos_builds_LP_MSPM0G3507_release_ticlang.lib : tasks.o (.text.vTaskPlaceOnEventListRestricted)
                  00004484    0000006c                                                       : timers.o (.text.prvCheckForValidListAndQueue)
                  000044f0    0000006c                                                       : list.o (.text.vListInsert)
                  0000455c    0000006a                                                       : queue.o (.text.vQueueWaitForMessageRestricted)
                  000045c6    00000002     --HOLE-- [fill = 0]
                  000045c8    00000068                                                       : tasks.o (.text.vTaskStartScheduler)
                  00004630    00000062     libc.a : memset16.S.obj (.text:memset)
                  00004692    00000002     --HOLE-- [fill = 0]
                  00004694    00000060     ti_msp_dl_config.o (.text.SYSCFG_DL_UART_0_init)
                  000046f4    00000060     ti_msp_dl_config.o (.text.SYSCFG_DL_initPower)
                  00004754    0000005c     ADC_init.o (.text.Key_FreeRTOS_Init)
                  000047b0    0000005c     uart1.o (.text.vTaskUartPrint)
                  0000480c    00000054     OLED.o (.text.OLED_ShowString)
                  00004860    00000050     freertos_builds_LP_MSPM0G3507_release_ticlang.lib : tasks.o (.text.prvCheckTasksWaitingTermination)
                  000048b0    00000050                                                       : tasks.o (.text.prvDeleteTCB)
                  00004900    00000050                                                       : timers.o (.text.prvProcessExpiredTimer)
                  00004950    00000050     ADC_SCAN.o (.text.vTaskKeyLogic)
                  000049a0    0000004c     freertos_builds_LP_MSPM0G3507_release_ticlang.lib : tasks.o (.text.xTaskCreateStatic)
                  000049ec    00000048     driverlib.a : dl_uart.o (.text.DL_UART_init)
                  00004a34    00000048     freertos_builds_LP_MSPM0G3507_release_ticlang.lib : list.o (.text.uxListRemove)
                  00004a7c    00000048                                                       : tasks.o (.text.xTaskCreate)
                  00004ac4    00000046                                                       : queue.o (.text.prvInitialiseNewQueue)
                  00004b0a    00000002     --HOLE-- [fill = 0]
                  00004b0c    00000044     driverlib.a : dl_sysctl_mspm0g1x0x_g3x0x.o (.text.DL_SYSCTL_switchMCLKfromSYSOSCtoHSCLK)
                  00004b50    00000044     OLED_Task.o (.text.Oled_FreeRTOS_Init)
                  00004b94    0000000c     libclang_rt.builtins.a : aeabi_memset.S.obj (.text.__aeabi_memclr)
                  00004ba0    00000044     freertos_builds_LP_MSPM0G3507_release_ticlang.lib : portasm.o (.text.PendSV_Handler)
                  00004be4    00000044                                                       : queue.o (.text.prvCopyDataFromQueue)
                  00004c28    00000044                                                       : timers.o (.text.prvSwitchTimerLists)
                  00004c6c    00000040     driverlib.a : dl_adc12.o (.text.DL_ADC12_setClockConfig)
                  00004cac    00000040     uart1.o (.text.Uart_FreeRTOS_Init)
                  00004cec    00000040     libclang_rt.builtins.a : aeabi_uidivmod.S.obj (.text.__aeabi_uidivmod)
                  00004d2c    0000003c     ti_msp_dl_config.o (.text.SYSCFG_DL_init)
                  00004d68    0000003c     freertos_builds_LP_MSPM0G3507_release_ticlang.lib : timers.o (.text.prvSampleTimeNow)
                  00004da4    0000003c     libc.a : autoinit.c.obj (.text:__TI_auto_init_nobinit_nopinit)
                  00004de0    00000038     freertos_builds_LP_MSPM0G3507_release_ticlang.lib : timers.o (.text.prvGetNextExpireTime)
                  00004e18    00000038                                                       : tasks.o (.text.xTaskGetSchedulerState)
                  00004e50    00000036                                                       : timers.o (.text.prvReloadTimer)
                  00004e86    00000002     --HOLE-- [fill = 0]
                  00004e88    00000034                                                       : tasks.o (.text.vTaskPlaceOnEventList)
                  00004ebc    00000030     driverlib.a : dl_uart.o (.text.DL_UART_transmitDataBlocking)
                  00004eec    00000030     freertos_builds_LP_MSPM0G3507_release_ticlang.lib : port.o (.text.SysTick_Handler)
                  00004f1c    00000030                                                       : tasks.o (.text.prvResetNextTaskUnblockTime)
                  00004f4c    00000030                                                       : port.o (.text.prvTaskExitError)
                  00004f7c    0000002e                                                       : queue.o (.text.prvIsQueueFull)
                  00004faa    0000002e                                                       : port.o (.text.vPortSVCHandler_C)
                  00004fd8    0000002c     ti_msp_dl_config.o (.text.SYSCFG_DL_ADC12_0_init)
                  00005004    0000002c     ti_msp_dl_config.o (.text.SYSCFG_DL_TIMER_0_init)
                  00005030    0000002c     freertos_builds_LP_MSPM0G3507_release_ticlang.lib : list.o (.text.vListInitialise)
                  0000505c    0000002c                                                       : port.o (.text.vPortExitCritical)
                  00005088    0000002a                                                       : queue.o (.text.prvIsQueueEmpty)
                  000050b2    00000002     --HOLE-- [fill = 0]
                  000050b4    00000028     OLED_Task.o (.text.Oled_Queue_ShowChar)
                  000050dc    00000028     OLED_Task.o (.text.Oled_Queue_ShowNum)
                  00005104    00000028     freertos_builds_LP_MSPM0G3507_release_ticlang.lib : StaticAllocs_freertos.o (.text.vApplicationGetIdleTaskMemory)
                  0000512c    00000028                                                       : StaticAllocs_freertos.o (.text.vApplicationGetTimerTaskMemory)
                  00005154    00000028                                                       : port.o (.text.vPortSetupTimerInterrupt)
                  0000517c    00000028     libc.a : boot_cortex_m.c.obj (.text:_c_int00_noargs)
                  000051a4    0000000c     freertos_builds_LP_MSPM0G3507_release_ticlang.lib : tasks.o (.text.vTaskMissedYield)
                  000051b0    00000024                                                       : portasm.o (.text.SVC_Handler)
                  000051d4    0000000a     driverlib.a : dl_common.o (.text.DL_Common_delayCycles)
                  000051de    00000002     --HOLE-- [fill = 0]
                  000051e0    00000024     freertos_builds_LP_MSPM0G3507_release_ticlang.lib : portasm.o (.text.vRestoreContextOfFirstTask)
                  00005204    00000020                                                       : tasks.o (.text.vTaskInternalSetTimeOutState)
                  00005224    0000001e                                                       : timers.o (.text.prvTimerTask)
                  00005242    00000002     --HOLE-- [fill = 0]
                  00005244    0000001c     driverlib.a : dl_sysctl_mspm0g1x0x_g3x0x.o (.text.DL_SYSCTL_configFCC)
                  00005260    0000001c                 : dl_timer.o (.text.DL_Timer_setCaptCompUpdateMethod)
                  0000527c    0000001c                 : dl_timer.o (.text.DL_Timer_setClockConfig)
                  00005298    0000001c     OLED_Task.o (.text.Oled_Queue_Clear)
                  000052b4    0000001a     main_freertos.o (.text.main)
                  000052ce    00000002     --HOLE-- [fill = 0]
                  000052d0    00000018     driverlib.a : dl_timer.o (.text.DL_Timer_setCaptureCompareOutCtl)
                  000052e8    00000018     freertos_builds_LP_MSPM0G3507_release_ticlang.lib : port.o (.text.vPortEnterCritical)
                  00005300    00000018                                                       : port.o (.text.vPortYield)
                  00005318    00000014                                                       : tasks.o (.text.xTaskGetTickCount)
                  0000532c    00000012     driverlib.a : dl_uart.o (.text.DL_UART_setClockConfig)
                  0000533e    00000012     libc.a : copy_decompress_none.c.obj (.text:decompress:none)
                  00005350    00000010     driverlib.a : dl_timer.o (.text.DL_Timer_setCaptureCompareValue)
                  00005360    00000010     freertos_builds_LP_MSPM0G3507_release_ticlang.lib : portasm.o (.text.vStartFirstTask)
                  00005370    00000010                                                       : tasks.o (.text.vTaskSuspendAll)
                  00005380    00000010     libc.a : copy_zero_init.c.obj (.text:decompress:ZI)
                  00005390    0000000e     libclang_rt.builtins.a : aeabi_memset.S.obj (.text.__aeabi_memset)
                  0000539e    0000000e     freertos_builds_LP_MSPM0G3507_release_ticlang.lib : tasks.o (.text.prvIdleTask)
                  000053ac    0000000e                                                       : list.o (.text.vListInitialiseItem)
                  000053ba    00000002     --HOLE-- [fill = 0]
                  000053bc    00000008     libclang_rt.builtins.a : aeabi_memcpy.S.obj (.text.__aeabi_memcpy)
                  000053c4    00000008     freertos_builds_LP_MSPM0G3507_release_ticlang.lib : portasm.o (.text.ulSetInterruptMask)
                  000053cc    00000006                                                       : portasm.o (.text.vClearInterruptMask)
                  000053d2    00000006     libc.a : exit.c.obj (.text:abort)
                  000053d8    00000004     libsysbm.a : hostexit.c.obj (.text.HOSTexit)
                  000053dc    00000004     startup_mspm0g350x_ticlang.o (.text.Reset_Handler)
                  000053e0    00000004     libc.a : pre_init.c.obj (.text._system_pre_init)
                  000053e4    00000004     main_freertos.o (.text.vApplicationStackOverflowHook)
                  000053e8    00000008     --HOLE-- [fill = 0]

.cinit     0    00005ab8    00000038     
                  00005ab8    0000000f     (.cinit..data.load) [load image, compression = lzss]
                  00005ac7    00000001     --HOLE-- [fill = 0]
                  00005ac8    0000000c     (__TI_handler_table)
                  00005ad4    00000008     (.cinit..bss.load) [load image, compression = zero_init]
                  00005adc    00000010     (__TI_cinit_table)
                  00005aec    00000004     --HOLE-- [fill = 0]

.rodata    0    000053f0    000006c8     
                  000053f0    000005f0     OLED.o (.rodata.OLED_F8x16)
                  000059e0    00000028     ti_msp_dl_config.o (.rodata.gSYSPLLConfig)
                  00005a08    00000014     ti_msp_dl_config.o (.rodata.gTIMER_0TimerConfig)
                  00005a1c    0000000e     uart1.o (.rodata.str1.12747660023304419868.1)
                  00005a2a    0000000d     ADC_init.o (.rodata.str1.1941056222698984085.1)
                  00005a37    0000000d     ADC_SCAN.o (.rodata.str1.6928829323109946504.1)
                  00005a44    0000000c     ADC_init.o (.rodata.str1.10376368798993104728.1)
                  00005a50    0000000a     ti_msp_dl_config.o (.rodata.gUART_0Config)
                  00005a5a    0000000a     ADC_SCAN.o (.rodata.str1.11116376107566485257.1)
                  00005a64    0000000a     ADC_SCAN.o (.rodata.str1.13955762343280701490.1)
                  00005a6e    0000000a     ADC_SCAN.o (.rodata.str1.2400183873413480933.1)
                  00005a78    00000009     OLED_Task.o (.rodata.str1.7317589389468838088.1)
                  00005a81    00000003     ti_msp_dl_config.o (.rodata.gPWM_0ClockConfig)
                  00005a84    00000008     ti_msp_dl_config.o (.rodata.gADC12_0ClockConfig)
                  00005a8c    00000008     ti_msp_dl_config.o (.rodata.gPWM_0Config)
                  00005a94    00000008     ti_msp_dl_config.o (.rodata.gPWM_1Config)
                  00005a9c    00000008     freertos_builds_LP_MSPM0G3507_release_ticlang.lib : timers.o (.rodata.str1.6031452896567546882.1)
                  00005aa4    00000005                                                       : tasks.o (.rodata.str1.13344916649340266805.1)
                  00005aa9    00000003     ti_msp_dl_config.o (.rodata.gPWM_1ClockConfig)
                  00005aac    00000004     freertos_builds_LP_MSPM0G3507_release_ticlang.lib : tasks.o (.rodata.uxTopUsedPriority)
                  00005ab0    00000003     ti_msp_dl_config.o (.rodata.gTIMER_0ClockConfig)
                  00005ab3    00000002     ti_msp_dl_config.o (.rodata.gUART_0ClockConfig)
                  00005ab5    00000003     --HOLE-- [fill = 0]

.init_array 
*          0    00000000    00000000     UNINITIALIZED

.binit     0    00000000    00000000     

.bss       0    20200000    00002864     UNINITIALIZED
                  20200000    00002000     freertos_builds_LP_MSPM0G3507_release_ticlang.lib : heap_4.o (.bss.ucHeap)
                  20202000    00000200                                                       : StaticAllocs_freertos.o (.bss.vApplicationGetIdleTaskMemory.uxIdleTaskStack)
                  20202200    00000200                                                       : StaticAllocs_freertos.o (.bss.vApplicationGetTimerTaskMemory.uxTimerTaskStack)
                  20202400    000000c8                                                       : tasks.o (.bss.pxReadyTasksLists)
                  202024c8    000000bc     (.common:gTIMER_0Backup)
                  20202584    000000a0     (.common:gPWM_0Backup)
                  20202624    00000078                                                       : timers.o (.bss.prvCheckForValidListAndQueue.ucStaticTimerQueueStorage)
                  2020269c    00000068                                                       : StaticAllocs_freertos.o (.bss.vApplicationGetIdleTaskMemory.xIdleTaskTCB)
                  20202704    00000068                                                       : StaticAllocs_freertos.o (.bss.vApplicationGetTimerTaskMemory.xTimerTaskTCB)
                  2020276c    00000050                                                       : timers.o (.bss.prvCheckForValidListAndQueue.xStaticTimerQueue)
                  202027bc    00000014                                                       : timers.o (.bss.xActiveTimerList1)
                  202027d0    00000014                                                       : timers.o (.bss.xActiveTimerList2)
                  202027e4    00000014                                                       : tasks.o (.bss.xDelayedTaskList1)
                  202027f8    00000014                                                       : tasks.o (.bss.xDelayedTaskList2)
                  2020280c    00000014                                                       : tasks.o (.bss.xPendingReadyList)
                  20202820    00000014                                                       : tasks.o (.bss.xSuspendedTaskList)
                  20202834    00000014                                                       : tasks.o (.bss.xTasksWaitingTermination)
                  20202848    00000008                                                       : heap_4.o (.bss.xStart)
                  20202850    00000004                                                       : timers.o (.bss.pxCurrentTimerList)
                  20202854    00000004                                                       : tasks.o (.bss.pxDelayedTaskList)
                  20202858    00000004                                                       : tasks.o (.bss.pxOverflowDelayedTaskList)
                  2020285c    00000004                                                       : timers.o (.bss.pxOverflowTimerList)
                  20202860    00000004                                                       : tasks.o (.bss.xIdleTaskHandles)

.data      0    20202864    00000062     UNINITIALIZED
                  20202864    00000004     freertos_builds_LP_MSPM0G3507_release_ticlang.lib : timers.o (.data.prvSampleTimeNow.xLastTime)
                  20202868    00000004                                                       : tasks.o (.data.pxCurrentTCB)
                  2020286c    00000004                                                       : heap_4.o (.data.pxEnd)
                  20202870    00000004                                                       : port.o (.data.ulCriticalNesting)
                  20202874    00000004                                                       : tasks.o (.data.uxCurrentNumberOfTasks)
                  20202878    00000004                                                       : tasks.o (.data.uxDeletedTasksWaitingCleanUp)
                  2020287c    00000004                                                       : tasks.o (.data.uxSchedulerSuspended)
                  20202880    00000004                                                       : tasks.o (.data.uxTaskNumber)
                  20202884    00000004                                                       : tasks.o (.data.uxTopReadyPriority)
                  20202888    00000004                                                       : heap_4.o (.data.xFreeBytesRemaining)
                  2020288c    00000004     ADC_SCAN.o (.data.xKeyQueue)
                  20202890    00000004     freertos_builds_LP_MSPM0G3507_release_ticlang.lib : heap_4.o (.data.xMinimumEverFreeBytesRemaining)
                  20202894    00000004                                                       : tasks.o (.data.xNextTaskUnblockTime)
                  20202898    00000004                                                       : tasks.o (.data.xNumOfOverflows)
                  2020289c    00000004                                                       : heap_4.o (.data.xNumberOfSuccessfulAllocations)
                  202028a0    00000004                                                       : heap_4.o (.data.xNumberOfSuccessfulFrees)
                  202028a4    00000004     OLED_Task.o (.data.xOledQueue)
                  202028a8    00000004     freertos_builds_LP_MSPM0G3507_release_ticlang.lib : tasks.o (.data.xPendedTicks)
                  202028ac    00000004                                                       : tasks.o (.data.xSchedulerRunning)
                  202028b0    00000004                                                       : tasks.o (.data.xTickCount)
                  202028b4    00000004                                                       : timers.o (.data.xTimerQueue)
                  202028b8    00000004                                                       : timers.o (.data.xTimerTaskHandle)
                  202028bc    00000004     uart1.o (.data.xUartQueue)
                  202028c0    00000004     freertos_builds_LP_MSPM0G3507_release_ticlang.lib : tasks.o (.data.xYieldPendings)
                  202028c4    00000001     ADC_SCAN.o (.data.vTaskKeyScan.adc_configured)
                  202028c5    00000001     ADC_SCAN.o (.data.vTaskKeyScan.dot_state)

.stack     0    20207e00    00000200     UNINITIALIZED
                  20207e00    00000004     libc.a : boot_cortex_m.c.obj (.stack)
                  20207e04    000001fc     --HOLE--

__llvm_prf_cnts 
*          0    20200000    00000000     UNINITIALIZED

__llvm_prf_bits 
*          0    20200000    00000000     UNINITIALIZED

MODULE SUMMARY

       Module                         code    ro data   rw data
       ------                         ----    -------   -------
    .\
       startup_mspm0g350x_ticlang.o   6       192       0      
       main_freertos.o                30      0         0      
    +--+------------------------------+-------+---------+---------+
       Total:                         36      192       0      
                                                               
    .\syscfg\
       ti_msp_dl_config.o             1592    105       348    
    +--+------------------------------+-------+---------+---------+
       Total:                         1592    105       348    
                                                               
    .\targetConfigs\key\
       ADC_SCAN.o                     548     43        6      
       ADC_init.o                     92      25        0      
    +--+------------------------------+-------+---------+---------+
       Total:                         640     68        6      
                                                               
    .\targetConfigs\oled\
       OLED.o                         6082    1520      0      
       OLED_Task.o                    616     9         4      
    +--+------------------------------+-------+---------+---------+
       Total:                         6698    1529      4      
                                                               
    .\targetConfigs\uart1\
       uart1.o                        156     14        4      
    +--+------------------------------+-------+---------+---------+
       Total:                         156     14        4      
                                                               
    D:/LeStoreDownload/CCS/mspm0_sdk_2_10_00_04/source/ti/driverlib/lib/ticlang/m0p/mspm0g1x0x_g3x0x/driverlib.a
       dl_timer.o                     608     0         0      
       dl_sysctl_mspm0g1x0x_g3x0x.o   316     0         0      
       dl_uart.o                      138     0         0      
       dl_adc12.o                     64      0         0      
       dl_common.o                    10      0         0      
    +--+------------------------------+-------+---------+---------+
       Total:                         1136    0         0      
                                                               
    D:/compitation/NUEDC/diansai/freertos_builds_LP_MSPM0G3507_release_ticlang/Debug/freertos_builds_LP_MSPM0G3507_release_ticlang.lib
       heap_4.o                       1336    0         8220   
       tasks.o                        4534    9         360    
       queue.o                        2148    0         0      
       timers.o                       1200    8         260    
       StaticAllocs_freertos.o        80      0         1232   
       port.o                         678     0         4      
       list.o                         238     0         0      
       portasm.o                      170     0         0      
    +--+------------------------------+-------+---------+---------+
       Total:                         10384   17        10076  
                                                               
    D:\LeStoreDownload\CCS\ti_cgt_arm_llvm_4.0.2.LTS\lib\armv6m-ti-none-eabi/c/libc.a
       memcpy16.S.obj                 154     0         0      
       copy_decompress_lzss.c.obj     124     0         0      
       memset16.S.obj                 98      0         0      
       autoinit.c.obj                 60      0         0      
       boot_cortex_m.c.obj            40      0         0      
       copy_decompress_none.c.obj     18      0         0      
       copy_zero_init.c.obj           16      0         0      
       exit.c.obj                     6       0         0      
       pre_init.c.obj                 4       0         0      
    +--+------------------------------+-------+---------+---------+
       Total:                         520     0         0      
                                                               
    D:\LeStoreDownload\CCS\ti_cgt_arm_llvm_4.0.2.LTS\lib\armv6m-ti-none-eabi/c/libsysbm.a
       hostexit.c.obj                 4       0         0      
    +--+------------------------------+-------+---------+---------+
       Total:                         4       0         0      
                                                               
    D:\LeStoreDownload\CCS\ti_cgt_arm_llvm_4.0.2.LTS\lib\armv6m-ti-none-eabi/libclang_rt.builtins.a
       aeabi_uidivmod.S.obj           64      0         0      
       aeabi_memset.S.obj             26      0         0      
       aeabi_memcpy.S.obj             8       0         0      
       aeabi_div0.c.obj               2       0         0      
    +--+------------------------------+-------+---------+---------+
       Total:                         100     0         0      
                                                               
       Stack:                         0       0         512    
       Linker Generated:              0       51        0      
    +--+------------------------------+-------+---------+---------+
       Grand Total:                   21266   1976      10950  


LINKER GENERATED COPY TABLES

__TI_cinit_table @ 00005adc records: 2, size/record: 8, table size: 16
	.data: load addr=00005ab8, load size=0000000f bytes, run addr=20202864, run size=00000062 bytes, compression=lzss
	.bss: load addr=00005ad4, load size=00000008 bytes, run addr=20200000, run size=00002864 bytes, compression=zero_init


LINKER GENERATED HANDLER TABLE

__TI_handler_table @ 00005ac8 records: 3, size/record: 4, table size: 12
	index: 0, handler: __TI_decompress_lzss
	index: 1, handler: __TI_decompress_none
	index: 2, handler: __TI_zero_init


GLOBAL SYMBOLS: SORTED ALPHABETICALLY BY Name 

address   name                                 
-------   ----                                 
000015f7  ADC0_IRQHandler                      
000015f7  ADC1_IRQHandler                      
000015f7  AES_IRQHandler                       
000053d8  C$$EXIT                              
000015f7  CANFD0_IRQHandler                    
000015f7  DAC0_IRQHandler                      
00004c6d  DL_ADC12_setClockConfig              
000051d5  DL_Common_delayCycles                
00005245  DL_SYSCTL_configFCC                  
00003519  DL_SYSCTL_configSYSPLL               
00004b0d  DL_SYSCTL_switchMCLKfromSYSOSCtoHSCLK
00002f55  DL_Timer_initFourCCPWMMode           
0000315d  DL_Timer_initTimerMode               
00005261  DL_Timer_setCaptCompUpdateMethod     
000052d1  DL_Timer_setCaptureCompareOutCtl     
00005351  DL_Timer_setCaptureCompareValue      
0000527d  DL_Timer_setClockConfig              
000049ed  DL_UART_init                         
0000532d  DL_UART_setClockConfig               
00004ebd  DL_UART_transmitDataBlocking         
000015f7  DMA_IRQHandler                       
000015f7  Default_Handler                      
000015f7  GROUP0_IRQHandler                    
000015f7  GROUP1_IRQHandler                    
000053d9  HOSTexit                             
000015f7  HardFault_Handler                    
000015f7  I2C0_IRQHandler                      
000015f7  I2C1_IRQHandler                      
00004755  Key_FreeRTOS_Init                    
000015f7  NMI_Handler                          
0000229b  OLED_Clear                           
000053f0  OLED_F8x16                           
0000188d  OLED_Init                            
00001351  OLED_ShowBinNum                      
00003871  OLED_ShowChar                        
00000dbf  OLED_ShowHexNum                      
00000ac9  OLED_ShowNum                         
00000799  OLED_ShowSignedNum                   
0000480d  OLED_ShowString                      
000000c1  OLED_WriteCommand                    
00000435  OLED_WriteData                       
00004b51  Oled_FreeRTOS_Init                   
00005299  Oled_Queue_Clear                     
000050b5  Oled_Queue_ShowChar                  
000050dd  Oled_Queue_ShowNum                   
00002a0d  Oled_Queue_ShowString                
00004ba1  PendSV_Handler                       
000015f7  RTC_IRQHandler                       
000053dd  Reset_Handler                        
000015f7  SPI0_IRQHandler                      
000015f7  SPI1_IRQHandler                      
000051b1  SVC_Handler                          
00004fd9  SYSCFG_DL_ADC12_0_init               
00003b4d  SYSCFG_DL_GPIO_init                  
00004329  SYSCFG_DL_PWM_0_init                 
0000439d  SYSCFG_DL_PWM_1_init                 
000010a9  SYSCFG_DL_SYSCTL_SYSPLL_init         
00003aa1  SYSCFG_DL_SYSCTL_init                
00005005  SYSCFG_DL_TIMER_0_init               
00004695  SYSCFG_DL_UART_0_init                
00004d2d  SYSCFG_DL_init                       
000046f5  SYSCFG_DL_initPower                  
00004eed  SysTick_Handler                      
000015f7  TIMA0_IRQHandler                     
000015f7  TIMA1_IRQHandler                     
000015f7  TIMG0_IRQHandler                     
000015f7  TIMG12_IRQHandler                    
000015f7  TIMG6_IRQHandler                     
000015f7  TIMG7_IRQHandler                     
000015f7  TIMG8_IRQHandler                     
000015f7  UART0_IRQHandler                     
000015f7  UART1_IRQHandler                     
000015f7  UART2_IRQHandler                     
000015f7  UART3_IRQHandler                     
00004cad  Uart_FreeRTOS_Init                   
20208000  __STACK_END                          
00000200  __STACK_SIZE                         
00000000  __TI_ATRegion0_region_sz             
00000000  __TI_ATRegion0_src_addr              
00000000  __TI_ATRegion0_trg_addr              
00000000  __TI_ATRegion1_region_sz             
00000000  __TI_ATRegion1_src_addr              
00000000  __TI_ATRegion1_trg_addr              
00000000  __TI_ATRegion2_region_sz             
00000000  __TI_ATRegion2_src_addr              
00000000  __TI_ATRegion2_trg_addr              
00005adc  __TI_CINIT_Base                      
00005aec  __TI_CINIT_Limit                     
00005aec  __TI_CINIT_Warm                      
00005ac8  __TI_Handler_Table_Base              
00005ad4  __TI_Handler_Table_Limit             
00004da5  __TI_auto_init_nobinit_nopinit       
000042ad  __TI_decompress_lzss                 
0000533f  __TI_decompress_none                 
ffffffff  __TI_pprof_out_hndl                  
ffffffff  __TI_prof_data_size                  
ffffffff  __TI_prof_data_start                 
00000000  __TI_static_base__                   
00005381  __TI_zero_init                       
000025fb  __aeabi_idiv0                        
00004b95  __aeabi_memclr                       
00004b95  __aeabi_memclr4                      
00004b95  __aeabi_memclr8                      
000053bd  __aeabi_memcpy                       
000053bd  __aeabi_memcpy4                      
000053bd  __aeabi_memcpy8                      
00005391  __aeabi_memset                       
00005391  __aeabi_memset4                      
00005391  __aeabi_memset8                      
00004ced  __aeabi_uidiv                        
00004ced  __aeabi_uidivmod                     
ffffffff  __binit__                            
UNDEFED   __mpu_init                           
20207e00  __stack                              
20200000  __start___llvm_prf_bits              
20200000  __start___llvm_prf_cnts              
20200000  __stop___llvm_prf_bits               
20200000  __stop___llvm_prf_cnts               
0000517d  _c_int00_noargs                      
UNDEFED   _system_post_cinit                   
000053e1  _system_pre_init                     
000053d3  abort                                
ffffffff  binit                                
20202584  gPWM_0Backup                         
202024c8  gTIMER_0Backup                       
00000000  interruptVectors                     
000052b5  main                                 
00003dd9  memcpy                               
00004631  memset                               
000015f9  pvPortMalloc                         
20202868  pxCurrentTCB                         
00002b21  pxPortInitialiseStack                
000053c5  ulSetInterruptMask                   
00004a35  uxListRemove                         
00005105  vApplicationGetIdleTaskMemory        
0000512d  vApplicationGetTimerTaskMemory       
000053e5  vApplicationStackOverflowHook        
000053cd  vClearInterruptMask                  
00005031  vListInitialise                      
000053ad  vListInitialiseItem                  
000044f1  vListInsert                          
000052e9  vPortEnterCritical                   
0000505d  vPortExitCritical                    
00003259  vPortFree                            
00004fab  vPortSVCHandler_C                    
00005155  vPortSetupTimerInterrupt             
00005301  vPortYield                           
0000455d  vQueueWaitForMessageRestricted       
000051e1  vRestoreContextOfFirstTask           
00005361  vStartFirstTask                      
00005205  vTaskInternalSetTimeOutState         
00004951  vTaskKeyLogic                        
00001ef5  vTaskKeyScan                         
000051a5  vTaskMissedYield                     
00003bf5  vTaskOledDisplay                     
00004e89  vTaskPlaceOnEventList                
00004411  vTaskPlaceOnEventListRestricted      
000045c9  vTaskStartScheduler                  
00005371  vTaskSuspendAll                      
00002d41  vTaskSwitchContext                   
000047b1  vTaskUartPrint                       
2020288c  xKeyQueue                            
202028a4  xOledQueue                           
00004135  xPortStartScheduler                  
00003f0b  xQueueGenericCreate                  
00003d39  xQueueGenericCreateStatic            
00003435  xQueueGenericReset                   
000020c9  xQueueGenericSend                    
00002457  xQueueReceive                        
000039ed  xTaskCheckForTimeOut                 
00004a7d  xTaskCreate                          
000049a1  xTaskCreateStatic                    
000035f5  xTaskDelayUntil                      
00004e19  xTaskGetSchedulerState               
00005319  xTaskGetTickCount                    
00001aed  xTaskIncrementTick                   
00002e4d  xTaskPriorityDisinherit              
000025fd  xTaskRemoveFromEventList             
00001cfd  xTaskResumeAll                       
00004231  xTimerCreateTimerTask                
202028bc  xUartQueue                           


GLOBAL SYMBOLS: SORTED BY Symbol Address 

address   name                                 
-------   ----                                 
00000000  __TI_ATRegion0_region_sz             
00000000  __TI_ATRegion0_src_addr              
00000000  __TI_ATRegion0_trg_addr              
00000000  __TI_ATRegion1_region_sz             
00000000  __TI_ATRegion1_src_addr              
00000000  __TI_ATRegion1_trg_addr              
00000000  __TI_ATRegion2_region_sz             
00000000  __TI_ATRegion2_src_addr              
00000000  __TI_ATRegion2_trg_addr              
00000000  __TI_static_base__                   
00000000  interruptVectors                     
000000c1  OLED_WriteCommand                    
00000200  __STACK_SIZE                         
00000435  OLED_WriteData                       
00000799  OLED_ShowSignedNum                   
00000ac9  OLED_ShowNum                         
00000dbf  OLED_ShowHexNum                      
000010a9  SYSCFG_DL_SYSCTL_SYSPLL_init         
00001351  OLED_ShowBinNum                      
000015f7  ADC0_IRQHandler                      
000015f7  ADC1_IRQHandler                      
000015f7  AES_IRQHandler                       
000015f7  CANFD0_IRQHandler                    
000015f7  DAC0_IRQHandler                      
000015f7  DMA_IRQHandler                       
000015f7  Default_Handler                      
000015f7  GROUP0_IRQHandler                    
000015f7  GROUP1_IRQHandler                    
000015f7  HardFault_Handler                    
000015f7  I2C0_IRQHandler                      
000015f7  I2C1_IRQHandler                      
000015f7  NMI_Handler                          
000015f7  RTC_IRQHandler                       
000015f7  SPI0_IRQHandler                      
000015f7  SPI1_IRQHandler                      
000015f7  TIMA0_IRQHandler                     
000015f7  TIMA1_IRQHandler                     
000015f7  TIMG0_IRQHandler                     
000015f7  TIMG12_IRQHandler                    
000015f7  TIMG6_IRQHandler                     
000015f7  TIMG7_IRQHandler                     
000015f7  TIMG8_IRQHandler                     
000015f7  UART0_IRQHandler                     
000015f7  UART1_IRQHandler                     
000015f7  UART2_IRQHandler                     
000015f7  UART3_IRQHandler                     
000015f9  pvPortMalloc                         
0000188d  OLED_Init                            
00001aed  xTaskIncrementTick                   
00001cfd  xTaskResumeAll                       
00001ef5  vTaskKeyScan                         
000020c9  xQueueGenericSend                    
0000229b  OLED_Clear                           
00002457  xQueueReceive                        
000025fb  __aeabi_idiv0                        
000025fd  xTaskRemoveFromEventList             
00002a0d  Oled_Queue_ShowString                
00002b21  pxPortInitialiseStack                
00002d41  vTaskSwitchContext                   
00002e4d  xTaskPriorityDisinherit              
00002f55  DL_Timer_initFourCCPWMMode           
0000315d  DL_Timer_initTimerMode               
00003259  vPortFree                            
00003435  xQueueGenericReset                   
00003519  DL_SYSCTL_configSYSPLL               
000035f5  xTaskDelayUntil                      
00003871  OLED_ShowChar                        
000039ed  xTaskCheckForTimeOut                 
00003aa1  SYSCFG_DL_SYSCTL_init                
00003b4d  SYSCFG_DL_GPIO_init                  
00003bf5  vTaskOledDisplay                     
00003d39  xQueueGenericCreateStatic            
00003dd9  memcpy                               
00003f0b  xQueueGenericCreate                  
00004135  xPortStartScheduler                  
00004231  xTimerCreateTimerTask                
000042ad  __TI_decompress_lzss                 
00004329  SYSCFG_DL_PWM_0_init                 
0000439d  SYSCFG_DL_PWM_1_init                 
00004411  vTaskPlaceOnEventListRestricted      
000044f1  vListInsert                          
0000455d  vQueueWaitForMessageRestricted       
000045c9  vTaskStartScheduler                  
00004631  memset                               
00004695  SYSCFG_DL_UART_0_init                
000046f5  SYSCFG_DL_initPower                  
00004755  Key_FreeRTOS_Init                    
000047b1  vTaskUartPrint                       
0000480d  OLED_ShowString                      
00004951  vTaskKeyLogic                        
000049a1  xTaskCreateStatic                    
000049ed  DL_UART_init                         
00004a35  uxListRemove                         
00004a7d  xTaskCreate                          
00004b0d  DL_SYSCTL_switchMCLKfromSYSOSCtoHSCLK
00004b51  Oled_FreeRTOS_Init                   
00004b95  __aeabi_memclr                       
00004b95  __aeabi_memclr4                      
00004b95  __aeabi_memclr8                      
00004ba1  PendSV_Handler                       
00004c6d  DL_ADC12_setClockConfig              
00004cad  Uart_FreeRTOS_Init                   
00004ced  __aeabi_uidiv                        
00004ced  __aeabi_uidivmod                     
00004d2d  SYSCFG_DL_init                       
00004da5  __TI_auto_init_nobinit_nopinit       
00004e19  xTaskGetSchedulerState               
00004e89  vTaskPlaceOnEventList                
00004ebd  DL_UART_transmitDataBlocking         
00004eed  SysTick_Handler                      
00004fab  vPortSVCHandler_C                    
00004fd9  SYSCFG_DL_ADC12_0_init               
00005005  SYSCFG_DL_TIMER_0_init               
00005031  vListInitialise                      
0000505d  vPortExitCritical                    
000050b5  Oled_Queue_ShowChar                  
000050dd  Oled_Queue_ShowNum                   
00005105  vApplicationGetIdleTaskMemory        
0000512d  vApplicationGetTimerTaskMemory       
00005155  vPortSetupTimerInterrupt             
0000517d  _c_int00_noargs                      
000051a5  vTaskMissedYield                     
000051b1  SVC_Handler                          
000051d5  DL_Common_delayCycles                
000051e1  vRestoreContextOfFirstTask           
00005205  vTaskInternalSetTimeOutState         
00005245  DL_SYSCTL_configFCC                  
00005261  DL_Timer_setCaptCompUpdateMethod     
0000527d  DL_Timer_setClockConfig              
00005299  Oled_Queue_Clear                     
000052b5  main                                 
000052d1  DL_Timer_setCaptureCompareOutCtl     
000052e9  vPortEnterCritical                   
00005301  vPortYield                           
00005319  xTaskGetTickCount                    
0000532d  DL_UART_setClockConfig               
0000533f  __TI_decompress_none                 
00005351  DL_Timer_setCaptureCompareValue      
00005361  vStartFirstTask                      
00005371  vTaskSuspendAll                      
00005381  __TI_zero_init                       
00005391  __aeabi_memset                       
00005391  __aeabi_memset4                      
00005391  __aeabi_memset8                      
000053ad  vListInitialiseItem                  
000053bd  __aeabi_memcpy                       
000053bd  __aeabi_memcpy4                      
000053bd  __aeabi_memcpy8                      
000053c5  ulSetInterruptMask                   
000053cd  vClearInterruptMask                  
000053d3  abort                                
000053d8  C$$EXIT                              
000053d9  HOSTexit                             
000053dd  Reset_Handler                        
000053e1  _system_pre_init                     
000053e5  vApplicationStackOverflowHook        
000053f0  OLED_F8x16                           
00005ac8  __TI_Handler_Table_Base              
00005ad4  __TI_Handler_Table_Limit             
00005adc  __TI_CINIT_Base                      
00005aec  __TI_CINIT_Limit                     
00005aec  __TI_CINIT_Warm                      
20200000  __start___llvm_prf_bits              
20200000  __start___llvm_prf_cnts              
20200000  __stop___llvm_prf_bits               
20200000  __stop___llvm_prf_cnts               
202024c8  gTIMER_0Backup                       
20202584  gPWM_0Backup                         
20202868  pxCurrentTCB                         
2020288c  xKeyQueue                            
202028a4  xOledQueue                           
202028bc  xUartQueue                           
20207e00  __stack                              
20208000  __STACK_END                          
ffffffff  __TI_pprof_out_hndl                  
ffffffff  __TI_prof_data_size                  
ffffffff  __TI_prof_data_start                 
ffffffff  __binit__                            
ffffffff  binit                                
UNDEFED   __mpu_init                           
UNDEFED   _system_post_cinit                   

[181 symbols]
