<?xml version="1.0" encoding="ISO-8859-1" ?>
<link_info>
   <banner>TI ARM Clang Linker PC v4.0.2.LTS</banner>
   <copyright>Copyright (c) 1996-2018 Texas Instruments Incorporated</copyright>
   <command_line>D:\LeStoreDownload\CCS\ti_cgt_arm_llvm_4.0.2.LTS\bin\tiarmlnk -ID:\LeStoreDownload\CCS\ti_cgt_arm_llvm_4.0.2.LTS\lib -o freertos.out -mfreertos.map -iD:/compitation/NUEDC/diansai/freertos_builds_LP_MSPM0G3507_release_ticlang/Debug -iD:/LeStoreDownload/CCS/mspm0_sdk_2_10_00_04/source -iD:/compitation/NUEDC/diansai/freertos -iD:/LeStoreDownload/CCS/ti_cgt_arm_llvm_4.0.2.LTS/lib --diag_wrap=off --display_error_number --warn_sections --xml_link_info=freertos_linkInfo.xml --rom_model ./syscfg/ti_msp_dl_config.o ./startup_mspm0g350x_ticlang.o ./main_freertos.o ./ti_drivers_config.o ./targetConfigs/23l/23L_uart.o ./targetConfigs/key/ADC_SCAN.o ./targetConfigs/key/ADC_init.o ./targetConfigs/oled/OLED.o ./targetConfigs/oled/OLED_Task.o ./targetConfigs/uart1/uart1.o -lsyscfg/device_linker.cmd -lD:/LeStoreDownload/CCS/mspm0_sdk_2_10_00_04/source/ti/drivers/lib/ticlang/m0p/drivers_mspm0g1x0x_g3x0x.a -lfreertos_builds_LP_MSPM0G3507_release_ticlang.lib -lD:/LeStoreDownload/CCS/mspm0_sdk_2_10_00_04/source/ti/driverlib/lib/ticlang/m0p/mspm0g1x0x_g3x0x/driverlib.a -llibc.a --start-group -llibc++.a -llibc++abi.a -llibc.a -llibsys.a -llibsysbm.a -llibclang_rt.builtins.a -llibclang_rt.profile.a --end-group --cg_opt_level=2</command_line>
   <link_time>0x6a295701</link_time>
   <link_errors>0x0</link_errors>
   <output_file>D:\compitation\NUEDC\diansai\freertos\Debug\freertos.out</output_file>
   <entry_point>
      <name>_c_int00_noargs</name>
      <address>0x517d</address>
   </entry_point>
   <input_file_list>
      <input_file id="fl-1">
         <path>D:\compitation\NUEDC\diansai\freertos\Debug\.\syscfg\</path>
         <kind>object</kind>
         <file>ti_msp_dl_config.o</file>
         <name>ti_msp_dl_config.o</name>
      </input_file>
      <input_file id="fl-2">
         <path>D:\compitation\NUEDC\diansai\freertos\Debug\.\</path>
         <kind>object</kind>
         <file>startup_mspm0g350x_ticlang.o</file>
         <name>startup_mspm0g350x_ticlang.o</name>
      </input_file>
      <input_file id="fl-3">
         <path>D:\compitation\NUEDC\diansai\freertos\Debug\.\</path>
         <kind>object</kind>
         <file>main_freertos.o</file>
         <name>main_freertos.o</name>
      </input_file>
      <input_file id="fl-4">
         <path>D:\compitation\NUEDC\diansai\freertos\Debug\.\</path>
         <kind>object</kind>
         <file>ti_drivers_config.o</file>
         <name>ti_drivers_config.o</name>
      </input_file>
      <input_file id="fl-5">
         <path>D:\compitation\NUEDC\diansai\freertos\Debug\.\targetConfigs\23l\</path>
         <kind>object</kind>
         <file>23L_uart.o</file>
         <name>23L_uart.o</name>
      </input_file>
      <input_file id="fl-6">
         <path>D:\compitation\NUEDC\diansai\freertos\Debug\.\targetConfigs\key\</path>
         <kind>object</kind>
         <file>ADC_SCAN.o</file>
         <name>ADC_SCAN.o</name>
      </input_file>
      <input_file id="fl-7">
         <path>D:\compitation\NUEDC\diansai\freertos\Debug\.\targetConfigs\key\</path>
         <kind>object</kind>
         <file>ADC_init.o</file>
         <name>ADC_init.o</name>
      </input_file>
      <input_file id="fl-8">
         <path>D:\compitation\NUEDC\diansai\freertos\Debug\.\targetConfigs\oled\</path>
         <kind>object</kind>
         <file>OLED.o</file>
         <name>OLED.o</name>
      </input_file>
      <input_file id="fl-9">
         <path>D:\compitation\NUEDC\diansai\freertos\Debug\.\targetConfigs\oled\</path>
         <kind>object</kind>
         <file>OLED_Task.o</file>
         <name>OLED_Task.o</name>
      </input_file>
      <input_file id="fl-a">
         <path>D:\compitation\NUEDC\diansai\freertos\Debug\.\targetConfigs\uart1\</path>
         <kind>object</kind>
         <file>uart1.o</file>
         <name>uart1.o</name>
      </input_file>
      <input_file id="fl-18">
         <path>D:\compitation\NUEDC\diansai\freertos\Debug\</path>
         <kind>object</kind>
         <file>&lt;internal&gt;</file>
         <name>&lt;internal&gt;</name>
      </input_file>
      <input_file id="fl-19">
         <path>D:\compitation\NUEDC\diansai\freertos_builds_LP_MSPM0G3507_release_ticlang\Debug\</path>
         <kind>archive</kind>
         <file>freertos_builds_LP_MSPM0G3507_release_ticlang.lib</file>
         <name>queue.o</name>
      </input_file>
      <input_file id="fl-1a">
         <path>D:\compitation\NUEDC\diansai\freertos_builds_LP_MSPM0G3507_release_ticlang\Debug\</path>
         <kind>archive</kind>
         <file>freertos_builds_LP_MSPM0G3507_release_ticlang.lib</file>
         <name>tasks.o</name>
      </input_file>
      <input_file id="fl-1b">
         <path>D:\compitation\NUEDC\diansai\freertos_builds_LP_MSPM0G3507_release_ticlang\Debug\</path>
         <kind>archive</kind>
         <file>freertos_builds_LP_MSPM0G3507_release_ticlang.lib</file>
         <name>timers.o</name>
      </input_file>
      <input_file id="fl-1c">
         <path>D:\compitation\NUEDC\diansai\freertos_builds_LP_MSPM0G3507_release_ticlang\Debug\</path>
         <kind>archive</kind>
         <file>freertos_builds_LP_MSPM0G3507_release_ticlang.lib</file>
         <name>port.o</name>
      </input_file>
      <input_file id="fl-1d">
         <path>D:\compitation\NUEDC\diansai\freertos_builds_LP_MSPM0G3507_release_ticlang\Debug\</path>
         <kind>archive</kind>
         <file>freertos_builds_LP_MSPM0G3507_release_ticlang.lib</file>
         <name>portasm.o</name>
      </input_file>
      <input_file id="fl-1e">
         <path>D:\compitation\NUEDC\diansai\freertos_builds_LP_MSPM0G3507_release_ticlang\Debug\</path>
         <kind>archive</kind>
         <file>freertos_builds_LP_MSPM0G3507_release_ticlang.lib</file>
         <name>PTLS.o</name>
      </input_file>
      <input_file id="fl-1f">
         <path>D:\compitation\NUEDC\diansai\freertos_builds_LP_MSPM0G3507_release_ticlang\Debug\</path>
         <kind>archive</kind>
         <file>freertos_builds_LP_MSPM0G3507_release_ticlang.lib</file>
         <name>StaticAllocs_freertos.o</name>
      </input_file>
      <input_file id="fl-20">
         <path>D:\compitation\NUEDC\diansai\freertos_builds_LP_MSPM0G3507_release_ticlang\Debug\</path>
         <kind>archive</kind>
         <file>freertos_builds_LP_MSPM0G3507_release_ticlang.lib</file>
         <name>heap_4.o</name>
      </input_file>
      <input_file id="fl-21">
         <path>D:\compitation\NUEDC\diansai\freertos_builds_LP_MSPM0G3507_release_ticlang\Debug\</path>
         <kind>archive</kind>
         <file>freertos_builds_LP_MSPM0G3507_release_ticlang.lib</file>
         <name>list.o</name>
      </input_file>
      <input_file id="fl-22">
         <path>D:\LeStoreDownload\CCS\mspm0_sdk_2_10_00_04\source\ti\driverlib\lib\ticlang\m0p\mspm0g1x0x_g3x0x\</path>
         <kind>archive</kind>
         <file>driverlib.a</file>
         <name>dl_adc12.o</name>
      </input_file>
      <input_file id="fl-23">
         <path>D:\LeStoreDownload\CCS\mspm0_sdk_2_10_00_04\source\ti\driverlib\lib\ticlang\m0p\mspm0g1x0x_g3x0x\</path>
         <kind>archive</kind>
         <file>driverlib.a</file>
         <name>dl_common.o</name>
      </input_file>
      <input_file id="fl-24">
         <path>D:\LeStoreDownload\CCS\mspm0_sdk_2_10_00_04\source\ti\driverlib\lib\ticlang\m0p\mspm0g1x0x_g3x0x\</path>
         <kind>archive</kind>
         <file>driverlib.a</file>
         <name>dl_timer.o</name>
      </input_file>
      <input_file id="fl-25">
         <path>D:\LeStoreDownload\CCS\mspm0_sdk_2_10_00_04\source\ti\driverlib\lib\ticlang\m0p\mspm0g1x0x_g3x0x\</path>
         <kind>archive</kind>
         <file>driverlib.a</file>
         <name>dl_uart.o</name>
      </input_file>
      <input_file id="fl-26">
         <path>D:\LeStoreDownload\CCS\mspm0_sdk_2_10_00_04\source\ti\driverlib\lib\ticlang\m0p\mspm0g1x0x_g3x0x\</path>
         <kind>archive</kind>
         <file>driverlib.a</file>
         <name>dl_sysctl_mspm0g1x0x_g3x0x.o</name>
      </input_file>
      <input_file id="fl-3d">
         <path>D:\LeStoreDownload\CCS\ti_cgt_arm_llvm_4.0.2.LTS\lib\armv6m-ti-none-eabi\c\</path>
         <kind>archive</kind>
         <file>libc.a</file>
         <name>vsnprintf.c.obj</name>
      </input_file>
      <input_file id="fl-3e">
         <path>D:\LeStoreDownload\CCS\ti_cgt_arm_llvm_4.0.2.LTS\lib\armv6m-ti-none-eabi\c\</path>
         <kind>archive</kind>
         <file>libc.a</file>
         <name>boot_cortex_m.c.obj</name>
      </input_file>
      <input_file id="fl-3f">
         <path>D:\LeStoreDownload\CCS\ti_cgt_arm_llvm_4.0.2.LTS\lib\armv6m-ti-none-eabi\c\</path>
         <kind>archive</kind>
         <file>libc.a</file>
         <name>mathacl_init.c.obj</name>
      </input_file>
      <input_file id="fl-40">
         <path>D:\LeStoreDownload\CCS\ti_cgt_arm_llvm_4.0.2.LTS\lib\armv6m-ti-none-eabi\c\</path>
         <kind>archive</kind>
         <file>libc.a</file>
         <name>autoinit.c.obj</name>
      </input_file>
      <input_file id="fl-41">
         <path>D:\LeStoreDownload\CCS\ti_cgt_arm_llvm_4.0.2.LTS\lib\armv6m-ti-none-eabi\c\</path>
         <kind>archive</kind>
         <file>libc.a</file>
         <name>pre_init.c.obj</name>
      </input_file>
      <input_file id="fl-42">
         <path>D:\LeStoreDownload\CCS\ti_cgt_arm_llvm_4.0.2.LTS\lib\armv6m-ti-none-eabi\c\</path>
         <kind>archive</kind>
         <file>libc.a</file>
         <name>cpy_tbl.c.obj</name>
      </input_file>
      <input_file id="fl-43">
         <path>D:\LeStoreDownload\CCS\ti_cgt_arm_llvm_4.0.2.LTS\lib\armv6m-ti-none-eabi\c\</path>
         <kind>archive</kind>
         <file>libc.a</file>
         <name>copy_zero_init.c.obj</name>
      </input_file>
      <input_file id="fl-44">
         <path>D:\LeStoreDownload\CCS\ti_cgt_arm_llvm_4.0.2.LTS\lib\armv6m-ti-none-eabi\c\</path>
         <kind>archive</kind>
         <file>libc.a</file>
         <name>copy_decompress_none.c.obj</name>
      </input_file>
      <input_file id="fl-45">
         <path>D:\LeStoreDownload\CCS\ti_cgt_arm_llvm_4.0.2.LTS\lib\armv6m-ti-none-eabi\c\</path>
         <kind>archive</kind>
         <file>libc.a</file>
         <name>copy_decompress_lzss.c.obj</name>
      </input_file>
      <input_file id="fl-46">
         <path>D:\LeStoreDownload\CCS\ti_cgt_arm_llvm_4.0.2.LTS\lib\armv6m-ti-none-eabi\c\</path>
         <kind>archive</kind>
         <file>libc.a</file>
         <name>_printfi.c.obj</name>
      </input_file>
      <input_file id="fl-47">
         <path>D:\LeStoreDownload\CCS\ti_cgt_arm_llvm_4.0.2.LTS\lib\armv6m-ti-none-eabi\c\</path>
         <kind>archive</kind>
         <file>libc.a</file>
         <name>aeabi_portable.c.obj</name>
      </input_file>
      <input_file id="fl-48">
         <path>D:\LeStoreDownload\CCS\ti_cgt_arm_llvm_4.0.2.LTS\lib\armv6m-ti-none-eabi\c\</path>
         <kind>archive</kind>
         <file>libc.a</file>
         <name>exit.c.obj</name>
      </input_file>
      <input_file id="fl-49">
         <path>D:\LeStoreDownload\CCS\ti_cgt_arm_llvm_4.0.2.LTS\lib\armv6m-ti-none-eabi\c\</path>
         <kind>archive</kind>
         <file>libc.a</file>
         <name>_lock.c.obj</name>
      </input_file>
      <input_file id="fl-4a">
         <path>D:\LeStoreDownload\CCS\ti_cgt_arm_llvm_4.0.2.LTS\lib\armv6m-ti-none-eabi\c\</path>
         <kind>archive</kind>
         <file>libc.a</file>
         <name>_ltoa.c.obj</name>
      </input_file>
      <input_file id="fl-4b">
         <path>D:\LeStoreDownload\CCS\ti_cgt_arm_llvm_4.0.2.LTS\lib\armv6m-ti-none-eabi\c\</path>
         <kind>archive</kind>
         <file>libc.a</file>
         <name>args_main.c.obj</name>
      </input_file>
      <input_file id="fl-4c">
         <path>D:\LeStoreDownload\CCS\ti_cgt_arm_llvm_4.0.2.LTS\lib\armv6m-ti-none-eabi\c\</path>
         <kind>archive</kind>
         <file>libc.a</file>
         <name>assert.c.obj</name>
      </input_file>
      <input_file id="fl-4d">
         <path>D:\LeStoreDownload\CCS\ti_cgt_arm_llvm_4.0.2.LTS\lib\armv6m-ti-none-eabi\c\</path>
         <kind>archive</kind>
         <file>libc.a</file>
         <name>atoi.c.obj</name>
      </input_file>
      <input_file id="fl-4e">
         <path>D:\LeStoreDownload\CCS\ti_cgt_arm_llvm_4.0.2.LTS\lib\armv6m-ti-none-eabi\c\</path>
         <kind>archive</kind>
         <file>libc.a</file>
         <name>defs.c.obj</name>
      </input_file>
      <input_file id="fl-4f">
         <path>D:\LeStoreDownload\CCS\ti_cgt_arm_llvm_4.0.2.LTS\lib\armv6m-ti-none-eabi\c\</path>
         <kind>archive</kind>
         <file>libc.a</file>
         <name>memccpy.c.obj</name>
      </input_file>
      <input_file id="fl-50">
         <path>D:\LeStoreDownload\CCS\ti_cgt_arm_llvm_4.0.2.LTS\lib\armv6m-ti-none-eabi\c\</path>
         <kind>archive</kind>
         <file>libc.a</file>
         <name>memory.c.obj</name>
      </input_file>
      <input_file id="fl-51">
         <path>D:\LeStoreDownload\CCS\ti_cgt_arm_llvm_4.0.2.LTS\lib\armv6m-ti-none-eabi\c\</path>
         <kind>archive</kind>
         <file>libc.a</file>
         <name>s_frexp.c.obj</name>
      </input_file>
      <input_file id="fl-52">
         <path>D:\LeStoreDownload\CCS\ti_cgt_arm_llvm_4.0.2.LTS\lib\armv6m-ti-none-eabi\c\</path>
         <kind>archive</kind>
         <file>libc.a</file>
         <name>s_scalbn.c.obj</name>
      </input_file>
      <input_file id="fl-53">
         <path>D:\LeStoreDownload\CCS\ti_cgt_arm_llvm_4.0.2.LTS\lib\armv6m-ti-none-eabi\c\</path>
         <kind>archive</kind>
         <file>libc.a</file>
         <name>wcslen.c.obj</name>
      </input_file>
      <input_file id="fl-54">
         <path>D:\LeStoreDownload\CCS\ti_cgt_arm_llvm_4.0.2.LTS\lib\armv6m-ti-none-eabi\c\</path>
         <kind>archive</kind>
         <file>libc.a</file>
         <name>sprintf.c.obj</name>
      </input_file>
      <input_file id="fl-55">
         <path>D:\LeStoreDownload\CCS\ti_cgt_arm_llvm_4.0.2.LTS\lib\armv6m-ti-none-eabi\c\</path>
         <kind>archive</kind>
         <file>libc.a</file>
         <name>fflush.c.obj</name>
      </input_file>
      <input_file id="fl-56">
         <path>D:\LeStoreDownload\CCS\ti_cgt_arm_llvm_4.0.2.LTS\lib\armv6m-ti-none-eabi\c\</path>
         <kind>archive</kind>
         <file>libc.a</file>
         <name>fputs.c.obj</name>
      </input_file>
      <input_file id="fl-57">
         <path>D:\LeStoreDownload\CCS\ti_cgt_arm_llvm_4.0.2.LTS\lib\armv6m-ti-none-eabi\c\</path>
         <kind>archive</kind>
         <file>libc.a</file>
         <name>_io_perm.c.obj</name>
      </input_file>
      <input_file id="fl-58">
         <path>D:\LeStoreDownload\CCS\ti_cgt_arm_llvm_4.0.2.LTS\lib\armv6m-ti-none-eabi\c\</path>
         <kind>archive</kind>
         <file>libc.a</file>
         <name>setvbuf.c.obj</name>
      </input_file>
      <input_file id="fl-59">
         <path>D:\LeStoreDownload\CCS\ti_cgt_arm_llvm_4.0.2.LTS\lib\armv6m-ti-none-eabi\c\</path>
         <kind>archive</kind>
         <file>libc.a</file>
         <name>aeabi_ctype.S.obj</name>
      </input_file>
      <input_file id="fl-5a">
         <path>D:\LeStoreDownload\CCS\ti_cgt_arm_llvm_4.0.2.LTS\lib\armv6m-ti-none-eabi\c\</path>
         <kind>archive</kind>
         <file>libc.a</file>
         <name>fopen.c.obj</name>
      </input_file>
      <input_file id="fl-5b">
         <path>D:\LeStoreDownload\CCS\ti_cgt_arm_llvm_4.0.2.LTS\lib\armv6m-ti-none-eabi\c\</path>
         <kind>archive</kind>
         <file>libc.a</file>
         <name>fseek.c.obj</name>
      </input_file>
      <input_file id="fl-5c">
         <path>D:\LeStoreDownload\CCS\ti_cgt_arm_llvm_4.0.2.LTS\lib\armv6m-ti-none-eabi\c\</path>
         <kind>archive</kind>
         <file>libc.a</file>
         <name>fclose.c.obj</name>
      </input_file>
      <input_file id="fl-fc">
         <path>D:\LeStoreDownload\CCS\ti_cgt_arm_llvm_4.0.2.LTS\lib\armv6m-ti-none-eabi\c\</path>
         <kind>archive</kind>
         <file>libsysbm.a</file>
         <name>hostexit.c.obj</name>
      </input_file>
      <input_file id="fl-fd">
         <path>D:\LeStoreDownload\CCS\ti_cgt_arm_llvm_4.0.2.LTS\lib\armv6m-ti-none-eabi\c\</path>
         <kind>archive</kind>
         <file>libsysbm.a</file>
         <name>write.c.obj</name>
      </input_file>
      <input_file id="fl-fe">
         <path>D:\LeStoreDownload\CCS\ti_cgt_arm_llvm_4.0.2.LTS\lib\armv6m-ti-none-eabi\c\</path>
         <kind>archive</kind>
         <file>libsysbm.a</file>
         <name>host_device.c.obj</name>
      </input_file>
      <input_file id="fl-ff">
         <path>D:\LeStoreDownload\CCS\ti_cgt_arm_llvm_4.0.2.LTS\lib\armv6m-ti-none-eabi\c\</path>
         <kind>archive</kind>
         <file>libsysbm.a</file>
         <name>remove.c.obj</name>
      </input_file>
      <input_file id="fl-100">
         <path>D:\LeStoreDownload\CCS\ti_cgt_arm_llvm_4.0.2.LTS\lib\armv6m-ti-none-eabi\c\</path>
         <kind>archive</kind>
         <file>libsysbm.a</file>
         <name>open.c.obj</name>
      </input_file>
      <input_file id="fl-101">
         <path>D:\LeStoreDownload\CCS\ti_cgt_arm_llvm_4.0.2.LTS\lib\armv6m-ti-none-eabi\c\</path>
         <kind>archive</kind>
         <file>libsysbm.a</file>
         <name>lseek.c.obj</name>
      </input_file>
      <input_file id="fl-102">
         <path>D:\LeStoreDownload\CCS\ti_cgt_arm_llvm_4.0.2.LTS\lib\armv6m-ti-none-eabi\c\</path>
         <kind>archive</kind>
         <file>libsysbm.a</file>
         <name>close.c.obj</name>
      </input_file>
      <input_file id="fl-103">
         <path>D:\LeStoreDownload\CCS\ti_cgt_arm_llvm_4.0.2.LTS\lib\armv6m-ti-none-eabi\c\</path>
         <kind>archive</kind>
         <file>libsysbm.a</file>
         <name>unlink.c.obj</name>
      </input_file>
      <input_file id="fl-104">
         <path>D:\LeStoreDownload\CCS\ti_cgt_arm_llvm_4.0.2.LTS\lib\armv6m-ti-none-eabi\c\</path>
         <kind>archive</kind>
         <file>libsysbm.a</file>
         <name>hostclose.c.obj</name>
      </input_file>
      <input_file id="fl-105">
         <path>D:\LeStoreDownload\CCS\ti_cgt_arm_llvm_4.0.2.LTS\lib\armv6m-ti-none-eabi\c\</path>
         <kind>archive</kind>
         <file>libsysbm.a</file>
         <name>hostlseek.c.obj</name>
      </input_file>
      <input_file id="fl-106">
         <path>D:\LeStoreDownload\CCS\ti_cgt_arm_llvm_4.0.2.LTS\lib\armv6m-ti-none-eabi\c\</path>
         <kind>archive</kind>
         <file>libsysbm.a</file>
         <name>hostopen.c.obj</name>
      </input_file>
      <input_file id="fl-107">
         <path>D:\LeStoreDownload\CCS\ti_cgt_arm_llvm_4.0.2.LTS\lib\armv6m-ti-none-eabi\c\</path>
         <kind>archive</kind>
         <file>libsysbm.a</file>
         <name>hostread.c.obj</name>
      </input_file>
      <input_file id="fl-108">
         <path>D:\LeStoreDownload\CCS\ti_cgt_arm_llvm_4.0.2.LTS\lib\armv6m-ti-none-eabi\c\</path>
         <kind>archive</kind>
         <file>libsysbm.a</file>
         <name>hostrename.c.obj</name>
      </input_file>
      <input_file id="fl-109">
         <path>D:\LeStoreDownload\CCS\ti_cgt_arm_llvm_4.0.2.LTS\lib\armv6m-ti-none-eabi\c\</path>
         <kind>archive</kind>
         <file>libsysbm.a</file>
         <name>hostunlink.c.obj</name>
      </input_file>
      <input_file id="fl-10a">
         <path>D:\LeStoreDownload\CCS\ti_cgt_arm_llvm_4.0.2.LTS\lib\armv6m-ti-none-eabi\c\</path>
         <kind>archive</kind>
         <file>libsysbm.a</file>
         <name>hostwrite.c.obj</name>
      </input_file>
      <input_file id="fl-10b">
         <path>D:\LeStoreDownload\CCS\ti_cgt_arm_llvm_4.0.2.LTS\lib\armv6m-ti-none-eabi\c\</path>
         <kind>archive</kind>
         <file>libsysbm.a</file>
         <name>trgmsg.c.obj</name>
      </input_file>
      <input_file id="fl-10c">
         <path>D:\LeStoreDownload\CCS\ti_cgt_arm_llvm_4.0.2.LTS\lib\armv6m-ti-none-eabi\</path>
         <kind>archive</kind>
         <file>libclang_rt.builtins.a</file>
         <name>adddf3.S.obj</name>
      </input_file>
      <input_file id="fl-10d">
         <path>D:\LeStoreDownload\CCS\ti_cgt_arm_llvm_4.0.2.LTS\lib\armv6m-ti-none-eabi\</path>
         <kind>archive</kind>
         <file>libclang_rt.builtins.a</file>
         <name>muldf3.S.obj</name>
      </input_file>
      <input_file id="fl-10e">
         <path>D:\LeStoreDownload\CCS\ti_cgt_arm_llvm_4.0.2.LTS\lib\armv6m-ti-none-eabi\</path>
         <kind>archive</kind>
         <file>libclang_rt.builtins.a</file>
         <name>muldsi3.S.obj</name>
      </input_file>
      <input_file id="fl-10f">
         <path>D:\LeStoreDownload\CCS\ti_cgt_arm_llvm_4.0.2.LTS\lib\armv6m-ti-none-eabi\</path>
         <kind>archive</kind>
         <file>libclang_rt.builtins.a</file>
         <name>divdf3.S.obj</name>
      </input_file>
      <input_file id="fl-110">
         <path>D:\LeStoreDownload\CCS\ti_cgt_arm_llvm_4.0.2.LTS\lib\armv6m-ti-none-eabi\</path>
         <kind>archive</kind>
         <file>libclang_rt.builtins.a</file>
         <name>fixdfsi.S.obj</name>
      </input_file>
      <input_file id="fl-111">
         <path>D:\LeStoreDownload\CCS\ti_cgt_arm_llvm_4.0.2.LTS\lib\armv6m-ti-none-eabi\</path>
         <kind>archive</kind>
         <file>libclang_rt.builtins.a</file>
         <name>floatsidf.S.obj</name>
      </input_file>
      <input_file id="fl-112">
         <path>D:\LeStoreDownload\CCS\ti_cgt_arm_llvm_4.0.2.LTS\lib\armv6m-ti-none-eabi\</path>
         <kind>archive</kind>
         <file>libclang_rt.builtins.a</file>
         <name>muldi3.S.obj</name>
      </input_file>
      <input_file id="fl-113">
         <path>D:\LeStoreDownload\CCS\ti_cgt_arm_llvm_4.0.2.LTS\lib\armv6m-ti-none-eabi\</path>
         <kind>archive</kind>
         <file>libclang_rt.builtins.a</file>
         <name>aeabi_dcmp.S.obj</name>
      </input_file>
      <input_file id="fl-114">
         <path>D:\LeStoreDownload\CCS\ti_cgt_arm_llvm_4.0.2.LTS\lib\armv6m-ti-none-eabi\</path>
         <kind>archive</kind>
         <file>libclang_rt.builtins.a</file>
         <name>aeabi_idivmod.S.obj</name>
      </input_file>
      <input_file id="fl-115">
         <path>D:\LeStoreDownload\CCS\ti_cgt_arm_llvm_4.0.2.LTS\lib\armv6m-ti-none-eabi\</path>
         <kind>archive</kind>
         <file>libclang_rt.builtins.a</file>
         <name>aeabi_memcpy.S.obj</name>
      </input_file>
      <input_file id="fl-116">
         <path>D:\LeStoreDownload\CCS\ti_cgt_arm_llvm_4.0.2.LTS\lib\armv6m-ti-none-eabi\</path>
         <kind>archive</kind>
         <file>libclang_rt.builtins.a</file>
         <name>aeabi_memset.S.obj</name>
      </input_file>
      <input_file id="fl-117">
         <path>D:\LeStoreDownload\CCS\ti_cgt_arm_llvm_4.0.2.LTS\lib\armv6m-ti-none-eabi\</path>
         <kind>archive</kind>
         <file>libclang_rt.builtins.a</file>
         <name>aeabi_uidivmod.S.obj</name>
      </input_file>
      <input_file id="fl-118">
         <path>D:\LeStoreDownload\CCS\ti_cgt_arm_llvm_4.0.2.LTS\lib\armv6m-ti-none-eabi\</path>
         <kind>archive</kind>
         <file>libclang_rt.builtins.a</file>
         <name>aeabi_uldivmod.S.obj</name>
      </input_file>
      <input_file id="fl-119">
         <path>D:\LeStoreDownload\CCS\ti_cgt_arm_llvm_4.0.2.LTS\lib\armv6m-ti-none-eabi\</path>
         <kind>archive</kind>
         <file>libclang_rt.builtins.a</file>
         <name>udivmoddi4.S.obj</name>
      </input_file>
      <input_file id="fl-11a">
         <path>D:\LeStoreDownload\CCS\ti_cgt_arm_llvm_4.0.2.LTS\lib\armv6m-ti-none-eabi\</path>
         <kind>archive</kind>
         <file>libclang_rt.builtins.a</file>
         <name>ashldi3.S.obj</name>
      </input_file>
      <input_file id="fl-11b">
         <path>D:\LeStoreDownload\CCS\ti_cgt_arm_llvm_4.0.2.LTS\lib\armv6m-ti-none-eabi\</path>
         <kind>archive</kind>
         <file>libclang_rt.builtins.a</file>
         <name>comparedf2.c.obj</name>
      </input_file>
      <input_file id="fl-11c">
         <path>D:\LeStoreDownload\CCS\ti_cgt_arm_llvm_4.0.2.LTS\lib\armv6m-ti-none-eabi\</path>
         <kind>archive</kind>
         <file>libclang_rt.builtins.a</file>
         <name>aeabi_div0.c.obj</name>
      </input_file>
      <input_file id="fl-11d">
         <path>D:\LeStoreDownload\CCS\ti_cgt_arm_llvm_4.0.2.LTS\lib\armv6m-ti-none-eabi\c\</path>
         <kind>archive</kind>
         <file>libc.a</file>
         <name>getdevice.c.obj</name>
      </input_file>
      <input_file id="fl-11e">
         <path>D:\LeStoreDownload\CCS\ti_cgt_arm_llvm_4.0.2.LTS\lib\armv6m-ti-none-eabi\c\</path>
         <kind>archive</kind>
         <file>libc.a</file>
         <name>memcpy16.S.obj</name>
      </input_file>
      <input_file id="fl-11f">
         <path>D:\LeStoreDownload\CCS\ti_cgt_arm_llvm_4.0.2.LTS\lib\armv6m-ti-none-eabi\c\</path>
         <kind>archive</kind>
         <file>libc.a</file>
         <name>memset16.S.obj</name>
      </input_file>
      <input_file id="fl-120">
         <path>D:\LeStoreDownload\CCS\ti_cgt_arm_llvm_4.0.2.LTS\lib\armv6m-ti-none-eabi\c\</path>
         <kind>archive</kind>
         <file>libc.a</file>
         <name>strcmp-armv6m.S.obj</name>
      </input_file>
   </input_file_list>
   <object_component_list>
      <object_component id="oc-18">
         <name>.intvecs</name>
         <load_address>0x0</load_address>
         <readonly>true</readonly>
         <run_address>0x0</run_address>
         <size>0xc0</size>
         <alignment>0x4</alignment>
         <input_file_ref idref="fl-2"/>
      </object_component>
      <object_component id="oc-171">
         <name>.text.OLED_WriteCommand</name>
         <load_address>0xc0</load_address>
         <readonly>true</readonly>
         <executable>true</executable>
         <run_address>0xc0</run_address>
         <size>0x374</size>
         <alignment>0x4</alignment>
         <input_file_ref idref="fl-8"/>
      </object_component>
      <object_component id="oc-172">
         <name>.text.OLED_WriteData</name>
         <load_address>0x434</load_address>
         <readonly>true</readonly>
         <executable>true</executable>
         <run_address>0x434</run_address>
         <size>0x364</size>
         <alignment>0x4</alignment>
         <input_file_ref idref="fl-8"/>
      </object_component>
      <object_component id="oc-175">
         <name>.text.OLED_ShowSignedNum</name>
         <load_address>0x798</load_address>
         <readonly>true</readonly>
         <executable>true</executable>
         <run_address>0x798</run_address>
         <size>0x330</size>
         <alignment>0x2</alignment>
         <input_file_ref idref="fl-8"/>
      </object_component>
      <object_component id="oc-178">
         <name>.text.OLED_ShowNum</name>
         <load_address>0xac8</load_address>
         <readonly>true</readonly>
         <executable>true</executable>
         <run_address>0xac8</run_address>
         <size>0x2f6</size>
         <alignment>0x2</alignment>
         <input_file_ref idref="fl-8"/>
      </object_component>
      <object_component id="oc-17a">
         <name>.text.OLED_ShowHexNum</name>
         <load_address>0xdbe</load_address>
         <readonly>true</readonly>
         <executable>true</executable>
         <run_address>0xdbe</run_address>
         <size>0x2ea</size>
         <alignment>0x2</alignment>
         <input_file_ref idref="fl-8"/>
      </object_component>
      <object_component id="oc-12f">
         <name>.text.SYSCFG_DL_SYSCTL_SYSPLL_init</name>
         <load_address>0x10a8</load_address>
         <readonly>true</readonly>
         <executable>true</executable>
         <run_address>0x10a8</run_address>
         <size>0x2a8</size>
         <alignment>0x4</alignment>
         <input_file_ref idref="fl-1"/>
      </object_component>
      <object_component id="oc-17b">
         <name>.text.OLED_ShowBinNum</name>
         <load_address>0x1350</load_address>
         <readonly>true</readonly>
         <executable>true</executable>
         <run_address>0x1350</run_address>
         <size>0x2a6</size>
         <alignment>0x2</alignment>
         <input_file_ref idref="fl-8"/>
      </object_component>
      <object_component id="oc-3e">
         <name>.text.Default_Handler</name>
         <load_address>0x15f6</load_address>
         <readonly>true</readonly>
         <executable>true</executable>
         <run_address>0x15f6</run_address>
         <size>0x2</size>
         <alignment>0x2</alignment>
         <input_file_ref idref="fl-2"/>
      </object_component>
      <object_component id="oc-157">
         <name>.text.pvPortMalloc</name>
         <load_address>0x15f8</load_address>
         <readonly>true</readonly>
         <executable>true</executable>
         <run_address>0x15f8</run_address>
         <size>0x294</size>
         <alignment>0x4</alignment>
         <input_file_ref idref="fl-20"/>
      </object_component>
      <object_component id="oc-f9">
         <name>.text.OLED_Init</name>
         <load_address>0x188c</load_address>
         <readonly>true</readonly>
         <executable>true</executable>
         <run_address>0x188c</run_address>
         <size>0x260</size>
         <alignment>0x4</alignment>
         <input_file_ref idref="fl-8"/>
      </object_component>
      <object_component id="oc-79">
         <name>.text.xTaskIncrementTick</name>
         <load_address>0x1aec</load_address>
         <readonly>true</readonly>
         <executable>true</executable>
         <run_address>0x1aec</run_address>
         <size>0x210</size>
         <alignment>0x4</alignment>
         <input_file_ref idref="fl-1a"/>
      </object_component>
      <object_component id="oc-1b1">
         <name>.text.xTaskResumeAll</name>
         <load_address>0x1cfc</load_address>
         <readonly>true</readonly>
         <executable>true</executable>
         <run_address>0x1cfc</run_address>
         <size>0x1f8</size>
         <alignment>0x4</alignment>
         <input_file_ref idref="fl-1a"/>
      </object_component>
      <object_component id="oc-ef">
         <name>.text.vTaskKeyScan</name>
         <load_address>0x1ef4</load_address>
         <readonly>true</readonly>
         <executable>true</executable>
         <run_address>0x1ef4</run_address>
         <size>0x1d4</size>
         <alignment>0x4</alignment>
         <input_file_ref idref="fl-6"/>
      </object_component>
      <object_component id="oc-168">
         <name>.text.xQueueGenericSend</name>
         <load_address>0x20c8</load_address>
         <readonly>true</readonly>
         <executable>true</executable>
         <run_address>0x20c8</run_address>
         <size>0x1d2</size>
         <alignment>0x2</alignment>
         <input_file_ref idref="fl-19"/>
      </object_component>
      <object_component id="oc-176">
         <name>.text.OLED_Clear</name>
         <load_address>0x229a</load_address>
         <readonly>true</readonly>
         <executable>true</executable>
         <run_address>0x229a</run_address>
         <size>0x1bc</size>
         <alignment>0x2</alignment>
         <input_file_ref idref="fl-8"/>
      </object_component>
      <object_component id="oc-16f">
         <name>.text.xQueueReceive</name>
         <load_address>0x2456</load_address>
         <readonly>true</readonly>
         <executable>true</executable>
         <run_address>0x2456</run_address>
         <size>0x1a4</size>
         <alignment>0x2</alignment>
         <input_file_ref idref="fl-19"/>
      </object_component>
      <object_component id="oc-1a9">
         <name>.text.__aeabi_idiv0</name>
         <load_address>0x25fa</load_address>
         <readonly>true</readonly>
         <executable>true</executable>
         <run_address>0x25fa</run_address>
         <size>0x2</size>
         <alignment>0x2</alignment>
         <input_file_ref idref="fl-11c"/>
      </object_component>
      <object_component id="oc-1c6">
         <name>.text.xTaskRemoveFromEventList</name>
         <load_address>0x25fc</load_address>
         <readonly>true</readonly>
         <executable>true</executable>
         <run_address>0x25fc</run_address>
         <size>0x18c</size>
         <alignment>0x4</alignment>
         <input_file_ref idref="fl-1a"/>
      </object_component>
      <object_component id="oc-1e5">
         <name>.text.prvProcessReceivedCommands</name>
         <load_address>0x2788</load_address>
         <readonly>true</readonly>
         <executable>true</executable>
         <run_address>0x2788</run_address>
         <size>0x15c</size>
         <alignment>0x4</alignment>
         <input_file_ref idref="fl-1b"/>
      </object_component>
      <object_component id="oc-160">
         <name>.text.prvAddNewTaskToReadyList</name>
         <load_address>0x28e4</load_address>
         <readonly>true</readonly>
         <executable>true</executable>
         <run_address>0x28e4</run_address>
         <size>0x128</size>
         <alignment>0x4</alignment>
         <input_file_ref idref="fl-1a"/>
      </object_component>
      <object_component id="oc-165">
         <name>.text.Oled_Queue_ShowString</name>
         <load_address>0x2a0c</load_address>
         <readonly>true</readonly>
         <executable>true</executable>
         <run_address>0x2a0c</run_address>
         <size>0x114</size>
         <alignment>0x4</alignment>
         <input_file_ref idref="fl-9"/>
      </object_component>
      <object_component id="oc-1ee">
         <name>.text.pxPortInitialiseStack</name>
         <load_address>0x2b20</load_address>
         <readonly>true</readonly>
         <executable>true</executable>
         <run_address>0x2b20</run_address>
         <size>0x114</size>
         <alignment>0x4</alignment>
         <input_file_ref idref="fl-1c"/>
      </object_component>
      <object_component id="oc-1ea">
         <name>.text.prvInsertBlockIntoFreeList</name>
         <load_address>0x2c34</load_address>
         <readonly>true</readonly>
         <executable>true</executable>
         <run_address>0x2c34</run_address>
         <size>0x10c</size>
         <alignment>0x4</alignment>
         <input_file_ref idref="fl-20"/>
      </object_component>
      <object_component id="oc-1c">
         <name>.text.vTaskSwitchContext</name>
         <load_address>0x2d40</load_address>
         <readonly>true</readonly>
         <executable>true</executable>
         <run_address>0x2d40</run_address>
         <size>0x10c</size>
         <alignment>0x4</alignment>
         <input_file_ref idref="fl-1a"/>
      </object_component>
      <object_component id="oc-1f5">
         <name>.text.xTaskPriorityDisinherit</name>
         <load_address>0x2e4c</load_address>
         <readonly>true</readonly>
         <executable>true</executable>
         <run_address>0x2e4c</run_address>
         <size>0x108</size>
         <alignment>0x4</alignment>
         <input_file_ref idref="fl-1a"/>
      </object_component>
      <object_component id="oc-138">
         <name>.text.DL_Timer_initFourCCPWMMode</name>
         <load_address>0x2f54</load_address>
         <readonly>true</readonly>
         <executable>true</executable>
         <run_address>0x2f54</run_address>
         <size>0x104</size>
         <alignment>0x4</alignment>
         <input_file_ref idref="fl-24"/>
      </object_component>
      <object_component id="oc-1bc">
         <name>.text.prvInitialiseNewTask</name>
         <load_address>0x3058</load_address>
         <readonly>true</readonly>
         <executable>true</executable>
         <run_address>0x3058</run_address>
         <size>0x104</size>
         <alignment>0x2</alignment>
         <input_file_ref idref="fl-1a"/>
      </object_component>
      <object_component id="oc-140">
         <name>.text.DL_Timer_initTimerMode</name>
         <load_address>0x315c</load_address>
         <readonly>true</readonly>
         <executable>true</executable>
         <run_address>0x315c</run_address>
         <size>0xfc</size>
         <alignment>0x4</alignment>
         <input_file_ref idref="fl-24"/>
      </object_component>
      <object_component id="oc-1bb">
         <name>.text.vPortFree</name>
         <load_address>0x3258</load_address>
         <readonly>true</readonly>
         <executable>true</executable>
         <run_address>0x3258</run_address>
         <size>0xf8</size>
         <alignment>0x4</alignment>
         <input_file_ref idref="fl-20"/>
      </object_component>
      <object_component id="oc-1c3">
         <name>.text.prvAddCurrentTaskToDelayedList</name>
         <load_address>0x3350</load_address>
         <readonly>true</readonly>
         <executable>true</executable>
         <run_address>0x3350</run_address>
         <size>0xe4</size>
         <alignment>0x4</alignment>
         <input_file_ref idref="fl-1a"/>
      </object_component>
      <object_component id="oc-1ba">
         <name>.text.xQueueGenericReset</name>
         <load_address>0x3434</load_address>
         <readonly>true</readonly>
         <executable>true</executable>
         <run_address>0x3434</run_address>
         <size>0xe4</size>
         <alignment>0x2</alignment>
         <input_file_ref idref="fl-19"/>
      </object_component>
      <object_component id="oc-129">
         <name>.text.DL_SYSCTL_configSYSPLL</name>
         <load_address>0x3518</load_address>
         <readonly>true</readonly>
         <executable>true</executable>
         <run_address>0x3518</run_address>
         <size>0xdc</size>
         <alignment>0x4</alignment>
         <input_file_ref idref="fl-26"/>
      </object_component>
      <object_component id="oc-164">
         <name>.text.xTaskDelayUntil</name>
         <load_address>0x35f4</load_address>
         <readonly>true</readonly>
         <executable>true</executable>
         <run_address>0x35f4</run_address>
         <size>0xdc</size>
         <alignment>0x4</alignment>
         <input_file_ref idref="fl-1a"/>
      </object_component>
      <object_component id="oc-1c5">
         <name>.text.prvCopyDataToQueue</name>
         <load_address>0x36d0</load_address>
         <readonly>true</readonly>
         <executable>true</executable>
         <run_address>0x36d0</run_address>
         <size>0xd4</size>
         <alignment>0x2</alignment>
         <input_file_ref idref="fl-19"/>
      </object_component>
      <object_component id="oc-10b">
         <name>.text.prvCreateIdleTasks</name>
         <load_address>0x37a4</load_address>
         <readonly>true</readonly>
         <executable>true</executable>
         <run_address>0x37a4</run_address>
         <size>0xcc</size>
         <alignment>0x4</alignment>
         <input_file_ref idref="fl-1a"/>
      </object_component>
      <object_component id="oc-179">
         <name>.text.OLED_ShowChar</name>
         <load_address>0x3870</load_address>
         <readonly>true</readonly>
         <executable>true</executable>
         <run_address>0x3870</run_address>
         <size>0xc4</size>
         <alignment>0x4</alignment>
         <input_file_ref idref="fl-8"/>
      </object_component>
      <object_component id="oc-1cb">
         <name>.text.prvUnlockQueue</name>
         <load_address>0x3934</load_address>
         <readonly>true</readonly>
         <executable>true</executable>
         <run_address>0x3934</run_address>
         <size>0xb6</size>
         <alignment>0x2</alignment>
         <input_file_ref idref="fl-19"/>
      </object_component>
      <object_component id="oc-1c8">
         <name>.text.xTaskCheckForTimeOut</name>
         <load_address>0x39ec</load_address>
         <readonly>true</readonly>
         <executable>true</executable>
         <run_address>0x39ec</run_address>
         <size>0xb4</size>
         <alignment>0x4</alignment>
         <input_file_ref idref="fl-1a"/>
      </object_component>
      <object_component id="oc-dc">
         <name>.text.SYSCFG_DL_SYSCTL_init</name>
         <load_address>0x3aa0</load_address>
         <readonly>true</readonly>
         <executable>true</executable>
         <run_address>0x3aa0</run_address>
         <size>0xac</size>
         <alignment>0x4</alignment>
         <input_file_ref idref="fl-1"/>
      </object_component>
      <object_component id="oc-db">
         <name>.text.SYSCFG_DL_GPIO_init</name>
         <load_address>0x3b4c</load_address>
         <readonly>true</readonly>
         <executable>true</executable>
         <run_address>0x3b4c</run_address>
         <size>0xa8</size>
         <alignment>0x4</alignment>
         <input_file_ref idref="fl-1"/>
      </object_component>
      <object_component id="oc-100">
         <name>.text.vTaskOledDisplay</name>
         <load_address>0x3bf4</load_address>
         <readonly>true</readonly>
         <executable>true</executable>
         <run_address>0x3bf4</run_address>
         <size>0xa4</size>
         <alignment>0x4</alignment>
         <input_file_ref idref="fl-9"/>
      </object_component>
      <object_component id="oc-1b0">
         <name>.text.prvHeapInit</name>
         <load_address>0x3c98</load_address>
         <readonly>true</readonly>
         <executable>true</executable>
         <run_address>0x3c98</run_address>
         <size>0xa0</size>
         <alignment>0x4</alignment>
         <input_file_ref idref="fl-20"/>
      </object_component>
      <object_component id="oc-1da">
         <name>.text.xQueueGenericCreateStatic</name>
         <load_address>0x3d38</load_address>
         <readonly>true</readonly>
         <executable>true</executable>
         <run_address>0x3d38</run_address>
         <size>0xa0</size>
         <alignment>0x2</alignment>
         <input_file_ref idref="fl-19"/>
      </object_component>
      <object_component id="oc-a1">
         <name>.text:memcpy</name>
         <load_address>0x3dd8</load_address>
         <readonly>true</readonly>
         <executable>true</executable>
         <run_address>0x3dd8</run_address>
         <size>0x9a</size>
         <alignment>0x1</alignment>
         <input_file_ref idref="fl-11e"/>
      </object_component>
      <object_component id="oc-1d3">
         <name>.text.prvCreateStaticTask</name>
         <load_address>0x3e72</load_address>
         <readonly>true</readonly>
         <executable>true</executable>
         <run_address>0x3e72</run_address>
         <size>0x98</size>
         <alignment>0x2</alignment>
         <input_file_ref idref="fl-1a"/>
      </object_component>
      <object_component id="oc-e7">
         <name>.text.xQueueGenericCreate</name>
         <load_address>0x3f0a</load_address>
         <readonly>true</readonly>
         <executable>true</executable>
         <run_address>0x3f0a</run_address>
         <size>0x94</size>
         <alignment>0x2</alignment>
         <input_file_ref idref="fl-19"/>
      </object_component>
      <object_component id="oc-1e4">
         <name>.text.prvProcessTimerOrBlockTask</name>
         <load_address>0x3fa0</load_address>
         <readonly>true</readonly>
         <executable>true</executable>
         <run_address>0x3fa0</run_address>
         <size>0x8c</size>
         <alignment>0x4</alignment>
         <input_file_ref idref="fl-1b"/>
      </object_component>
      <object_component id="oc-15f">
         <name>.text.prvCreateTask</name>
         <load_address>0x402c</load_address>
         <readonly>true</readonly>
         <executable>true</executable>
         <run_address>0x402c</run_address>
         <size>0x84</size>
         <alignment>0x2</alignment>
         <input_file_ref idref="fl-1a"/>
      </object_component>
      <object_component id="oc-1fe">
         <name>.text.prvInsertTimerInActiveList</name>
         <load_address>0x40b0</load_address>
         <readonly>true</readonly>
         <executable>true</executable>
         <run_address>0x40b0</run_address>
         <size>0x84</size>
         <alignment>0x4</alignment>
         <input_file_ref idref="fl-1b"/>
      </object_component>
      <object_component id="oc-111">
         <name>.text.xPortStartScheduler</name>
         <load_address>0x4134</load_address>
         <readonly>true</readonly>
         <executable>true</executable>
         <run_address>0x4134</run_address>
         <size>0x80</size>
         <alignment>0x4</alignment>
         <input_file_ref idref="fl-1c"/>
      </object_component>
      <object_component id="oc-1be">
         <name>.text.prvInitialiseTaskLists</name>
         <load_address>0x41b4</load_address>
         <readonly>true</readonly>
         <executable>true</executable>
         <run_address>0x41b4</run_address>
         <size>0x7c</size>
         <alignment>0x4</alignment>
         <input_file_ref idref="fl-1a"/>
      </object_component>
      <object_component id="oc-10c">
         <name>.text.xTimerCreateTimerTask</name>
         <load_address>0x4230</load_address>
         <readonly>true</readonly>
         <executable>true</executable>
         <run_address>0x4230</run_address>
         <size>0x7c</size>
         <alignment>0x4</alignment>
         <input_file_ref idref="fl-1b"/>
      </object_component>
      <object_component id="oc-27">
         <name>.text:decompress:lzss</name>
         <load_address>0x42ac</load_address>
         <readonly>true</readonly>
         <executable>true</executable>
         <run_address>0x42ac</run_address>
         <size>0x7c</size>
         <alignment>0x4</alignment>
         <input_file_ref idref="fl-45"/>
      </object_component>
      <object_component id="oc-de">
         <name>.text.SYSCFG_DL_PWM_0_init</name>
         <load_address>0x4328</load_address>
         <readonly>true</readonly>
         <executable>true</executable>
         <run_address>0x4328</run_address>
         <size>0x74</size>
         <alignment>0x4</alignment>
         <input_file_ref idref="fl-1"/>
      </object_component>
      <object_component id="oc-df">
         <name>.text.SYSCFG_DL_PWM_1_init</name>
         <load_address>0x439c</load_address>
         <readonly>true</readonly>
         <executable>true</executable>
         <run_address>0x439c</run_address>
         <size>0x74</size>
         <alignment>0x4</alignment>
         <input_file_ref idref="fl-1"/>
      </object_component>
      <object_component id="oc-202">
         <name>.text.vTaskPlaceOnEventListRestricted</name>
         <load_address>0x4410</load_address>
         <readonly>true</readonly>
         <executable>true</executable>
         <run_address>0x4410</run_address>
         <size>0x74</size>
         <alignment>0x4</alignment>
         <input_file_ref idref="fl-1a"/>
      </object_component>
      <object_component id="oc-186">
         <name>.text.prvCheckForValidListAndQueue</name>
         <load_address>0x4484</load_address>
         <readonly>true</readonly>
         <executable>true</executable>
         <run_address>0x4484</run_address>
         <size>0x6c</size>
         <alignment>0x4</alignment>
         <input_file_ref idref="fl-1b"/>
      </object_component>
      <object_component id="oc-1f4">
         <name>.text.vListInsert</name>
         <load_address>0x44f0</load_address>
         <readonly>true</readonly>
         <executable>true</executable>
         <run_address>0x44f0</run_address>
         <size>0x6c</size>
         <alignment>0x2</alignment>
         <input_file_ref idref="fl-21"/>
      </object_component>
      <object_component id="oc-1fd">
         <name>.text.vQueueWaitForMessageRestricted</name>
         <load_address>0x455c</load_address>
         <readonly>true</readonly>
         <executable>true</executable>
         <run_address>0x455c</run_address>
         <size>0x6a</size>
         <alignment>0x2</alignment>
         <input_file_ref idref="fl-19"/>
      </object_component>
      <object_component id="oc-b9">
         <name>.text.vTaskStartScheduler</name>
         <load_address>0x45c8</load_address>
         <readonly>true</readonly>
         <executable>true</executable>
         <run_address>0x45c8</run_address>
         <size>0x68</size>
         <alignment>0x4</alignment>
         <input_file_ref idref="fl-1a"/>
      </object_component>
      <object_component id="oc-d9">
         <name>.text:memset</name>
         <load_address>0x4630</load_address>
         <readonly>true</readonly>
         <executable>true</executable>
         <run_address>0x4630</run_address>
         <size>0x62</size>
         <alignment>0x1</alignment>
         <input_file_ref idref="fl-11f"/>
      </object_component>
      <object_component id="oc-e1">
         <name>.text.SYSCFG_DL_UART_0_init</name>
         <load_address>0x4694</load_address>
         <readonly>true</readonly>
         <executable>true</executable>
         <run_address>0x4694</run_address>
         <size>0x60</size>
         <alignment>0x4</alignment>
         <input_file_ref idref="fl-1"/>
      </object_component>
      <object_component id="oc-da">
         <name>.text.SYSCFG_DL_initPower</name>
         <load_address>0x46f4</load_address>
         <readonly>true</readonly>
         <executable>true</executable>
         <run_address>0x46f4</run_address>
         <size>0x60</size>
         <alignment>0x4</alignment>
         <input_file_ref idref="fl-1"/>
      </object_component>
      <object_component id="oc-ab">
         <name>.text.Key_FreeRTOS_Init</name>
         <load_address>0x4754</load_address>
         <readonly>true</readonly>
         <executable>true</executable>
         <run_address>0x4754</run_address>
         <size>0x5c</size>
         <alignment>0x4</alignment>
         <input_file_ref idref="fl-7"/>
      </object_component>
      <object_component id="oc-106">
         <name>.text.vTaskUartPrint</name>
         <load_address>0x47b0</load_address>
         <readonly>true</readonly>
         <executable>true</executable>
         <run_address>0x47b0</run_address>
         <size>0x5c</size>
         <alignment>0x4</alignment>
         <input_file_ref idref="fl-a"/>
      </object_component>
      <object_component id="oc-177">
         <name>.text.OLED_ShowString</name>
         <load_address>0x480c</load_address>
         <readonly>true</readonly>
         <executable>true</executable>
         <run_address>0x480c</run_address>
         <size>0x54</size>
         <alignment>0x2</alignment>
         <input_file_ref idref="fl-8"/>
      </object_component>
      <object_component id="oc-1d4">
         <name>.text.prvCheckTasksWaitingTermination</name>
         <load_address>0x4860</load_address>
         <readonly>true</readonly>
         <executable>true</executable>
         <run_address>0x4860</run_address>
         <size>0x50</size>
         <alignment>0x4</alignment>
         <input_file_ref idref="fl-1a"/>
      </object_component>
      <object_component id="oc-1f7">
         <name>.text.prvDeleteTCB</name>
         <load_address>0x48b0</load_address>
         <readonly>true</readonly>
         <executable>true</executable>
         <run_address>0x48b0</run_address>
         <size>0x50</size>
         <alignment>0x2</alignment>
         <input_file_ref idref="fl-1a"/>
      </object_component>
      <object_component id="oc-1fc">
         <name>.text.prvProcessExpiredTimer</name>
         <load_address>0x4900</load_address>
         <readonly>true</readonly>
         <executable>true</executable>
         <run_address>0x4900</run_address>
         <size>0x50</size>
         <alignment>0x4</alignment>
         <input_file_ref idref="fl-1b"/>
      </object_component>
      <object_component id="oc-f5">
         <name>.text.vTaskKeyLogic</name>
         <load_address>0x4950</load_address>
         <readonly>true</readonly>
         <executable>true</executable>
         <run_address>0x4950</run_address>
         <size>0x50</size>
         <alignment>0x4</alignment>
         <input_file_ref idref="fl-6"/>
      </object_component>
      <object_component id="oc-182">
         <name>.text.xTaskCreateStatic</name>
         <load_address>0x49a0</load_address>
         <readonly>true</readonly>
         <executable>true</executable>
         <run_address>0x49a0</run_address>
         <size>0x4c</size>
         <alignment>0x2</alignment>
         <input_file_ref idref="fl-1a"/>
      </object_component>
      <object_component id="oc-149">
         <name>.text.DL_UART_init</name>
         <load_address>0x49ec</load_address>
         <readonly>true</readonly>
         <executable>true</executable>
         <run_address>0x49ec</run_address>
         <size>0x48</size>
         <alignment>0x4</alignment>
         <input_file_ref idref="fl-25"/>
      </object_component>
      <object_component id="oc-1f3">
         <name>.text.uxListRemove</name>
         <load_address>0x4a34</load_address>
         <readonly>true</readonly>
         <executable>true</executable>
         <run_address>0x4a34</run_address>
         <size>0x48</size>
         <alignment>0x2</alignment>
         <input_file_ref idref="fl-21"/>
      </object_component>
      <object_component id="oc-ec">
         <name>.text.xTaskCreate</name>
         <load_address>0x4a7c</load_address>
         <readonly>true</readonly>
         <executable>true</executable>
         <run_address>0x4a7c</run_address>
         <size>0x48</size>
         <alignment>0x2</alignment>
         <input_file_ref idref="fl-1a"/>
      </object_component>
      <object_component id="oc-15c">
         <name>.text.prvInitialiseNewQueue</name>
         <load_address>0x4ac4</load_address>
         <readonly>true</readonly>
         <executable>true</executable>
         <run_address>0x4ac4</run_address>
         <size>0x46</size>
         <alignment>0x2</alignment>
         <input_file_ref idref="fl-19"/>
      </object_component>
      <object_component id="oc-130">
         <name>.text.DL_SYSCTL_switchMCLKfromSYSOSCtoHSCLK</name>
         <load_address>0x4b0c</load_address>
         <readonly>true</readonly>
         <executable>true</executable>
         <run_address>0x4b0c</run_address>
         <size>0x44</size>
         <alignment>0x4</alignment>
         <input_file_ref idref="fl-26"/>
      </object_component>
      <object_component id="oc-af">
         <name>.text.Oled_FreeRTOS_Init</name>
         <load_address>0x4b50</load_address>
         <readonly>true</readonly>
         <executable>true</executable>
         <run_address>0x4b50</run_address>
         <size>0x44</size>
         <alignment>0x4</alignment>
         <input_file_ref idref="fl-9"/>
      </object_component>
      <object_component id="oc-81">
         <name>.text.__aeabi_memclr</name>
         <load_address>0x4b94</load_address>
         <readonly>true</readonly>
         <executable>true</executable>
         <run_address>0x4b94</run_address>
         <size>0xc</size>
         <alignment>0x4</alignment>
         <input_file_ref idref="fl-116"/>
      </object_component>
      <object_component id="oc-44">
         <name>.text.PendSV_Handler</name>
         <load_address>0x4ba0</load_address>
         <readonly>true</readonly>
         <executable>true</executable>
         <run_address>0x4ba0</run_address>
         <size>0x44</size>
         <alignment>0x10</alignment>
         <input_file_ref idref="fl-1d"/>
      </object_component>
      <object_component id="oc-1cc">
         <name>.text.prvCopyDataFromQueue</name>
         <load_address>0x4be4</load_address>
         <readonly>true</readonly>
         <executable>true</executable>
         <run_address>0x4be4</run_address>
         <size>0x44</size>
         <alignment>0x2</alignment>
         <input_file_ref idref="fl-19"/>
      </object_component>
      <object_component id="oc-200">
         <name>.text.prvSwitchTimerLists</name>
         <load_address>0x4c28</load_address>
         <readonly>true</readonly>
         <executable>true</executable>
         <run_address>0x4c28</run_address>
         <size>0x44</size>
         <alignment>0x4</alignment>
         <input_file_ref idref="fl-1b"/>
      </object_component>
      <object_component id="oc-14c">
         <name>.text.DL_ADC12_setClockConfig</name>
         <load_address>0x4c6c</load_address>
         <readonly>true</readonly>
         <executable>true</executable>
         <run_address>0x4c6c</run_address>
         <size>0x40</size>
         <alignment>0x4</alignment>
         <input_file_ref idref="fl-22"/>
      </object_component>
      <object_component id="oc-b4">
         <name>.text.Uart_FreeRTOS_Init</name>
         <load_address>0x4cac</load_address>
         <readonly>true</readonly>
         <executable>true</executable>
         <run_address>0x4cac</run_address>
         <size>0x40</size>
         <alignment>0x4</alignment>
         <input_file_ref idref="fl-a"/>
      </object_component>
      <object_component id="oc-153">
         <name>.text.__aeabi_uidivmod</name>
         <load_address>0x4cec</load_address>
         <readonly>true</readonly>
         <executable>true</executable>
         <run_address>0x4cec</run_address>
         <size>0x40</size>
         <alignment>0x4</alignment>
         <input_file_ref idref="fl-117"/>
      </object_component>
      <object_component id="oc-a6">
         <name>.text.SYSCFG_DL_init</name>
         <load_address>0x4d2c</load_address>
         <readonly>true</readonly>
         <executable>true</executable>
         <run_address>0x4d2c</run_address>
         <size>0x3c</size>
         <alignment>0x4</alignment>
         <input_file_ref idref="fl-1"/>
      </object_component>
      <object_component id="oc-1fb">
         <name>.text.prvSampleTimeNow</name>
         <load_address>0x4d68</load_address>
         <readonly>true</readonly>
         <executable>true</executable>
         <run_address>0x4d68</run_address>
         <size>0x3c</size>
         <alignment>0x4</alignment>
         <input_file_ref idref="fl-1b"/>
      </object_component>
      <object_component id="oc-c1">
         <name>.text:__TI_auto_init_nobinit_nopinit</name>
         <load_address>0x4da4</load_address>
         <readonly>true</readonly>
         <executable>true</executable>
         <run_address>0x4da4</run_address>
         <size>0x3c</size>
         <alignment>0x4</alignment>
         <input_file_ref idref="fl-40"/>
      </object_component>
      <object_component id="oc-1e3">
         <name>.text.prvGetNextExpireTime</name>
         <load_address>0x4de0</load_address>
         <readonly>true</readonly>
         <executable>true</executable>
         <run_address>0x4de0</run_address>
         <size>0x38</size>
         <alignment>0x4</alignment>
         <input_file_ref idref="fl-1b"/>
      </object_component>
      <object_component id="oc-1c4">
         <name>.text.xTaskGetSchedulerState</name>
         <load_address>0x4e18</load_address>
         <readonly>true</readonly>
         <executable>true</executable>
         <run_address>0x4e18</run_address>
         <size>0x38</size>
         <alignment>0x4</alignment>
         <input_file_ref idref="fl-1a"/>
      </object_component>
      <object_component id="oc-1ff">
         <name>.text.prvReloadTimer</name>
         <load_address>0x4e50</load_address>
         <readonly>true</readonly>
         <executable>true</executable>
         <run_address>0x4e50</run_address>
         <size>0x36</size>
         <alignment>0x2</alignment>
         <input_file_ref idref="fl-1b"/>
      </object_component>
      <object_component id="oc-1ca">
         <name>.text.vTaskPlaceOnEventList</name>
         <load_address>0x4e88</load_address>
         <readonly>true</readonly>
         <executable>true</executable>
         <run_address>0x4e88</run_address>
         <size>0x34</size>
         <alignment>0x4</alignment>
         <input_file_ref idref="fl-1a"/>
      </object_component>
      <object_component id="oc-17c">
         <name>.text.DL_UART_transmitDataBlocking</name>
         <load_address>0x4ebc</load_address>
         <readonly>true</readonly>
         <executable>true</executable>
         <run_address>0x4ebc</run_address>
         <size>0x30</size>
         <alignment>0x4</alignment>
         <input_file_ref idref="fl-25"/>
      </object_component>
      <object_component id="oc-45">
         <name>.text.SysTick_Handler</name>
         <load_address>0x4eec</load_address>
         <readonly>true</readonly>
         <executable>true</executable>
         <run_address>0x4eec</run_address>
         <size>0x30</size>
         <alignment>0x4</alignment>
         <input_file_ref idref="fl-1c"/>
      </object_component>
      <object_component id="oc-95">
         <name>.text.prvResetNextTaskUnblockTime</name>
         <load_address>0x4f1c</load_address>
         <readonly>true</readonly>
         <executable>true</executable>
         <run_address>0x4f1c</run_address>
         <size>0x30</size>
         <alignment>0x4</alignment>
         <input_file_ref idref="fl-1a"/>
      </object_component>
      <object_component id="oc-190">
         <name>.text.prvTaskExitError</name>
         <load_address>0x4f4c</load_address>
         <readonly>true</readonly>
         <executable>true</executable>
         <run_address>0x4f4c</run_address>
         <size>0x30</size>
         <alignment>0x4</alignment>
         <input_file_ref idref="fl-1c"/>
      </object_component>
      <object_component id="oc-1c9">
         <name>.text.prvIsQueueFull</name>
         <load_address>0x4f7c</load_address>
         <readonly>true</readonly>
         <executable>true</executable>
         <run_address>0x4f7c</run_address>
         <size>0x2e</size>
         <alignment>0x2</alignment>
         <input_file_ref idref="fl-19"/>
      </object_component>
      <object_component id="oc-20">
         <name>.text.vPortSVCHandler_C</name>
         <load_address>0x4faa</load_address>
         <readonly>true</readonly>
         <executable>true</executable>
         <run_address>0x4faa</run_address>
         <size>0x2e</size>
         <alignment>0x2</alignment>
         <input_file_ref idref="fl-1c"/>
      </object_component>
      <object_component id="oc-e2">
         <name>.text.SYSCFG_DL_ADC12_0_init</name>
         <load_address>0x4fd8</load_address>
         <readonly>true</readonly>
         <executable>true</executable>
         <run_address>0x4fd8</run_address>
         <size>0x2c</size>
         <alignment>0x4</alignment>
         <input_file_ref idref="fl-1"/>
      </object_component>
      <object_component id="oc-e0">
         <name>.text.SYSCFG_DL_TIMER_0_init</name>
         <load_address>0x5004</load_address>
         <readonly>true</readonly>
         <executable>true</executable>
         <run_address>0x5004</run_address>
         <size>0x2c</size>
         <alignment>0x4</alignment>
         <input_file_ref idref="fl-1"/>
      </object_component>
      <object_component id="oc-1d5">
         <name>.text.vListInitialise</name>
         <load_address>0x5030</load_address>
         <readonly>true</readonly>
         <executable>true</executable>
         <run_address>0x5030</run_address>
         <size>0x2c</size>
         <alignment>0x2</alignment>
         <input_file_ref idref="fl-21"/>
      </object_component>
      <object_component id="oc-1bf">
         <name>.text.vPortExitCritical</name>
         <load_address>0x505c</load_address>
         <readonly>true</readonly>
         <executable>true</executable>
         <run_address>0x505c</run_address>
         <size>0x2c</size>
         <alignment>0x4</alignment>
         <input_file_ref idref="fl-1c"/>
      </object_component>
      <object_component id="oc-1cd">
         <name>.text.prvIsQueueEmpty</name>
         <load_address>0x5088</load_address>
         <readonly>true</readonly>
         <executable>true</executable>
         <run_address>0x5088</run_address>
         <size>0x2a</size>
         <alignment>0x2</alignment>
         <input_file_ref idref="fl-19"/>
      </object_component>
      <object_component id="oc-166">
         <name>.text.Oled_Queue_ShowChar</name>
         <load_address>0x50b4</load_address>
         <readonly>true</readonly>
         <executable>true</executable>
         <run_address>0x50b4</run_address>
         <size>0x28</size>
         <alignment>0x4</alignment>
         <input_file_ref idref="fl-9"/>
      </object_component>
      <object_component id="oc-167">
         <name>.text.Oled_Queue_ShowNum</name>
         <load_address>0x50dc</load_address>
         <readonly>true</readonly>
         <executable>true</executable>
         <run_address>0x50dc</run_address>
         <size>0x28</size>
         <alignment>0x4</alignment>
         <input_file_ref idref="fl-9"/>
      </object_component>
      <object_component id="oc-17d">
         <name>.text.vApplicationGetIdleTaskMemory</name>
         <load_address>0x5104</load_address>
         <readonly>true</readonly>
         <executable>true</executable>
         <run_address>0x5104</run_address>
         <size>0x28</size>
         <alignment>0x4</alignment>
         <input_file_ref idref="fl-1f"/>
      </object_component>
      <object_component id="oc-187">
         <name>.text.vApplicationGetTimerTaskMemory</name>
         <load_address>0x512c</load_address>
         <readonly>true</readonly>
         <executable>true</executable>
         <run_address>0x512c</run_address>
         <size>0x28</size>
         <alignment>0x4</alignment>
         <input_file_ref idref="fl-1f"/>
      </object_component>
      <object_component id="oc-18e">
         <name>.text.vPortSetupTimerInterrupt</name>
         <load_address>0x5154</load_address>
         <readonly>true</readonly>
         <executable>true</executable>
         <run_address>0x5154</run_address>
         <size>0x28</size>
         <alignment>0x4</alignment>
         <input_file_ref idref="fl-1c"/>
      </object_component>
      <object_component id="oc-6f">
         <name>.text:_c_int00_noargs</name>
         <load_address>0x517c</load_address>
         <readonly>true</readonly>
         <executable>true</executable>
         <run_address>0x517c</run_address>
         <size>0x28</size>
         <alignment>0x4</alignment>
         <input_file_ref idref="fl-3e"/>
      </object_component>
      <object_component id="oc-1f6">
         <name>.text.vTaskMissedYield</name>
         <load_address>0x51a4</load_address>
         <readonly>true</readonly>
         <executable>true</executable>
         <run_address>0x51a4</run_address>
         <size>0xc</size>
         <alignment>0x4</alignment>
         <input_file_ref idref="fl-1a"/>
      </object_component>
      <object_component id="oc-3f">
         <name>.text.SVC_Handler</name>
         <load_address>0x51b0</load_address>
         <readonly>true</readonly>
         <executable>true</executable>
         <run_address>0x51b0</run_address>
         <size>0x24</size>
         <alignment>0x10</alignment>
         <input_file_ref idref="fl-1d"/>
      </object_component>
      <object_component id="oc-125">
         <name>.text.DL_Common_delayCycles</name>
         <load_address>0x51d4</load_address>
         <readonly>true</readonly>
         <executable>true</executable>
         <run_address>0x51d4</run_address>
         <size>0xa</size>
         <alignment>0x2</alignment>
         <input_file_ref idref="fl-23"/>
      </object_component>
      <object_component id="oc-53">
         <name>.text.vRestoreContextOfFirstTask</name>
         <load_address>0x51e0</load_address>
         <readonly>true</readonly>
         <executable>true</executable>
         <run_address>0x51e0</run_address>
         <size>0x24</size>
         <alignment>0x10</alignment>
         <input_file_ref idref="fl-1d"/>
      </object_component>
      <object_component id="oc-1c7">
         <name>.text.vTaskInternalSetTimeOutState</name>
         <load_address>0x5204</load_address>
         <readonly>true</readonly>
         <executable>true</executable>
         <run_address>0x5204</run_address>
         <size>0x20</size>
         <alignment>0x4</alignment>
         <input_file_ref idref="fl-1a"/>
      </object_component>
      <object_component id="oc-189">
         <name>.text.prvTimerTask</name>
         <load_address>0x5224</load_address>
         <readonly>true</readonly>
         <executable>true</executable>
         <run_address>0x5224</run_address>
         <size>0x1e</size>
         <alignment>0x2</alignment>
         <input_file_ref idref="fl-1b"/>
      </object_component>
      <object_component id="oc-1a2">
         <name>.text.DL_SYSCTL_configFCC</name>
         <load_address>0x5244</load_address>
         <readonly>true</readonly>
         <executable>true</executable>
         <run_address>0x5244</run_address>
         <size>0x1c</size>
         <alignment>0x4</alignment>
         <input_file_ref idref="fl-26"/>
      </object_component>
      <object_component id="oc-13a">
         <name>.text.DL_Timer_setCaptCompUpdateMethod</name>
         <load_address>0x5260</load_address>
         <readonly>true</readonly>
         <executable>true</executable>
         <run_address>0x5260</run_address>
         <size>0x1c</size>
         <alignment>0x4</alignment>
         <input_file_ref idref="fl-24"/>
      </object_component>
      <object_component id="oc-132">
         <name>.text.DL_Timer_setClockConfig</name>
         <load_address>0x527c</load_address>
         <readonly>true</readonly>
         <executable>true</executable>
         <run_address>0x527c</run_address>
         <size>0x1c</size>
         <alignment>0x4</alignment>
         <input_file_ref idref="fl-24"/>
      </object_component>
      <object_component id="oc-16e">
         <name>.text.Oled_Queue_Clear</name>
         <load_address>0x5298</load_address>
         <readonly>true</readonly>
         <executable>true</executable>
         <run_address>0x5298</run_address>
         <size>0x1c</size>
         <alignment>0x4</alignment>
         <input_file_ref idref="fl-9"/>
      </object_component>
      <object_component id="oc-8a">
         <name>.text.main</name>
         <load_address>0x52b4</load_address>
         <readonly>true</readonly>
         <executable>true</executable>
         <run_address>0x52b4</run_address>
         <size>0x1a</size>
         <alignment>0x2</alignment>
         <input_file_ref idref="fl-3"/>
      </object_component>
      <object_component id="oc-139">
         <name>.text.DL_Timer_setCaptureCompareOutCtl</name>
         <load_address>0x52d0</load_address>
         <readonly>true</readonly>
         <executable>true</executable>
         <run_address>0x52d0</run_address>
         <size>0x18</size>
         <alignment>0x4</alignment>
         <input_file_ref idref="fl-24"/>
      </object_component>
      <object_component id="oc-1bd">
         <name>.text.vPortEnterCritical</name>
         <load_address>0x52e8</load_address>
         <readonly>true</readonly>
         <executable>true</executable>
         <run_address>0x52e8</run_address>
         <size>0x18</size>
         <alignment>0x4</alignment>
         <input_file_ref idref="fl-1c"/>
      </object_component>
      <object_component id="oc-1c0">
         <name>.text.vPortYield</name>
         <load_address>0x5300</load_address>
         <readonly>true</readonly>
         <executable>true</executable>
         <run_address>0x5300</run_address>
         <size>0x18</size>
         <alignment>0x4</alignment>
         <input_file_ref idref="fl-1c"/>
      </object_component>
      <object_component id="oc-163">
         <name>.text.xTaskGetTickCount</name>
         <load_address>0x5318</load_address>
         <readonly>true</readonly>
         <executable>true</executable>
         <run_address>0x5318</run_address>
         <size>0x14</size>
         <alignment>0x4</alignment>
         <input_file_ref idref="fl-1a"/>
      </object_component>
      <object_component id="oc-143">
         <name>.text.DL_UART_setClockConfig</name>
         <load_address>0x532c</load_address>
         <readonly>true</readonly>
         <executable>true</executable>
         <run_address>0x532c</run_address>
         <size>0x12</size>
         <alignment>0x2</alignment>
         <input_file_ref idref="fl-25"/>
      </object_component>
      <object_component id="oc-2b">
         <name>.text:decompress:none</name>
         <load_address>0x533e</load_address>
         <readonly>true</readonly>
         <executable>true</executable>
         <run_address>0x533e</run_address>
         <size>0x12</size>
         <alignment>0x2</alignment>
         <input_file_ref idref="fl-44"/>
      </object_component>
      <object_component id="oc-13b">
         <name>.text.DL_Timer_setCaptureCompareValue</name>
         <load_address>0x5350</load_address>
         <readonly>true</readonly>
         <executable>true</executable>
         <run_address>0x5350</run_address>
         <size>0x10</size>
         <alignment>0x4</alignment>
         <input_file_ref idref="fl-24"/>
      </object_component>
      <object_component id="oc-18f">
         <name>.text.vStartFirstTask</name>
         <load_address>0x5360</load_address>
         <readonly>true</readonly>
         <executable>true</executable>
         <run_address>0x5360</run_address>
         <size>0x10</size>
         <alignment>0x10</alignment>
         <input_file_ref idref="fl-1d"/>
      </object_component>
      <object_component id="oc-1af">
         <name>.text.vTaskSuspendAll</name>
         <load_address>0x5370</load_address>
         <readonly>true</readonly>
         <executable>true</executable>
         <run_address>0x5370</run_address>
         <size>0x10</size>
         <alignment>0x4</alignment>
         <input_file_ref idref="fl-1a"/>
      </object_component>
      <object_component id="oc-6c">
         <name>.text:decompress:ZI</name>
         <load_address>0x5380</load_address>
         <readonly>true</readonly>
         <executable>true</executable>
         <run_address>0x5380</run_address>
         <size>0x10</size>
         <alignment>0x2</alignment>
         <input_file_ref idref="fl-43"/>
      </object_component>
      <object_component id="oc-1ec">
         <name>.text.__aeabi_memset</name>
         <load_address>0x5390</load_address>
         <readonly>true</readonly>
         <executable>true</executable>
         <run_address>0x5390</run_address>
         <size>0xe</size>
         <alignment>0x4</alignment>
         <input_file_ref idref="fl-116"/>
      </object_component>
      <object_component id="oc-184">
         <name>.text.prvIdleTask</name>
         <load_address>0x539e</load_address>
         <readonly>true</readonly>
         <executable>true</executable>
         <run_address>0x539e</run_address>
         <size>0xe</size>
         <alignment>0x2</alignment>
         <input_file_ref idref="fl-1a"/>
      </object_component>
      <object_component id="oc-1ed">
         <name>.text.vListInitialiseItem</name>
         <load_address>0x53ac</load_address>
         <readonly>true</readonly>
         <executable>true</executable>
         <run_address>0x53ac</run_address>
         <size>0xe</size>
         <alignment>0x2</alignment>
         <input_file_ref idref="fl-21"/>
      </object_component>
      <object_component id="oc-5f">
         <name>.text.__aeabi_memcpy</name>
         <load_address>0x53bc</load_address>
         <readonly>true</readonly>
         <executable>true</executable>
         <run_address>0x53bc</run_address>
         <size>0x8</size>
         <alignment>0x4</alignment>
         <input_file_ref idref="fl-115"/>
      </object_component>
      <object_component id="oc-78">
         <name>.text.ulSetInterruptMask</name>
         <load_address>0x53c4</load_address>
         <readonly>true</readonly>
         <executable>true</executable>
         <run_address>0x53c4</run_address>
         <size>0x8</size>
         <alignment>0x2</alignment>
         <input_file_ref idref="fl-1d"/>
      </object_component>
      <object_component id="oc-7a">
         <name>.text.vClearInterruptMask</name>
         <load_address>0x53cc</load_address>
         <readonly>true</readonly>
         <executable>true</executable>
         <run_address>0x53cc</run_address>
         <size>0x6</size>
         <alignment>0x2</alignment>
         <input_file_ref idref="fl-1d"/>
      </object_component>
      <object_component id="oc-ba">
         <name>.text:abort</name>
         <load_address>0x53d2</load_address>
         <readonly>true</readonly>
         <executable>true</executable>
         <run_address>0x53d2</run_address>
         <size>0x6</size>
         <alignment>0x2</alignment>
         <input_file_ref idref="fl-48"/>
      </object_component>
      <object_component id="oc-114">
         <name>.text.HOSTexit</name>
         <load_address>0x53d8</load_address>
         <readonly>true</readonly>
         <executable>true</executable>
         <run_address>0x53d8</run_address>
         <size>0x4</size>
         <alignment>0x2</alignment>
         <input_file_ref idref="fl-fc"/>
      </object_component>
      <object_component id="oc-3a">
         <name>.text.Reset_Handler</name>
         <load_address>0x53dc</load_address>
         <readonly>true</readonly>
         <executable>true</executable>
         <run_address>0x53dc</run_address>
         <size>0x4</size>
         <alignment>0x2</alignment>
         <input_file_ref idref="fl-2"/>
      </object_component>
      <object_component id="oc-86">
         <name>.text._system_pre_init</name>
         <load_address>0x53e0</load_address>
         <readonly>true</readonly>
         <executable>true</executable>
         <run_address>0x53e0</run_address>
         <size>0x4</size>
         <alignment>0x2</alignment>
         <input_file_ref idref="fl-41"/>
      </object_component>
      <object_component id="oc-4a">
         <name>.text.vApplicationStackOverflowHook</name>
         <load_address>0x53e4</load_address>
         <readonly>true</readonly>
         <executable>true</executable>
         <run_address>0x53e4</run_address>
         <size>0x4</size>
         <alignment>0x2</alignment>
         <input_file_ref idref="fl-3"/>
      </object_component>
      <object_component id="oc-244">
         <name>.cinit..data.load</name>
         <load_address>0x5ab8</load_address>
         <readonly>true</readonly>
         <run_address>0x5ab8</run_address>
         <size>0xf</size>
         <alignment>0x1</alignment>
      </object_component>
      <object_component id="oc-242">
         <name>__TI_handler_table</name>
         <load_address>0x5ac8</load_address>
         <readonly>true</readonly>
         <run_address>0x5ac8</run_address>
         <size>0xc</size>
         <alignment>0x4</alignment>
      </object_component>
      <object_component id="oc-245">
         <name>.cinit..bss.load</name>
         <load_address>0x5ad4</load_address>
         <readonly>true</readonly>
         <run_address>0x5ad4</run_address>
         <size>0x8</size>
         <alignment>0x4</alignment>
      </object_component>
      <object_component id="oc-243">
         <name>__TI_cinit_table</name>
         <load_address>0x5adc</load_address>
         <readonly>true</readonly>
         <run_address>0x5adc</run_address>
         <size>0x10</size>
         <alignment>0x4</alignment>
      </object_component>
      <object_component id="oc-1ce">
         <name>.rodata.OLED_F8x16</name>
         <load_address>0x53f0</load_address>
         <readonly>true</readonly>
         <run_address>0x53f0</run_address>
         <size>0x5f0</size>
         <alignment>0x1</alignment>
         <input_file_ref idref="fl-8"/>
      </object_component>
      <object_component id="oc-131">
         <name>.rodata.gSYSPLLConfig</name>
[...]
         <value>0x15f7</value>
         <object_component_ref idref="oc-3e"/>
      </symbol>
      <symbol id="sm-9d">
         <name>RTC_IRQHandler</name>
         <value>0x15f7</value>
         <object_component_ref idref="oc-3e"/>
      </symbol>
      <symbol id="sm-9e">
         <name>DMA_IRQHandler</name>
         <value>0x15f7</value>
         <object_component_ref idref="oc-3e"/>
      </symbol>
      <symbol id="sm-a9">
         <name>main</name>
         <value>0x52b5</value>
         <object_component_ref idref="oc-8a"/>
      </symbol>
      <symbol id="sm-aa">
         <name>vApplicationStackOverflowHook</name>
         <value>0x53e5</value>
         <object_component_ref idref="oc-4a"/>
      </symbol>
      <symbol id="sm-c2">
         <name>vTaskKeyScan</name>
         <value>0x1ef5</value>
         <object_component_ref idref="oc-ef"/>
      </symbol>
      <symbol id="sm-c3">
         <name>xKeyQueue</name>
         <value>0x2020288c</value>
         <object_component_ref idref="oc-ed"/>
      </symbol>
      <symbol id="sm-c4">
         <name>vTaskKeyLogic</name>
         <value>0x4951</value>
         <object_component_ref idref="oc-f5"/>
      </symbol>
      <symbol id="sm-cf">
         <name>Key_FreeRTOS_Init</name>
         <value>0x4755</value>
         <object_component_ref idref="oc-ab"/>
      </symbol>
      <symbol id="sm-ef">
         <name>OLED_WriteCommand</name>
         <value>0xc1</value>
         <object_component_ref idref="oc-171"/>
      </symbol>
      <symbol id="sm-f0">
         <name>OLED_WriteData</name>
         <value>0x435</value>
         <object_component_ref idref="oc-172"/>
      </symbol>
      <symbol id="sm-f1">
         <name>OLED_Clear</name>
         <value>0x229b</value>
         <object_component_ref idref="oc-176"/>
      </symbol>
      <symbol id="sm-f2">
         <name>OLED_ShowChar</name>
         <value>0x3871</value>
         <object_component_ref idref="oc-179"/>
      </symbol>
      <symbol id="sm-f3">
         <name>OLED_F8x16</name>
         <value>0x53f0</value>
         <object_component_ref idref="oc-1ce"/>
      </symbol>
      <symbol id="sm-f4">
         <name>OLED_ShowString</name>
         <value>0x480d</value>
         <object_component_ref idref="oc-177"/>
      </symbol>
      <symbol id="sm-f5">
         <name>OLED_ShowNum</name>
         <value>0xac9</value>
         <object_component_ref idref="oc-178"/>
      </symbol>
      <symbol id="sm-f6">
         <name>OLED_ShowSignedNum</name>
         <value>0x799</value>
         <object_component_ref idref="oc-175"/>
      </symbol>
      <symbol id="sm-f7">
         <name>OLED_ShowHexNum</name>
         <value>0xdbf</value>
         <object_component_ref idref="oc-17a"/>
      </symbol>
      <symbol id="sm-f8">
         <name>OLED_ShowBinNum</name>
         <value>0x1351</value>
         <object_component_ref idref="oc-17b"/>
      </symbol>
      <symbol id="sm-f9">
         <name>OLED_Init</name>
         <value>0x188d</value>
         <object_component_ref idref="oc-f9"/>
      </symbol>
      <symbol id="sm-116">
         <name>Oled_FreeRTOS_Init</name>
         <value>0x4b51</value>
         <object_component_ref idref="oc-af"/>
      </symbol>
      <symbol id="sm-117">
         <name>xOledQueue</name>
         <value>0x202028a4</value>
         <object_component_ref idref="oc-ff"/>
      </symbol>
      <symbol id="sm-118">
         <name>vTaskOledDisplay</name>
         <value>0x3bf5</value>
         <object_component_ref idref="oc-100"/>
      </symbol>
      <symbol id="sm-119">
         <name>Oled_Queue_Clear</name>
         <value>0x5299</value>
         <object_component_ref idref="oc-16e"/>
      </symbol>
      <symbol id="sm-11a">
         <name>Oled_Queue_ShowChar</name>
         <value>0x50b5</value>
         <object_component_ref idref="oc-166"/>
      </symbol>
      <symbol id="sm-11b">
         <name>Oled_Queue_ShowString</name>
         <value>0x2a0d</value>
         <object_component_ref idref="oc-165"/>
      </symbol>
      <symbol id="sm-11c">
         <name>Oled_Queue_ShowNum</name>
         <value>0x50dd</value>
         <object_component_ref idref="oc-167"/>
      </symbol>
      <symbol id="sm-12b">
         <name>Uart_FreeRTOS_Init</name>
         <value>0x4cad</value>
         <object_component_ref idref="oc-b4"/>
      </symbol>
      <symbol id="sm-12c">
         <name>xUartQueue</name>
         <value>0x202028bc</value>
         <object_component_ref idref="oc-105"/>
      </symbol>
      <symbol id="sm-12d">
         <name>vTaskUartPrint</name>
         <value>0x47b1</value>
         <object_component_ref idref="oc-106"/>
      </symbol>
      <symbol id="sm-12e">
         <name>__TI_ATRegion0_src_addr</name>
         <value>0x0</value>
      </symbol>
      <symbol id="sm-12f">
         <name>__TI_ATRegion0_trg_addr</name>
         <value>0x0</value>
      </symbol>
      <symbol id="sm-130">
         <name>__TI_ATRegion0_region_sz</name>
         <value>0x0</value>
      </symbol>
      <symbol id="sm-131">
         <name>__TI_ATRegion1_src_addr</name>
         <value>0x0</value>
      </symbol>
      <symbol id="sm-132">
         <name>__TI_ATRegion1_trg_addr</name>
         <value>0x0</value>
      </symbol>
      <symbol id="sm-133">
         <name>__TI_ATRegion1_region_sz</name>
         <value>0x0</value>
      </symbol>
      <symbol id="sm-134">
         <name>__TI_ATRegion2_src_addr</name>
         <value>0x0</value>
      </symbol>
      <symbol id="sm-135">
         <name>__TI_ATRegion2_trg_addr</name>
         <value>0x0</value>
      </symbol>
      <symbol id="sm-136">
         <name>__TI_ATRegion2_region_sz</name>
         <value>0x0</value>
      </symbol>
      <symbol id="sm-15b">
         <name>xQueueGenericReset</name>
         <value>0x3435</value>
         <object_component_ref idref="oc-1ba"/>
      </symbol>
      <symbol id="sm-15c">
         <name>xQueueGenericCreateStatic</name>
         <value>0x3d39</value>
         <object_component_ref idref="oc-1da"/>
      </symbol>
      <symbol id="sm-15d">
         <name>xQueueGenericCreate</name>
         <value>0x3f0b</value>
         <object_component_ref idref="oc-e7"/>
      </symbol>
      <symbol id="sm-15e">
         <name>xQueueGenericSend</name>
         <value>0x20c9</value>
         <object_component_ref idref="oc-168"/>
      </symbol>
      <symbol id="sm-15f">
         <name>xQueueReceive</name>
         <value>0x2457</value>
         <object_component_ref idref="oc-16f"/>
      </symbol>
      <symbol id="sm-160">
         <name>vQueueWaitForMessageRestricted</name>
         <value>0x455d</value>
         <object_component_ref idref="oc-1fd"/>
      </symbol>
      <symbol id="sm-1ea">
         <name>xTaskCreateStatic</name>
         <value>0x49a1</value>
         <object_component_ref idref="oc-182"/>
      </symbol>
      <symbol id="sm-1eb">
         <name>pxCurrentTCB</name>
         <value>0x20202868</value>
         <object_component_ref idref="oc-1a"/>
      </symbol>
      <symbol id="sm-1ec">
         <name>xTaskCreate</name>
         <value>0x4a7d</value>
         <object_component_ref idref="oc-ec"/>
      </symbol>
      <symbol id="sm-1ed">
         <name>xTaskDelayUntil</name>
         <value>0x35f5</value>
         <object_component_ref idref="oc-164"/>
      </symbol>
      <symbol id="sm-1ee">
         <name>vTaskSuspendAll</name>
         <value>0x5371</value>
         <object_component_ref idref="oc-1af"/>
      </symbol>
      <symbol id="sm-1ef">
         <name>xTaskResumeAll</name>
         <value>0x1cfd</value>
         <object_component_ref idref="oc-1b1"/>
      </symbol>
      <symbol id="sm-1f0">
         <name>xTaskIncrementTick</name>
         <value>0x1aed</value>
         <object_component_ref idref="oc-79"/>
      </symbol>
      <symbol id="sm-1f1">
         <name>vTaskSwitchContext</name>
         <value>0x2d41</value>
         <object_component_ref idref="oc-1c"/>
      </symbol>
      <symbol id="sm-1f2">
         <name>vTaskStartScheduler</name>
         <value>0x45c9</value>
         <object_component_ref idref="oc-b9"/>
      </symbol>
      <symbol id="sm-1f3">
         <name>xTaskGetTickCount</name>
         <value>0x5319</value>
         <object_component_ref idref="oc-163"/>
      </symbol>
      <symbol id="sm-1f4">
         <name>vTaskPlaceOnEventList</name>
         <value>0x4e89</value>
         <object_component_ref idref="oc-1ca"/>
      </symbol>
      <symbol id="sm-1f5">
         <name>vTaskPlaceOnEventListRestricted</name>
         <value>0x4411</value>
         <object_component_ref idref="oc-202"/>
      </symbol>
      <symbol id="sm-1f6">
         <name>xTaskRemoveFromEventList</name>
         <value>0x25fd</value>
         <object_component_ref idref="oc-1c6"/>
      </symbol>
      <symbol id="sm-1f7">
         <name>vTaskInternalSetTimeOutState</name>
         <value>0x5205</value>
         <object_component_ref idref="oc-1c7"/>
      </symbol>
      <symbol id="sm-1f8">
         <name>xTaskCheckForTimeOut</name>
         <value>0x39ed</value>
         <object_component_ref idref="oc-1c8"/>
      </symbol>
      <symbol id="sm-1f9">
         <name>vTaskMissedYield</name>
         <value>0x51a5</value>
         <object_component_ref idref="oc-1f6"/>
      </symbol>
      <symbol id="sm-1fa">
         <name>xTaskGetSchedulerState</name>
         <value>0x4e19</value>
         <object_component_ref idref="oc-1c4"/>
      </symbol>
      <symbol id="sm-1fb">
         <name>xTaskPriorityDisinherit</name>
         <value>0x2e4d</value>
         <object_component_ref idref="oc-1f5"/>
      </symbol>
      <symbol id="sm-240">
         <name>xTimerCreateTimerTask</name>
         <value>0x4231</value>
         <object_component_ref idref="oc-10c"/>
      </symbol>
      <symbol id="sm-264">
         <name>vPortSetupTimerInterrupt</name>
         <value>0x5155</value>
         <object_component_ref idref="oc-18e"/>
      </symbol>
      <symbol id="sm-265">
         <name>vPortYield</name>
         <value>0x5301</value>
         <object_component_ref idref="oc-1c0"/>
      </symbol>
      <symbol id="sm-266">
         <name>vPortEnterCritical</name>
         <value>0x52e9</value>
         <object_component_ref idref="oc-1bd"/>
      </symbol>
      <symbol id="sm-267">
         <name>vPortExitCritical</name>
         <value>0x505d</value>
         <object_component_ref idref="oc-1bf"/>
      </symbol>
      <symbol id="sm-268">
         <name>SysTick_Handler</name>
         <value>0x4eed</value>
         <object_component_ref idref="oc-45"/>
      </symbol>
      <symbol id="sm-269">
         <name>vPortSVCHandler_C</name>
         <value>0x4fab</value>
         <object_component_ref idref="oc-20"/>
      </symbol>
      <symbol id="sm-26a">
         <name>pxPortInitialiseStack</name>
         <value>0x2b21</value>
         <object_component_ref idref="oc-1ee"/>
      </symbol>
      <symbol id="sm-26b">
         <name>xPortStartScheduler</name>
         <value>0x4135</value>
         <object_component_ref idref="oc-111"/>
      </symbol>
      <symbol id="sm-283">
         <name>vRestoreContextOfFirstTask</name>
         <value>0x51e1</value>
         <object_component_ref idref="oc-53"/>
      </symbol>
      <symbol id="sm-284">
         <name>vStartFirstTask</name>
         <value>0x5361</value>
         <object_component_ref idref="oc-18f"/>
      </symbol>
      <symbol id="sm-285">
         <name>ulSetInterruptMask</name>
         <value>0x53c5</value>
         <object_component_ref idref="oc-78"/>
      </symbol>
      <symbol id="sm-286">
         <name>vClearInterruptMask</name>
         <value>0x53cd</value>
         <object_component_ref idref="oc-7a"/>
      </symbol>
      <symbol id="sm-287">
         <name>PendSV_Handler</name>
         <value>0x4ba1</value>
         <object_component_ref idref="oc-44"/>
      </symbol>
      <symbol id="sm-288">
         <name>SVC_Handler</name>
         <value>0x51b1</value>
         <object_component_ref idref="oc-3f"/>
      </symbol>
      <symbol id="sm-29e">
         <name>vApplicationGetIdleTaskMemory</name>
         <value>0x5105</value>
         <object_component_ref idref="oc-17d"/>
      </symbol>
      <symbol id="sm-29f">
         <name>vApplicationGetTimerTaskMemory</name>
         <value>0x512d</value>
         <object_component_ref idref="oc-187"/>
      </symbol>
      <symbol id="sm-2c2">
         <name>pvPortMalloc</name>
         <value>0x15f9</value>
         <object_component_ref idref="oc-157"/>
      </symbol>
      <symbol id="sm-2c3">
         <name>vPortFree</name>
         <value>0x3259</value>
         <object_component_ref idref="oc-1bb"/>
      </symbol>
      <symbol id="sm-2d2">
         <name>vListInitialise</name>
         <value>0x5031</value>
         <object_component_ref idref="oc-1d5"/>
      </symbol>
      <symbol id="sm-2d3">
         <name>vListInitialiseItem</name>
         <value>0x53ad</value>
         <object_component_ref idref="oc-1ed"/>
      </symbol>
      <symbol id="sm-2d4">
         <name>vListInsert</name>
         <value>0x44f1</value>
         <object_component_ref idref="oc-1f4"/>
      </symbol>
      <symbol id="sm-2d5">
         <name>uxListRemove</name>
         <value>0x4a35</value>
         <object_component_ref idref="oc-1f3"/>
      </symbol>
      <symbol id="sm-2e0">
         <name>DL_ADC12_setClockConfig</name>
         <value>0x4c6d</value>
         <object_component_ref idref="oc-14c"/>
      </symbol>
      <symbol id="sm-2e9">
         <name>DL_Common_delayCycles</name>
         <value>0x51d5</value>
         <object_component_ref idref="oc-125"/>
      </symbol>
      <symbol id="sm-305">
         <name>DL_Timer_setClockConfig</name>
         <value>0x527d</value>
         <object_component_ref idref="oc-132"/>
      </symbol>
      <symbol id="sm-306">
         <name>DL_Timer_initTimerMode</name>
         <value>0x315d</value>
         <object_component_ref idref="oc-140"/>
      </symbol>
      <symbol id="sm-307">
         <name>DL_Timer_setCaptureCompareValue</name>
         <value>0x5351</value>
         <object_component_ref idref="oc-13b"/>
      </symbol>
      <symbol id="sm-308">
         <name>DL_Timer_setCaptCompUpdateMethod</name>
         <value>0x5261</value>
         <object_component_ref idref="oc-13a"/>
      </symbol>
      <symbol id="sm-309">
         <name>DL_Timer_setCaptureCompareOutCtl</name>
         <value>0x52d1</value>
         <object_component_ref idref="oc-139"/>
      </symbol>
      <symbol id="sm-30a">
         <name>DL_Timer_initFourCCPWMMode</name>
         <value>0x2f55</value>
         <object_component_ref idref="oc-138"/>
      </symbol>
      <symbol id="sm-31a">
         <name>DL_UART_init</name>
         <value>0x49ed</value>
         <object_component_ref idref="oc-149"/>
      </symbol>
      <symbol id="sm-31b">
         <name>DL_UART_setClockConfig</name>
         <value>0x532d</value>
         <object_component_ref idref="oc-143"/>
      </symbol>
      <symbol id="sm-31c">
         <name>DL_UART_transmitDataBlocking</name>
         <value>0x4ebd</value>
         <object_component_ref idref="oc-17c"/>
      </symbol>
      <symbol id="sm-32d">
         <name>DL_SYSCTL_configSYSPLL</name>
         <value>0x3519</value>
         <object_component_ref idref="oc-129"/>
      </symbol>
      <symbol id="sm-32e">
         <name>DL_SYSCTL_switchMCLKfromSYSOSCtoHSCLK</name>
         <value>0x4b0d</value>
         <object_component_ref idref="oc-130"/>
      </symbol>
      <symbol id="sm-32f">
         <name>DL_SYSCTL_configFCC</name>
         <value>0x5245</value>
         <object_component_ref idref="oc-1a2"/>
      </symbol>
      <symbol id="sm-33b">
         <name>_c_int00_noargs</name>
         <value>0x517d</value>
         <object_component_ref idref="oc-6f"/>
      </symbol>
      <symbol id="sm-33c">
         <name>__stack</name>
         <value>0x20207e00</value>
         <object_component_ref idref="oc-25"/>
      </symbol>
      <symbol id="sm-348">
         <name>__TI_auto_init_nobinit_nopinit</name>
         <value>0x4da5</value>
         <object_component_ref idref="oc-c1"/>
      </symbol>
      <symbol id="sm-350">
         <name>_system_pre_init</name>
         <value>0x53e1</value>
         <object_component_ref idref="oc-86"/>
      </symbol>
      <symbol id="sm-35b">
         <name>__TI_zero_init</name>
         <value>0x5381</value>
         <object_component_ref idref="oc-6c"/>
      </symbol>
      <symbol id="sm-364">
         <name>__TI_decompress_none</name>
         <value>0x533f</value>
         <object_component_ref idref="oc-2b"/>
      </symbol>
      <symbol id="sm-36f">
         <name>__TI_decompress_lzss</name>
         <value>0x42ad</value>
         <object_component_ref idref="oc-27"/>
      </symbol>
      <symbol id="sm-37b">
         <name>abort</name>
         <value>0x53d3</value>
         <object_component_ref idref="oc-ba"/>
      </symbol>
      <symbol id="sm-396">
         <name>HOSTexit</name>
         <value>0x53d9</value>
         <object_component_ref idref="oc-114"/>
      </symbol>
      <symbol id="sm-397">
         <name>C$$EXIT</name>
         <value>0x53d8</value>
         <object_component_ref idref="oc-114"/>
      </symbol>
      <symbol id="sm-3ac">
         <name>__aeabi_memcpy</name>
         <value>0x53bd</value>
         <object_component_ref idref="oc-5f"/>
      </symbol>
      <symbol id="sm-3ad">
         <name>__aeabi_memcpy4</name>
         <value>0x53bd</value>
         <object_component_ref idref="oc-5f"/>
      </symbol>
      <symbol id="sm-3ae">
         <name>__aeabi_memcpy8</name>
         <value>0x53bd</value>
         <object_component_ref idref="oc-5f"/>
      </symbol>
      <symbol id="sm-3b7">
         <name>__aeabi_memset</name>
         <value>0x5391</value>
         <object_component_ref idref="oc-1ec"/>
      </symbol>
      <symbol id="sm-3b8">
         <name>__aeabi_memset4</name>
         <value>0x5391</value>
         <object_component_ref idref="oc-1ec"/>
      </symbol>
      <symbol id="sm-3b9">
         <name>__aeabi_memset8</name>
         <value>0x5391</value>
         <object_component_ref idref="oc-1ec"/>
      </symbol>
      <symbol id="sm-3ba">
         <name>__aeabi_memclr</name>
         <value>0x4b95</value>
         <object_component_ref idref="oc-81"/>
      </symbol>
      <symbol id="sm-3bb">
         <name>__aeabi_memclr4</name>
         <value>0x4b95</value>
         <object_component_ref idref="oc-81"/>
      </symbol>
      <symbol id="sm-3bc">
         <name>__aeabi_memclr8</name>
         <value>0x4b95</value>
         <object_component_ref idref="oc-81"/>
      </symbol>
      <symbol id="sm-3c2">
         <name>__aeabi_uidiv</name>
         <value>0x4ced</value>
         <object_component_ref idref="oc-153"/>
      </symbol>
      <symbol id="sm-3c3">
         <name>__aeabi_uidivmod</name>
         <value>0x4ced</value>
         <object_component_ref idref="oc-153"/>
      </symbol>
      <symbol id="sm-3ce">
         <name>__aeabi_idiv0</name>
         <value>0x25fb</value>
         <object_component_ref idref="oc-1a9"/>
      </symbol>
      <symbol id="sm-3e8">
         <name>memcpy</name>
         <value>0x3dd9</value>
         <object_component_ref idref="oc-a1"/>
      </symbol>
      <symbol id="sm-3f7">
         <name>memset</name>
         <value>0x4631</value>
         <object_component_ref idref="oc-d9"/>
      </symbol>
      <symbol id="sm-3f8">
         <name>__TI_static_base__</name>
         <value>0x0</value>
      </symbol>
      <symbol id="sm-3fb">
         <name>__mpu_init</name>
         <value>0x0</value>
      </symbol>
      <symbol id="sm-3fc">
         <name>_system_post_cinit</name>
         <value>0x0</value>
      </symbol>
   </symbol_table>
   <title>Link successful</title>
</link_info>
