<?xml version="1.0" encoding="ISO-8859-1" ?>
<link_info>
   <banner>TI ARM Clang Linker PC v4.0.2.LTS</banner>
   <copyright>Copyright (c) 1996-2018 Texas Instruments Incorporated</copyright>
   <command_line>D:\LeStoreDownload\CCS\ti_cgt_arm_llvm_4.0.2.LTS\bin\tiarmlnk -ID:\LeStoreDownload\CCS\ti_cgt_arm_llvm_4.0.2.LTS\lib -o freertos.out -mfreertos.map -iD:/compitation/NUEDC/diansai/freertos_builds_LP_MSPM0G3507_release_ticlang/Debug -iD:/LeStoreDownload/CCS/mspm0_sdk_2_10_00_04/source -iD:/compitation/NUEDC/diansai/freertos -iD:/LeStoreDownload/CCS/ti_cgt_arm_llvm_4.0.2.LTS/lib --diag_wrap=off --display_error_number --warn_sections --xml_link_info=freertos_linkInfo.xml --rom_model ./syscfg/ti_msp_dl_config.o ./startup_mspm0g350x_ticlang.o ./main_freertos.o ./ti_drivers_config.o ./targetConfigs/as201/as201.o ./targetConfigs/key/ADC_SCAN.o ./targetConfigs/key/ADC_init.o ./targetConfigs/oled/OLED.o ./targetConfigs/oled/OLED_Task.o -lsyscfg/device_linker.cmd -lD:/LeStoreDownload/CCS/mspm0_sdk_2_10_00_04/source/ti/drivers/lib/ticlang/m0p/drivers_mspm0g1x0x_g3x0x.a -lfreertos_builds_LP_MSPM0G3507_release_ticlang.lib -lD:/LeStoreDownload/CCS/mspm0_sdk_2_10_00_04/source/ti/driverlib/lib/ticlang/m0p/mspm0g1x0x_g3x0x/driverlib.a -llibc.a --start-group -llibc++.a -llibc++abi.a -llibc.a -llibsys.a -llibsysbm.a -llibclang_rt.builtins.a -llibclang_rt.profile.a --end-group --cg_opt_level=2</command_line>
   <link_time>0x6a297d65</link_time>
   <link_errors>0x0</link_errors>
   <output_file>D:\compitation\NUEDC\diansai\freertos\Debug\freertos.out</output_file>
   <entry_point>
      <name>_c_int00_noargs</name>
      <address>0x52cd</address>
   </entry_point>
   <input_file_list>
      <input_file id="fl-1">
         <path>D:\compitation\NUEDC\diansai\freertos\Debug\.\syscfg\</path>
         <kind>object</kind>
         <file>ti_msp_dl_config.o</file>
         <name>ti_msp_dl_config.o</name>
      </input_file>
      <input_file id="fl-2">
         <path>D:\compitation\NUEDC\diansai\freertos\Debug\.\</path>
         <kind>object</kind>
         <file>startup_mspm0g350x_ticlang.o</file>
         <name>startup_mspm0g350x_ticlang.o</name>
      </input_file>
      <input_file id="fl-3">
         <path>D:\compitation\NUEDC\diansai\freertos\Debug\.\</path>
         <kind>object</kind>
         <file>main_freertos.o</file>
         <name>main_freertos.o</name>
      </input_file>
      <input_file id="fl-4">
         <path>D:\compitation\NUEDC\diansai\freertos\Debug\.\</path>
         <kind>object</kind>
         <file>ti_drivers_config.o</file>
         <name>ti_drivers_config.o</name>
      </input_file>
      <input_file id="fl-5">
         <path>D:\compitation\NUEDC\diansai\freertos\Debug\.\targetConfigs\as201\</path>
         <kind>object</kind>
         <file>as201.o</file>
         <name>as201.o</name>
      </input_file>
      <input_file id="fl-6">
         <path>D:\compitation\NUEDC\diansai\freertos\Debug\.\targetConfigs\key\</path>
         <kind>object</kind>
         <file>ADC_SCAN.o</file>
         <name>ADC_SCAN.o</name>
      </input_file>
      <input_file id="fl-7">
         <path>D:\compitation\NUEDC\diansai\freertos\Debug\.\targetConfigs\key\</path>
         <kind>object</kind>
         <file>ADC_init.o</file>
         <name>ADC_init.o</name>
      </input_file>
      <input_file id="fl-8">
         <path>D:\compitation\NUEDC\diansai\freertos\Debug\.\targetConfigs\oled\</path>
         <kind>object</kind>
         <file>OLED.o</file>
         <name>OLED.o</name>
      </input_file>
      <input_file id="fl-9">
         <path>D:\compitation\NUEDC\diansai\freertos\Debug\.\targetConfigs\oled\</path>
         <kind>object</kind>
         <file>OLED_Task.o</file>
         <name>OLED_Task.o</name>
      </input_file>
      <input_file id="fl-17">
         <path>D:\compitation\NUEDC\diansai\freertos\Debug\</path>
         <kind>object</kind>
         <file>&lt;internal&gt;</file>
         <name>&lt;internal&gt;</name>
      </input_file>
      <input_file id="fl-18">
         <path>D:\compitation\NUEDC\diansai\freertos_builds_LP_MSPM0G3507_release_ticlang\Debug\</path>
         <kind>archive</kind>
         <file>freertos_builds_LP_MSPM0G3507_release_ticlang.lib</file>
         <name>queue.o</name>
      </input_file>
      <input_file id="fl-19">
         <path>D:\compitation\NUEDC\diansai\freertos_builds_LP_MSPM0G3507_release_ticlang\Debug\</path>
         <kind>archive</kind>
         <file>freertos_builds_LP_MSPM0G3507_release_ticlang.lib</file>
         <name>tasks.o</name>
      </input_file>
      <input_file id="fl-1a">
         <path>D:\compitation\NUEDC\diansai\freertos_builds_LP_MSPM0G3507_release_ticlang\Debug\</path>
         <kind>archive</kind>
         <file>freertos_builds_LP_MSPM0G3507_release_ticlang.lib</file>
         <name>timers.o</name>
      </input_file>
      <input_file id="fl-1b">
         <path>D:\compitation\NUEDC\diansai\freertos_builds_LP_MSPM0G3507_release_ticlang\Debug\</path>
         <kind>archive</kind>
         <file>freertos_builds_LP_MSPM0G3507_release_ticlang.lib</file>
         <name>port.o</name>
      </input_file>
      <input_file id="fl-1c">
         <path>D:\compitation\NUEDC\diansai\freertos_builds_LP_MSPM0G3507_release_ticlang\Debug\</path>
         <kind>archive</kind>
         <file>freertos_builds_LP_MSPM0G3507_release_ticlang.lib</file>
         <name>portasm.o</name>
      </input_file>
      <input_file id="fl-1d">
         <path>D:\compitation\NUEDC\diansai\freertos_builds_LP_MSPM0G3507_release_ticlang\Debug\</path>
         <kind>archive</kind>
         <file>freertos_builds_LP_MSPM0G3507_release_ticlang.lib</file>
         <name>PTLS.o</name>
      </input_file>
      <input_file id="fl-1e">
         <path>D:\compitation\NUEDC\diansai\freertos_builds_LP_MSPM0G3507_release_ticlang\Debug\</path>
         <kind>archive</kind>
         <file>freertos_builds_LP_MSPM0G3507_release_ticlang.lib</file>
         <name>StaticAllocs_freertos.o</name>
      </input_file>
      <input_file id="fl-1f">
         <path>D:\compitation\NUEDC\diansai\freertos_builds_LP_MSPM0G3507_release_ticlang\Debug\</path>
         <kind>archive</kind>
         <file>freertos_builds_LP_MSPM0G3507_release_ticlang.lib</file>
         <name>heap_4.o</name>
      </input_file>
      <input_file id="fl-20">
         <path>D:\compitation\NUEDC\diansai\freertos_builds_LP_MSPM0G3507_release_ticlang\Debug\</path>
         <kind>archive</kind>
         <file>freertos_builds_LP_MSPM0G3507_release_ticlang.lib</file>
         <name>list.o</name>
      </input_file>
      <input_file id="fl-21">
         <path>D:\LeStoreDownload\CCS\mspm0_sdk_2_10_00_04\source\ti\driverlib\lib\ticlang\m0p\mspm0g1x0x_g3x0x\</path>
         <kind>archive</kind>
         <file>driverlib.a</file>
         <name>dl_adc12.o</name>
      </input_file>
      <input_file id="fl-22">
         <path>D:\LeStoreDownload\CCS\mspm0_sdk_2_10_00_04\source\ti\driverlib\lib\ticlang\m0p\mspm0g1x0x_g3x0x\</path>
         <kind>archive</kind>
         <file>driverlib.a</file>
         <name>dl_common.o</name>
      </input_file>
      <input_file id="fl-23">
         <path>D:\LeStoreDownload\CCS\mspm0_sdk_2_10_00_04\source\ti\driverlib\lib\ticlang\m0p\mspm0g1x0x_g3x0x\</path>
         <kind>archive</kind>
         <file>driverlib.a</file>
         <name>dl_timer.o</name>
      </input_file>
      <input_file id="fl-24">
         <path>D:\LeStoreDownload\CCS\mspm0_sdk_2_10_00_04\source\ti\driverlib\lib\ticlang\m0p\mspm0g1x0x_g3x0x\</path>
         <kind>archive</kind>
         <file>driverlib.a</file>
         <name>dl_uart.o</name>
      </input_file>
      <input_file id="fl-25">
         <path>D:\LeStoreDownload\CCS\mspm0_sdk_2_10_00_04\source\ti\driverlib\lib\ticlang\m0p\mspm0g1x0x_g3x0x\</path>
         <kind>archive</kind>
         <file>driverlib.a</file>
         <name>dl_sysctl_mspm0g1x0x_g3x0x.o</name>
      </input_file>
      <input_file id="fl-3c">
         <path>D:\LeStoreDownload\CCS\ti_cgt_arm_llvm_4.0.2.LTS\lib\armv6m-ti-none-eabi\c\</path>
         <kind>archive</kind>
         <file>libc.a</file>
         <name>boot_cortex_m.c.obj</name>
      </input_file>
      <input_file id="fl-3d">
         <path>D:\LeStoreDownload\CCS\ti_cgt_arm_llvm_4.0.2.LTS\lib\armv6m-ti-none-eabi\c\</path>
         <kind>archive</kind>
         <file>libc.a</file>
         <name>mathacl_init.c.obj</name>
      </input_file>
      <input_file id="fl-3e">
         <path>D:\LeStoreDownload\CCS\ti_cgt_arm_llvm_4.0.2.LTS\lib\armv6m-ti-none-eabi\c\</path>
         <kind>archive</kind>
         <file>libc.a</file>
         <name>autoinit.c.obj</name>
      </input_file>
      <input_file id="fl-3f">
         <path>D:\LeStoreDownload\CCS\ti_cgt_arm_llvm_4.0.2.LTS\lib\armv6m-ti-none-eabi\c\</path>
         <kind>archive</kind>
         <file>libc.a</file>
         <name>pre_init.c.obj</name>
      </input_file>
      <input_file id="fl-40">
         <path>D:\LeStoreDownload\CCS\ti_cgt_arm_llvm_4.0.2.LTS\lib\armv6m-ti-none-eabi\c\</path>
         <kind>archive</kind>
         <file>libc.a</file>
         <name>cpy_tbl.c.obj</name>
      </input_file>
      <input_file id="fl-41">
         <path>D:\LeStoreDownload\CCS\ti_cgt_arm_llvm_4.0.2.LTS\lib\armv6m-ti-none-eabi\c\</path>
         <kind>archive</kind>
         <file>libc.a</file>
         <name>copy_zero_init.c.obj</name>
      </input_file>
      <input_file id="fl-42">
         <path>D:\LeStoreDownload\CCS\ti_cgt_arm_llvm_4.0.2.LTS\lib\armv6m-ti-none-eabi\c\</path>
         <kind>archive</kind>
         <file>libc.a</file>
         <name>copy_decompress_none.c.obj</name>
      </input_file>
      <input_file id="fl-43">
         <path>D:\LeStoreDownload\CCS\ti_cgt_arm_llvm_4.0.2.LTS\lib\armv6m-ti-none-eabi\c\</path>
         <kind>archive</kind>
         <file>libc.a</file>
         <name>copy_decompress_lzss.c.obj</name>
      </input_file>
      <input_file id="fl-44">
         <path>D:\LeStoreDownload\CCS\ti_cgt_arm_llvm_4.0.2.LTS\lib\armv6m-ti-none-eabi\c\</path>
         <kind>archive</kind>
         <file>libc.a</file>
         <name>exit.c.obj</name>
      </input_file>
      <input_file id="fl-45">
         <path>D:\LeStoreDownload\CCS\ti_cgt_arm_llvm_4.0.2.LTS\lib\armv6m-ti-none-eabi\c\</path>
         <kind>archive</kind>
         <file>libc.a</file>
         <name>_lock.c.obj</name>
      </input_file>
      <input_file id="fl-46">
         <path>D:\LeStoreDownload\CCS\ti_cgt_arm_llvm_4.0.2.LTS\lib\armv6m-ti-none-eabi\c\</path>
         <kind>archive</kind>
         <file>libc.a</file>
         <name>args_main.c.obj</name>
      </input_file>
      <input_file id="fl-e6">
         <path>D:\LeStoreDownload\CCS\ti_cgt_arm_llvm_4.0.2.LTS\lib\armv6m-ti-none-eabi\c\</path>
         <kind>archive</kind>
         <file>libsysbm.a</file>
         <name>hostexit.c.obj</name>
      </input_file>
      <input_file id="fl-e7">
         <path>D:\LeStoreDownload\CCS\ti_cgt_arm_llvm_4.0.2.LTS\lib\armv6m-ti-none-eabi\</path>
         <kind>archive</kind>
         <file>libclang_rt.builtins.a</file>
         <name>aeabi_memcpy.S.obj</name>
      </input_file>
      <input_file id="fl-e8">
         <path>D:\LeStoreDownload\CCS\ti_cgt_arm_llvm_4.0.2.LTS\lib\armv6m-ti-none-eabi\</path>
         <kind>archive</kind>
         <file>libclang_rt.builtins.a</file>
         <name>aeabi_memset.S.obj</name>
      </input_file>
      <input_file id="fl-e9">
         <path>D:\LeStoreDownload\CCS\ti_cgt_arm_llvm_4.0.2.LTS\lib\armv6m-ti-none-eabi\</path>
         <kind>archive</kind>
         <file>libclang_rt.builtins.a</file>
         <name>aeabi_uidivmod.S.obj</name>
      </input_file>
      <input_file id="fl-ea">
         <path>D:\LeStoreDownload\CCS\ti_cgt_arm_llvm_4.0.2.LTS\lib\armv6m-ti-none-eabi\</path>
         <kind>archive</kind>
         <file>libclang_rt.builtins.a</file>
         <name>aeabi_div0.c.obj</name>
      </input_file>
      <input_file id="fl-eb">
         <path>D:\LeStoreDownload\CCS\ti_cgt_arm_llvm_4.0.2.LTS\lib\armv6m-ti-none-eabi\c\</path>
         <kind>archive</kind>
         <file>libc.a</file>
         <name>memcpy16.S.obj</name>
      </input_file>
      <input_file id="fl-ec">
         <path>D:\LeStoreDownload\CCS\ti_cgt_arm_llvm_4.0.2.LTS\lib\armv6m-ti-none-eabi\c\</path>
         <kind>archive</kind>
         <file>libc.a</file>
         <name>memset16.S.obj</name>
      </input_file>
   </input_file_list>
   <object_component_list>
      <object_component id="oc-18">
         <name>.intvecs</name>
         <load_address>0x0</load_address>
         <readonly>true</readonly>
         <run_address>0x0</run_address>
         <size>0xc0</size>
         <alignment>0x4</alignment>
         <input_file_ref idref="fl-2"/>
      </object_component>
      <object_component id="oc-17e">
         <name>.text.OLED_WriteCommand</name>
         <load_address>0xc0</load_address>
         <readonly>true</readonly>
         <executable>true</executable>
         <run_address>0xc0</run_address>
         <size>0x374</size>
         <alignment>0x4</alignment>
         <input_file_ref idref="fl-8"/>
      </object_component>
      <object_component id="oc-17f">
         <name>.text.OLED_WriteData</name>
         <load_address>0x434</load_address>
         <readonly>true</readonly>
         <executable>true</executable>
         <run_address>0x434</run_address>
         <size>0x364</size>
         <alignment>0x4</alignment>
         <input_file_ref idref="fl-8"/>
      </object_component>
      <object_component id="oc-182">
         <name>.text.OLED_ShowSignedNum</name>
         <load_address>0x798</load_address>
         <readonly>true</readonly>
         <executable>true</executable>
         <run_address>0x798</run_address>
         <size>0x330</size>
         <alignment>0x2</alignment>
         <input_file_ref idref="fl-8"/>
      </object_component>
      <object_component id="oc-185">
         <name>.text.OLED_ShowNum</name>
         <load_address>0xac8</load_address>
         <readonly>true</readonly>
         <executable>true</executable>
         <run_address>0xac8</run_address>
         <size>0x2f6</size>
         <alignment>0x2</alignment>
         <input_file_ref idref="fl-8"/>
      </object_component>
      <object_component id="oc-187">
         <name>.text.OLED_ShowHexNum</name>
         <load_address>0xdbe</load_address>
         <readonly>true</readonly>
         <executable>true</executable>
         <run_address>0xdbe</run_address>
         <size>0x2ea</size>
         <alignment>0x2</alignment>
         <input_file_ref idref="fl-8"/>
      </object_component>
      <object_component id="oc-14f">
         <name>.text.SYSCFG_DL_SYSCTL_SYSPLL_init</name>
         <load_address>0x10a8</load_address>
         <readonly>true</readonly>
         <executable>true</executable>
         <run_address>0x10a8</run_address>
         <size>0x2a8</size>
         <alignment>0x4</alignment>
         <input_file_ref idref="fl-1"/>
      </object_component>
      <object_component id="oc-188">
         <name>.text.OLED_ShowBinNum</name>
         <load_address>0x1350</load_address>
         <readonly>true</readonly>
         <executable>true</executable>
         <run_address>0x1350</run_address>
         <size>0x2a6</size>
         <alignment>0x2</alignment>
         <input_file_ref idref="fl-8"/>
      </object_component>
      <object_component id="oc-3e">
         <name>.text.Default_Handler</name>
         <load_address>0x15f6</load_address>
         <readonly>true</readonly>
         <executable>true</executable>
         <run_address>0x15f6</run_address>
         <size>0x2</size>
         <alignment>0x2</alignment>
         <input_file_ref idref="fl-2"/>
      </object_component>
      <object_component id="oc-11a">
         <name>.text.pvPortMalloc</name>
         <load_address>0x15f8</load_address>
         <readonly>true</readonly>
         <executable>true</executable>
         <run_address>0x15f8</run_address>
         <size>0x294</size>
         <alignment>0x4</alignment>
         <input_file_ref idref="fl-1f"/>
      </object_component>
      <object_component id="oc-10a">
         <name>.text.OLED_Init</name>
         <load_address>0x188c</load_address>
         <readonly>true</readonly>
         <executable>true</executable>
         <run_address>0x188c</run_address>
         <size>0x260</size>
         <alignment>0x4</alignment>
         <input_file_ref idref="fl-8"/>
      </object_component>
      <object_component id="oc-7e">
         <name>.text.xTaskIncrementTick</name>
         <load_address>0x1aec</load_address>
         <readonly>true</readonly>
         <executable>true</executable>
         <run_address>0x1aec</run_address>
         <size>0x210</size>
         <alignment>0x4</alignment>
         <input_file_ref idref="fl-19"/>
      </object_component>
      <object_component id="oc-191">
         <name>.text.xTaskResumeAll</name>
         <load_address>0x1cfc</load_address>
         <readonly>true</readonly>
         <executable>true</executable>
         <run_address>0x1cfc</run_address>
         <size>0x1f8</size>
         <alignment>0x4</alignment>
         <input_file_ref idref="fl-19"/>
      </object_component>
      <object_component id="oc-178">
         <name>.text.xQueueGenericSend</name>
         <load_address>0x1ef4</load_address>
         <readonly>true</readonly>
         <executable>true</executable>
         <run_address>0x1ef4</run_address>
         <size>0x1d2</size>
         <alignment>0x2</alignment>
         <input_file_ref idref="fl-18"/>
      </object_component>
      <object_component id="oc-183">
         <name>.text.OLED_Clear</name>
         <load_address>0x20c6</load_address>
         <readonly>true</readonly>
         <executable>true</executable>
         <run_address>0x20c6</run_address>
         <size>0x1bc</size>
         <alignment>0x2</alignment>
         <input_file_ref idref="fl-8"/>
      </object_component>
      <object_component id="oc-12b">
         <name>.text.xQueueReceive</name>
         <load_address>0x2282</load_address>
         <readonly>true</readonly>
         <executable>true</executable>
         <run_address>0x2282</run_address>
         <size>0x1a4</size>
         <alignment>0x2</alignment>
         <input_file_ref idref="fl-18"/>
      </object_component>
      <object_component id="oc-189">
         <name>.text.__aeabi_idiv0</name>
         <load_address>0x2426</load_address>
         <readonly>true</readonly>
         <executable>true</executable>
         <run_address>0x2426</run_address>
         <size>0x2</size>
         <alignment>0x2</alignment>
         <input_file_ref idref="fl-ea"/>
      </object_component>
      <object_component id="oc-100">
         <name>.text.vTaskKeyScan</name>
         <load_address>0x2428</load_address>
         <readonly>true</readonly>
         <executable>true</executable>
         <run_address>0x2428</run_address>
         <size>0x1a0</size>
         <alignment>0x4</alignment>
         <input_file_ref idref="fl-6"/>
      </object_component>
      <object_component id="oc-ac">
         <name>.text.xTaskRemoveFromEventList</name>
         <load_address>0x25c8</load_address>
         <readonly>true</readonly>
         <executable>true</executable>
         <run_address>0x25c8</run_address>
         <size>0x18c</size>
         <alignment>0x4</alignment>
         <input_file_ref idref="fl-19"/>
      </object_component>
      <object_component id="oc-1f8">
         <name>.text.prvProcessReceivedCommands</name>
         <load_address>0x2754</load_address>
         <readonly>true</readonly>
         <executable>true</executable>
         <run_address>0x2754</run_address>
         <size>0x15c</size>
         <alignment>0x4</alignment>
         <input_file_ref idref="fl-1a"/>
      </object_component>
      <object_component id="oc-80">
         <name>.text.xQueueGenericSendFromISR</name>
         <load_address>0x28b0</load_address>
         <readonly>true</readonly>
         <executable>true</executable>
         <run_address>0x28b0</run_address>
         <size>0x13a</size>
         <alignment>0x2</alignment>
         <input_file_ref idref="fl-18"/>
      </object_component>
      <object_component id="oc-121">
         <name>.text.prvAddNewTaskToReadyList</name>
         <load_address>0x29ec</load_address>
         <readonly>true</readonly>
         <executable>true</executable>
         <run_address>0x29ec</run_address>
         <size>0x128</size>
         <alignment>0x4</alignment>
         <input_file_ref idref="fl-19"/>
      </object_component>
      <object_component id="oc-12c">
         <name>.text.Oled_Queue_ShowString</name>
         <load_address>0x2b14</load_address>
         <readonly>true</readonly>
         <executable>true</executable>
         <run_address>0x2b14</run_address>
         <size>0x114</size>
         <alignment>0x4</alignment>
         <input_file_ref idref="fl-9"/>
      </object_component>
      <object_component id="oc-1e2">
         <name>.text.pxPortInitialiseStack</name>
         <load_address>0x2c28</load_address>
         <readonly>true</readonly>
         <executable>true</executable>
         <run_address>0x2c28</run_address>
         <size>0x114</size>
         <alignment>0x4</alignment>
         <input_file_ref idref="fl-1b"/>
      </object_component>
      <object_component id="oc-1de">
         <name>.text.prvInsertBlockIntoFreeList</name>
         <load_address>0x2d3c</load_address>
         <readonly>true</readonly>
         <executable>true</executable>
         <run_address>0x2d3c</run_address>
         <size>0x10c</size>
         <alignment>0x4</alignment>
         <input_file_ref idref="fl-1f"/>
      </object_component>
      <object_component id="oc-1c">
         <name>.text.vTaskSwitchContext</name>
         <load_address>0x2e48</load_address>
         <readonly>true</readonly>
         <executable>true</executable>
         <run_address>0x2e48</run_address>
         <size>0x10c</size>
         <alignment>0x4</alignment>
         <input_file_ref idref="fl-19"/>
      </object_component>
      <object_component id="oc-e7">
         <name>.text.xTaskPriorityDisinherit</name>
         <load_address>0x2f54</load_address>
         <readonly>true</readonly>
         <executable>true</executable>
         <run_address>0x2f54</run_address>
         <size>0x108</size>
         <alignment>0x4</alignment>
         <input_file_ref idref="fl-19"/>
      </object_component>
      <object_component id="oc-158">
         <name>.text.DL_Timer_initFourCCPWMMode</name>
         <load_address>0x305c</load_address>
         <readonly>true</readonly>
         <executable>true</executable>
         <run_address>0x305c</run_address>
         <size>0x104</size>
         <alignment>0x4</alignment>
         <input_file_ref idref="fl-23"/>
      </object_component>
      <object_component id="oc-19c">
         <name>.text.prvInitialiseNewTask</name>
         <load_address>0x3160</load_address>
         <readonly>true</readonly>
         <executable>true</executable>
         <run_address>0x3160</run_address>
         <size>0x104</size>
         <alignment>0x2</alignment>
         <input_file_ref idref="fl-19"/>
      </object_component>
      <object_component id="oc-160">
         <name>.text.DL_Timer_initTimerMode</name>
         <load_address>0x3264</load_address>
         <readonly>true</readonly>
         <executable>true</executable>
         <run_address>0x3264</run_address>
         <size>0xfc</size>
         <alignment>0x4</alignment>
         <input_file_ref idref="fl-23"/>
      </object_component>
      <object_component id="oc-19b">
         <name>.text.vPortFree</name>
         <load_address>0x3360</load_address>
         <readonly>true</readonly>
         <executable>true</executable>
         <run_address>0x3360</run_address>
         <size>0xf8</size>
         <alignment>0x4</alignment>
         <input_file_ref idref="fl-1f"/>
      </object_component>
      <object_component id="oc-1d7">
         <name>.text.prvAddCurrentTaskToDelayedList</name>
         <load_address>0x3458</load_address>
         <readonly>true</readonly>
         <executable>true</executable>
         <run_address>0x3458</run_address>
         <size>0xe4</size>
         <alignment>0x4</alignment>
         <input_file_ref idref="fl-19"/>
      </object_component>
      <object_component id="oc-19a">
         <name>.text.xQueueGenericReset</name>
         <load_address>0x353c</load_address>
         <readonly>true</readonly>
         <executable>true</executable>
         <run_address>0x353c</run_address>
         <size>0xe4</size>
         <alignment>0x2</alignment>
         <input_file_ref idref="fl-18"/>
      </object_component>
      <object_component id="oc-149">
         <name>.text.DL_SYSCTL_configSYSPLL</name>
         <load_address>0x3620</load_address>
         <readonly>true</readonly>
         <executable>true</executable>
         <run_address>0x3620</run_address>
         <size>0xdc</size>
         <alignment>0x4</alignment>
         <input_file_ref idref="fl-25"/>
      </object_component>
      <object_component id="oc-176">
         <name>.text.xTaskDelayUntil</name>
         <load_address>0x36fc</load_address>
         <readonly>true</readonly>
         <executable>true</executable>
         <run_address>0x36fc</run_address>
         <size>0xdc</size>
         <alignment>0x4</alignment>
         <input_file_ref idref="fl-19"/>
      </object_component>
      <object_component id="oc-ab">
         <name>.text.prvCopyDataToQueue</name>
         <load_address>0x37d8</load_address>
         <readonly>true</readonly>
         <executable>true</executable>
         <run_address>0x37d8</run_address>
         <size>0xd4</size>
         <alignment>0x2</alignment>
         <input_file_ref idref="fl-18"/>
      </object_component>
      <object_component id="oc-122">
         <name>.text.prvCreateIdleTasks</name>
         <load_address>0x38ac</load_address>
         <readonly>true</readonly>
         <executable>true</executable>
         <run_address>0x38ac</run_address>
         <size>0xcc</size>
         <alignment>0x4</alignment>
         <input_file_ref idref="fl-19"/>
      </object_component>
      <object_component id="oc-186">
         <name>.text.OLED_ShowChar</name>
         <load_address>0x3978</load_address>
         <readonly>true</readonly>
         <executable>true</executable>
         <run_address>0x3978</run_address>
         <size>0xc4</size>
         <alignment>0x4</alignment>
         <input_file_ref idref="fl-8"/>
      </object_component>
      <object_component id="oc-1bd">
         <name>.text.prvUnlockQueue</name>
         <load_address>0x3a3c</load_address>
         <readonly>true</readonly>
         <executable>true</executable>
         <run_address>0x3a3c</run_address>
         <size>0xb6</size>
         <alignment>0x2</alignment>
         <input_file_ref idref="fl-18"/>
      </object_component>
      <object_component id="oc-1ba">
         <name>.text.xTaskCheckForTimeOut</name>
         <load_address>0x3af4</load_address>
         <readonly>true</readonly>
         <executable>true</executable>
         <run_address>0x3af4</run_address>
         <size>0xb4</size>
         <alignment>0x4</alignment>
         <input_file_ref idref="fl-19"/>
      </object_component>
      <object_component id="oc-f3">
         <name>.text.SYSCFG_DL_SYSCTL_init</name>
         <load_address>0x3ba8</load_address>
         <readonly>true</readonly>
         <executable>true</executable>
         <run_address>0x3ba8</run_address>
         <size>0xac</size>
         <alignment>0x4</alignment>
         <input_file_ref idref="fl-1"/>
      </object_component>
      <object_component id="oc-f2">
         <name>.text.SYSCFG_DL_GPIO_init</name>
         <load_address>0x3c54</load_address>
         <readonly>true</readonly>
         <executable>true</executable>
         <run_address>0x3c54</run_address>
         <size>0xa8</size>
         <alignment>0x4</alignment>
         <input_file_ref idref="fl-1"/>
      </object_component>
      <object_component id="oc-111">
         <name>.text.vTaskOledDisplay</name>
         <load_address>0x3cfc</load_address>
         <readonly>true</readonly>
         <executable>true</executable>
         <run_address>0x3cfc</run_address>
         <size>0xa4</size>
         <alignment>0x4</alignment>
         <input_file_ref idref="fl-9"/>
      </object_component>
      <object_component id="oc-190">
         <name>.text.prvHeapInit</name>
         <load_address>0x3da0</load_address>
         <readonly>true</readonly>
         <executable>true</executable>
         <run_address>0x3da0</run_address>
         <size>0xa0</size>
         <alignment>0x4</alignment>
         <input_file_ref idref="fl-1f"/>
      </object_component>
      <object_component id="oc-1ed">
         <name>.text.xQueueGenericCreateStatic</name>
         <load_address>0x3e40</load_address>
         <readonly>true</readonly>
         <executable>true</executable>
         <run_address>0x3e40</run_address>
         <size>0xa0</size>
         <alignment>0x2</alignment>
         <input_file_ref idref="fl-18"/>
      </object_component>
      <object_component id="oc-b5">
         <name>.text:memcpy</name>
         <load_address>0x3ee0</load_address>
         <readonly>true</readonly>
         <executable>true</executable>
         <run_address>0x3ee0</run_address>
         <size>0x9a</size>
         <alignment>0x1</alignment>
         <input_file_ref idref="fl-eb"/>
      </object_component>
      <object_component id="oc-1eb">
         <name>.text.prvCreateStaticTask</name>
         <load_address>0x3f7a</load_address>
         <readonly>true</readonly>
         <executable>true</executable>
         <run_address>0x3f7a</run_address>
         <size>0x98</size>
         <alignment>0x2</alignment>
         <input_file_ref idref="fl-19"/>
      </object_component>
      <object_component id="oc-c8">
         <name>.text.xQueueGenericCreate</name>
         <load_address>0x4012</load_address>
         <readonly>true</readonly>
         <executable>true</executable>
         <run_address>0x4012</run_address>
         <size>0x94</size>
         <alignment>0x2</alignment>
         <input_file_ref idref="fl-18"/>
      </object_component>
      <object_component id="oc-1f7">
         <name>.text.prvProcessTimerOrBlockTask</name>
         <load_address>0x40a8</load_address>
         <readonly>true</readonly>
         <executable>true</executable>
         <run_address>0x40a8</run_address>
         <size>0x8c</size>
         <alignment>0x4</alignment>
         <input_file_ref idref="fl-1a"/>
      </object_component>
      <object_component id="oc-120">
         <name>.text.prvCreateTask</name>
         <load_address>0x4134</load_address>
         <readonly>true</readonly>
         <executable>true</executable>
         <run_address>0x4134</run_address>
         <size>0x84</size>
         <alignment>0x2</alignment>
         <input_file_ref idref="fl-19"/>
      </object_component>
      <object_component id="oc-200">
         <name>.text.prvInsertTimerInActiveList</name>
         <load_address>0x41b8</load_address>
         <readonly>true</readonly>
         <executable>true</executable>
         <run_address>0x41b8</run_address>
         <size>0x84</size>
         <alignment>0x4</alignment>
         <input_file_ref idref="fl-1a"/>
      </object_component>
      <object_component id="oc-128">
         <name>.text.xPortStartScheduler</name>
         <load_address>0x423c</load_address>
         <readonly>true</readonly>
         <executable>true</executable>
         <run_address>0x423c</run_address>
         <size>0x80</size>
         <alignment>0x4</alignment>
         <input_file_ref idref="fl-1b"/>
      </object_component>
      <object_component id="oc-19e">
         <name>.text.prvInitialiseTaskLists</name>
         <load_address>0x42bc</load_address>
         <readonly>true</readonly>
         <executable>true</executable>
         <run_address>0x42bc</run_address>
         <size>0x7c</size>
         <alignment>0x4</alignment>
         <input_file_ref idref="fl-19"/>
      </object_component>
      <object_component id="oc-123">
         <name>.text.xTimerCreateTimerTask</name>
         <load_address>0x4338</load_address>
         <readonly>true</readonly>
         <executable>true</executable>
         <run_address>0x4338</run_address>
         <size>0x7c</size>
         <alignment>0x4</alignment>
         <input_file_ref idref="fl-1a"/>
      </object_component>
      <object_component id="oc-27">
         <name>.text:decompress:lzss</name>
         <load_address>0x43b4</load_address>
         <readonly>true</readonly>
         <executable>true</executable>
         <run_address>0x43b4</run_address>
         <size>0x7c</size>
         <alignment>0x4</alignment>
         <input_file_ref idref="fl-43"/>
      </object_component>
      <object_component id="oc-f5">
         <name>.text.SYSCFG_DL_PWM_0_init</name>
         <load_address>0x4430</load_address>
         <readonly>true</readonly>
         <executable>true</executable>
         <run_address>0x4430</run_address>
         <size>0x74</size>
         <alignment>0x4</alignment>
         <input_file_ref idref="fl-1"/>
      </object_component>
      <object_component id="oc-f6">
         <name>.text.SYSCFG_DL_PWM_1_init</name>
         <load_address>0x44a4</load_address>
         <readonly>true</readonly>
         <executable>true</executable>
         <run_address>0x44a4</run_address>
         <size>0x74</size>
         <alignment>0x4</alignment>
         <input_file_ref idref="fl-1"/>
      </object_component>
      <object_component id="oc-204">
         <name>.text.vTaskPlaceOnEventListRestricted</name>
         <load_address>0x4518</load_address>
         <readonly>true</readonly>
         <executable>true</executable>
         <run_address>0x4518</run_address>
         <size>0x74</size>
         <alignment>0x4</alignment>
         <input_file_ref idref="fl-19"/>
      </object_component>
      <object_component id="oc-f8">
         <name>.text.SYSCFG_DL_UART_0_init</name>
         <load_address>0x458c</load_address>
         <readonly>true</readonly>
         <executable>true</executable>
         <run_address>0x458c</run_address>
         <size>0x70</size>
         <alignment>0x4</alignment>
         <input_file_ref idref="fl-1"/>
      </object_component>
      <object_component id="oc-1ab">
         <name>.text.prvCheckForValidListAndQueue</name>
         <load_address>0x45fc</load_address>
         <readonly>true</readonly>
         <executable>true</executable>
         <run_address>0x45fc</run_address>
         <size>0x6c</size>
         <alignment>0x4</alignment>
         <input_file_ref idref="fl-1a"/>
      </object_component>
      <object_component id="oc-1f9">
         <name>.text.vListInsert</name>
         <load_address>0x4668</load_address>
         <readonly>true</readonly>
         <executable>true</executable>
         <run_address>0x4668</run_address>
         <size>0x6c</size>
         <alignment>0x2</alignment>
         <input_file_ref idref="fl-20"/>
      </object_component>
      <object_component id="oc-1ff">
         <name>.text.vQueueWaitForMessageRestricted</name>
         <load_address>0x46d4</load_address>
         <readonly>true</readonly>
         <executable>true</executable>
         <run_address>0x46d4</run_address>
         <size>0x6a</size>
         <alignment>0x2</alignment>
         <input_file_ref idref="fl-18"/>
      </object_component>
      <object_component id="oc-ca">
         <name>.text.vTaskStartScheduler</name>
         <load_address>0x4740</load_address>
         <readonly>true</readonly>
         <executable>true</executable>
         <run_address>0x4740</run_address>
         <size>0x68</size>
         <alignment>0x4</alignment>
         <input_file_ref idref="fl-19"/>
      </object_component>
      <object_component id="oc-f0">
         <name>.text:memset</name>
         <load_address>0x47a8</load_address>
         <readonly>true</readonly>
         <executable>true</executable>
         <run_address>0x47a8</run_address>
         <size>0x62</size>
         <alignment>0x1</alignment>
         <input_file_ref idref="fl-ec"/>
      </object_component>
      <object_component id="oc-f1">
         <name>.text.SYSCFG_DL_initPower</name>
         <load_address>0x480c</load_address>
         <readonly>true</readonly>
         <executable>true</executable>
         <run_address>0x480c</run_address>
         <size>0x60</size>
         <alignment>0x4</alignment>
         <input_file_ref idref="fl-1"/>
      </object_component>
      <object_component id="oc-bf">
         <name>.text.Key_FreeRTOS_Init</name>
         <load_address>0x486c</load_address>
         <readonly>true</readonly>
         <executable>true</executable>
         <run_address>0x486c</run_address>
         <size>0x5c</size>
         <alignment>0x4</alignment>
         <input_file_ref idref="fl-7"/>
      </object_component>
      <object_component id="oc-99">
         <name>.text.main</name>
         <load_address>0x48c8</load_address>
         <readonly>true</readonly>
         <executable>true</executable>
         <run_address>0x48c8</run_address>
         <size>0x5c</size>
         <alignment>0x4</alignment>
         <input_file_ref idref="fl-3"/>
      </object_component>
      <object_component id="oc-184">
         <name>.text.OLED_ShowString</name>
         <load_address>0x4924</load_address>
         <readonly>true</readonly>
         <executable>true</executable>
         <run_address>0x4924</run_address>
         <size>0x54</size>
         <alignment>0x2</alignment>
         <input_file_ref idref="fl-8"/>
      </object_component>
      <object_component id="oc-1ec">
         <name>.text.prvCheckTasksWaitingTermination</name>
         <load_address>0x4978</load_address>
         <readonly>true</readonly>
         <executable>true</executable>
         <run_address>0x4978</run_address>
         <size>0x50</size>
         <alignment>0x4</alignment>
         <input_file_ref idref="fl-19"/>
      </object_component>
      <object_component id="oc-1fb">
         <name>.text.prvDeleteTCB</name>
         <load_address>0x49c8</load_address>
         <readonly>true</readonly>
         <executable>true</executable>
         <run_address>0x49c8</run_address>
         <size>0x50</size>
         <alignment>0x2</alignment>
         <input_file_ref idref="fl-19"/>
      </object_component>
      <object_component id="oc-1fe">
         <name>.text.prvProcessExpiredTimer</name>
         <load_address>0x4a18</load_address>
         <readonly>true</readonly>
         <executable>true</executable>
         <run_address>0x4a18</run_address>
         <size>0x50</size>
         <alignment>0x4</alignment>
         <input_file_ref idref="fl-1a"/>
      </object_component>
      <object_component id="oc-106">
         <name>.text.vTaskKeyLogic</name>
         <load_address>0x4a68</load_address>
         <readonly>true</readonly>
         <executable>true</executable>
         <run_address>0x4a68</run_address>
         <size>0x4c</size>
         <alignment>0x4</alignment>
         <input_file_ref idref="fl-6"/>
      </object_component>
      <object_component id="oc-1a7">
         <name>.text.xTaskCreateStatic</name>
         <load_address>0x4ab4</load_address>
         <readonly>true</readonly>
         <executable>true</executable>
         <run_address>0x4ab4</run_address>
         <size>0x4c</size>
         <alignment>0x2</alignment>
         <input_file_ref idref="fl-19"/>
      </object_component>
      <object_component id="oc-169">
         <name>.text.DL_UART_init</name>
         <load_address>0x4b00</load_address>
         <readonly>true</readonly>
         <executable>true</executable>
         <run_address>0x4b00</run_address>
         <size>0x48</size>
         <alignment>0x4</alignment>
         <input_file_ref idref="fl-24"/>
      </object_component>
      <object_component id="oc-46">
         <name>.text.UART0_IRQHandler</name>
         <load_address>0x4b48</load_address>
         <readonly>true</readonly>
         <executable>true</executable>
         <run_address>0x4b48</run_address>
         <size>0x48</size>
         <alignment>0x4</alignment>
         <input_file_ref idref="fl-5"/>
      </object_component>
      <object_component id="oc-13f">
         <name>.text.uxListRemove</name>
         <load_address>0x4b90</load_address>
         <readonly>true</readonly>
         <executable>true</executable>
         <run_address>0x4b90</run_address>
         <size>0x48</size>
         <alignment>0x2</alignment>
         <input_file_ref idref="fl-20"/>
      </object_component>
      <object_component id="oc-c9">
         <name>.text.xTaskCreate</name>
         <load_address>0x4bd8</load_address>
         <readonly>true</readonly>
         <executable>true</executable>
         <run_address>0x4bd8</run_address>
         <size>0x48</size>
         <alignment>0x2</alignment>
         <input_file_ref idref="fl-19"/>
      </object_component>
      <object_component id="oc-11f">
         <name>.text.prvInitialiseNewQueue</name>
         <load_address>0x4c20</load_address>
         <readonly>true</readonly>
         <executable>true</executable>
         <run_address>0x4c20</run_address>
         <size>0x46</size>
         <alignment>0x2</alignment>
         <input_file_ref idref="fl-18"/>
      </object_component>
      <object_component id="oc-150">
         <name>.text.DL_SYSCTL_switchMCLKfromSYSOSCtoHSCLK</name>
         <load_address>0x4c68</load_address>
         <readonly>true</readonly>
         <executable>true</executable>
         <run_address>0x4c68</run_address>
         <size>0x44</size>
         <alignment>0x4</alignment>
         <input_file_ref idref="fl-25"/>
      </object_component>
      <object_component id="oc-c3">
         <name>.text.Oled_FreeRTOS_Init</name>
         <load_address>0x4cac</load_address>
         <readonly>true</readonly>
         <executable>true</executable>
         <run_address>0x4cac</run_address>
         <size>0x44</size>
         <alignment>0x4</alignment>
         <input_file_ref idref="fl-9"/>
      </object_component>
      <object_component id="oc-44">
         <name>.text.PendSV_Handler</name>
         <load_address>0x4cf0</load_address>
         <readonly>true</readonly>
         <executable>true</executable>
         <run_address>0x4cf0</run_address>
         <size>0x44</size>
         <alignment>0x10</alignment>
         <input_file_ref idref="fl-1c"/>
      </object_component>
      <object_component id="oc-1b8">
         <name>.text.prvCopyDataFromQueue</name>
         <load_address>0x4d34</load_address>
         <readonly>true</readonly>
         <executable>true</executable>
         <run_address>0x4d34</run_address>
         <size>0x44</size>
         <alignment>0x2</alignment>
         <input_file_ref idref="fl-18"/>
      </object_component>
      <object_component id="oc-202">
         <name>.text.prvSwitchTimerLists</name>
         <load_address>0x4d78</load_address>
         <readonly>true</readonly>
         <executable>true</executable>
         <run_address>0x4d78</run_address>
         <size>0x44</size>
         <alignment>0x4</alignment>
         <input_file_ref idref="fl-1a"/>
      </object_component>
      <object_component id="oc-cc">
         <name>.text.vTaskMainBrain</name>
         <load_address>0x4dbc</load_address>
         <readonly>true</readonly>
         <executable>true</executable>
         <run_address>0x4dbc</run_address>
         <size>0x44</size>
         <alignment>0x4</alignment>
         <input_file_ref idref="fl-3"/>
      </object_component>
      <object_component id="oc-16c">
         <name>.text.DL_ADC12_setClockConfig</name>
         <load_address>0x4e00</load_address>
         <readonly>true</readonly>
         <executable>true</executable>
         <run_address>0x4e00</run_address>
         <size>0x40</size>
         <alignment>0x4</alignment>
         <input_file_ref idref="fl-21"/>
      </object_component>
      <object_component id="oc-116">
         <name>.text.__aeabi_uidivmod</name>
         <load_address>0x4e40</load_address>
         <readonly>true</readonly>
         <executable>true</executable>
         <run_address>0x4e40</run_address>
         <size>0x40</size>
         <alignment>0x4</alignment>
         <input_file_ref idref="fl-e9"/>
      </object_component>
      <object_component id="oc-ba">
         <name>.text.SYSCFG_DL_init</name>
         <load_address>0x4e80</load_address>
         <readonly>true</readonly>
         <executable>true</executable>
         <run_address>0x4e80</run_address>
         <size>0x3c</size>
         <alignment>0x4</alignment>
         <input_file_ref idref="fl-1"/>
      </object_component>
      <object_component id="oc-1fd">
         <name>.text.prvSampleTimeNow</name>
         <load_address>0x4ebc</load_address>
         <readonly>true</readonly>
         <executable>true</executable>
         <run_address>0x4ebc</run_address>
         <size>0x3c</size>
         <alignment>0x4</alignment>
         <input_file_ref idref="fl-1a"/>
      </object_component>
      <object_component id="oc-d5">
         <name>.text:__TI_auto_init_nobinit_nopinit</name>
         <load_address>0x4ef8</load_address>
         <readonly>true</readonly>
         <executable>true</executable>
         <run_address>0x4ef8</run_address>
         <size>0x3c</size>
         <alignment>0x4</alignment>
         <input_file_ref idref="fl-3e"/>
      </object_component>
      <object_component id="oc-1f6">
         <name>.text.prvGetNextExpireTime</name>
         <load_address>0x4f34</load_address>
         <readonly>true</readonly>
         <executable>true</executable>
         <run_address>0x4f34</run_address>
         <size>0x38</size>
         <alignment>0x4</alignment>
         <input_file_ref idref="fl-1a"/>
      </object_component>
      <object_component id="oc-1b7">
         <name>.text.xTaskGetSchedulerState</name>
         <load_address>0x4f6c</load_address>
         <readonly>true</readonly>
         <executable>true</executable>
         <run_address>0x4f6c</run_address>
         <size>0x38</size>
         <alignment>0x4</alignment>
         <input_file_ref idref="fl-19"/>
      </object_component>
      <object_component id="oc-201">
         <name>.text.prvReloadTimer</name>
         <load_address>0x4fa4</load_address>
         <readonly>true</readonly>
         <executable>true</executable>
         <run_address>0x4fa4</run_address>
         <size>0x36</size>
         <alignment>0x2</alignment>
         <input_file_ref idref="fl-1a"/>
      </object_component>
      <object_component id="oc-1bc">
         <name>.text.vTaskPlaceOnEventList</name>
         <load_address>0x4fdc</load_address>
         <readonly>true</readonly>
         <executable>true</executable>
         <run_address>0x4fdc</run_address>
         <size>0x34</size>
         <alignment>0x4</alignment>
         <input_file_ref idref="fl-19"/>
      </object_component>
      <object_component id="oc-45">
         <name>.text.SysTick_Handler</name>
         <load_address>0x5010</load_address>
         <readonly>true</readonly>
         <executable>true</executable>
         <run_address>0x5010</run_address>
         <size>0x30</size>
         <alignment>0x4</alignment>
         <input_file_ref idref="fl-1b"/>
      </object_component>
      <object_component id="oc-a4">
         <name>.text.prvResetNextTaskUnblockTime</name>
         <load_address>0x5040</load_address>
         <readonly>true</readonly>
         <executable>true</executable>
         <run_address>0x5040</run_address>
         <size>0x30</size>
         <alignment>0x4</alignment>
         <input_file_ref idref="fl-19"/>
      </object_component>
      <object_component id="oc-1b5">
         <name>.text.prvTaskExitError</name>
         <load_address>0x5070</load_address>
         <readonly>true</readonly>
         <executable>true</executable>
         <run_address>0x5070</run_address>
         <size>0x30</size>
         <alignment>0x4</alignment>
         <input_file_ref idref="fl-1b"/>
      </object_component>
      <object_component id="oc-1d8">
         <name>.text.prvIsQueueFull</name>
         <load_address>0x50a0</load_address>
         <readonly>true</readonly>
         <executable>true</executable>
         <run_address>0x50a0</run_address>
         <size>0x2e</size>
         <alignment>0x2</alignment>
         <input_file_ref idref="fl-18"/>
      </object_component>
      <object_component id="oc-20">
         <name>.text.vPortSVCHandler_C</name>
         <load_address>0x50ce</load_address>
         <readonly>true</readonly>
         <executable>true</executable>
         <run_address>0x50ce</run_address>
         <size>0x2e</size>
         <alignment>0x2</alignment>
         <input_file_ref idref="fl-1b"/>
      </object_component>
      <object_component id="oc-17c">
         <name>.text.Main_SendKeyEvent</name>
         <load_address>0x50fc</load_address>
         <readonly>true</readonly>
         <executable>true</executable>
         <run_address>0x50fc</run_address>
         <size>0x2c</size>
         <alignment>0x4</alignment>
         <input_file_ref idref="fl-3"/>
      </object_component>
      <object_component id="oc-f9">
         <name>.text.SYSCFG_DL_ADC12_0_init</name>
         <load_address>0x5128</load_address>
         <readonly>true</readonly>
         <executable>true</executable>
         <run_address>0x5128</run_address>
         <size>0x2c</size>
         <alignment>0x4</alignment>
         <input_file_ref idref="fl-1"/>
      </object_component>
      <object_component id="oc-f7">
         <name>.text.SYSCFG_DL_TIMER_0_init</name>
         <load_address>0x5154</load_address>
         <readonly>true</readonly>
         <executable>true</executable>
         <run_address>0x5154</run_address>
         <size>0x2c</size>
         <alignment>0x4</alignment>
         <input_file_ref idref="fl-1"/>
      </object_component>
      <object_component id="oc-1dd">
         <name>.text.vListInitialise</name>
         <load_address>0x5180</load_address>
         <readonly>true</readonly>
         <executable>true</executable>
         <run_address>0x5180</run_address>
         <size>0x2c</size>
         <alignment>0x2</alignment>
         <input_file_ref idref="fl-20"/>
      </object_component>
      <object_component id="oc-19f">
         <name>.text.vPortExitCritical</name>
         <load_address>0x51ac</load_address>
         <readonly>true</readonly>
         <executable>true</executable>
         <run_address>0x51ac</run_address>
         <size>0x2c</size>
         <alignment>0x4</alignment>
         <input_file_ref idref="fl-1b"/>
      </object_component>
      <object_component id="oc-1bb">
         <name>.text.prvIsQueueEmpty</name>
         <load_address>0x51d8</load_address>
         <readonly>true</readonly>
         <executable>true</executable>
         <run_address>0x51d8</run_address>
         <size>0x2a</size>
         <alignment>0x2</alignment>
         <input_file_ref idref="fl-18"/>
      </object_component>
      <object_component id="oc-177">
         <name>.text.Oled_Queue_ShowChar</name>
         <load_address>0x5204</load_address>
         <readonly>true</readonly>
         <executable>true</executable>
         <run_address>0x5204</run_address>
         <size>0x28</size>
         <alignment>0x4</alignment>
         <input_file_ref idref="fl-9"/>
      </object_component>
      <object_component id="oc-12d">
         <name>.text.Oled_Queue_ShowNum</name>
         <load_address>0x522c</load_address>
         <readonly>true</readonly>
         <executable>true</executable>
         <run_address>0x522c</run_address>
         <size>0x28</size>
         <alignment>0x4</alignment>
         <input_file_ref idref="fl-9"/>
      </object_component>
      <object_component id="oc-1a2">
         <name>.text.vApplicationGetIdleTaskMemory</name>
         <load_address>0x5254</load_address>
         <readonly>true</readonly>
         <executable>true</executable>
         <run_address>0x5254</run_address>
         <size>0x28</size>
         <alignment>0x4</alignment>
         <input_file_ref idref="fl-1e"/>
      </object_component>
      <object_component id="oc-1ac">
         <name>.text.vApplicationGetTimerTaskMemory</name>
         <load_address>0x527c</load_address>
         <readonly>true</readonly>
         <executable>true</executable>
         <run_address>0x527c</run_address>
         <size>0x28</size>
         <alignment>0x4</alignment>
         <input_file_ref idref="fl-1e"/>
      </object_component>
      <object_component id="oc-1b3">
         <name>.text.vPortSetupTimerInterrupt</name>
         <load_address>0x52a4</load_address>
         <readonly>true</readonly>
         <executable>true</executable>
         <run_address>0x52a4</run_address>
         <size>0x28</size>
         <alignment>0x4</alignment>
         <input_file_ref idref="fl-1b"/>
      </object_component>
      <object_component id="oc-74">
         <name>.text:_c_int00_noargs</name>
         <load_address>0x52cc</load_address>
         <readonly>true</readonly>
         <executable>true</executable>
         <run_address>0x52cc</run_address>
         <size>0x28</size>
         <alignment>0x4</alignment>
         <input_file_ref idref="fl-3c"/>
      </object_component>
      <object_component id="oc-90">
         <name>.text.__aeabi_memclr</name>
         <load_address>0x52f4</load_address>
         <readonly>true</readonly>
         <executable>true</executable>
         <run_address>0x52f4</run_address>
         <size>0xc</size>
         <alignment>0x4</alignment>
         <input_file_ref idref="fl-e8"/>
      </object_component>
      <object_component id="oc-3f">
         <name>.text.SVC_Handler</name>
         <load_address>0x5300</load_address>
         <readonly>true</readonly>
         <executable>true</executable>
         <run_address>0x5300</run_address>
         <size>0x24</size>
         <alignment>0x10</alignment>
         <input_file_ref idref="fl-1c"/>
      </object_component>
      <object_component id="oc-ad">
         <name>.text.uxTaskGetNumberOfTasks</name>
         <load_address>0x5324</load_address>
         <readonly>true</readonly>
         <executable>true</executable>
         <run_address>0x5324</run_address>
         <size>0xc</size>
         <alignment>0x4</alignment>
         <input_file_ref idref="fl-19"/>
      </object_component>
      <object_component id="oc-58">
         <name>.text.vRestoreContextOfFirstTask</name>
         <load_address>0x5330</load_address>
         <readonly>true</readonly>
         <executable>true</executable>
         <run_address>0x5330</run_address>
         <size>0x24</size>
         <alignment>0x10</alignment>
         <input_file_ref idref="fl-1c"/>
      </object_component>
      <object_component id="oc-1b9">
         <name>.text.vTaskInternalSetTimeOutState</name>
         <load_address>0x5354</load_address>
         <readonly>true</readonly>
         <executable>true</executable>
         <run_address>0x5354</run_address>
         <size>0x20</size>
         <alignment>0x4</alignment>
         <input_file_ref idref="fl-19"/>
      </object_component>
      <object_component id="oc-1ae">
         <name>.text.prvTimerTask</name>
         <load_address>0x5374</load_address>
         <readonly>true</readonly>
         <executable>true</executable>
         <run_address>0x5374</run_address>
         <size>0x1e</size>
         <alignment>0x2</alignment>
         <input_file_ref idref="fl-1a"/>
      </object_component>
      <object_component id="oc-1d0">
         <name>.text.DL_SYSCTL_configFCC</name>
         <load_address>0x5394</load_address>
         <readonly>true</readonly>
         <executable>true</executable>
         <run_address>0x5394</run_address>
         <size>0x1c</size>
         <alignment>0x4</alignment>
         <input_file_ref idref="fl-25"/>
      </object_component>
      <object_component id="oc-15a">
         <name>.text.DL_Timer_setCaptCompUpdateMethod</name>
         <load_address>0x53b0</load_address>
         <readonly>true</readonly>
         <executable>true</executable>
         <run_address>0x53b0</run_address>
         <size>0x1c</size>
         <alignment>0x4</alignment>
         <input_file_ref idref="fl-23"/>
      </object_component>
      <object_component id="oc-152">
         <name>.text.DL_Timer_setClockConfig</name>
         <load_address>0x53cc</load_address>
         <readonly>true</readonly>
         <executable>true</executable>
         <run_address>0x53cc</run_address>
         <size>0x1c</size>
         <alignment>0x4</alignment>
         <input_file_ref idref="fl-23"/>
      </object_component>
      <object_component id="oc-159">
         <name>.text.DL_Timer_setCaptureCompareOutCtl</name>
         <load_address>0x53e8</load_address>
         <readonly>true</readonly>
         <executable>true</executable>
         <run_address>0x53e8</run_address>
         <size>0x18</size>
         <alignment>0x4</alignment>
         <input_file_ref idref="fl-23"/>
      </object_component>
      <object_component id="oc-19d">
         <name>.text.vPortEnterCritical</name>
         <load_address>0x5400</load_address>
         <readonly>true</readonly>
         <executable>true</executable>
         <run_address>0x5400</run_address>
         <size>0x18</size>
         <alignment>0x4</alignment>
         <input_file_ref idref="fl-1b"/>
      </object_component>
      <object_component id="oc-1a0">
         <name>.text.vPortYield</name>
         <load_address>0x5418</load_address>
         <readonly>true</readonly>
         <executable>true</executable>
         <run_address>0x5418</run_address>
         <size>0x18</size>
         <alignment>0x4</alignment>
         <input_file_ref idref="fl-1b"/>
      </object_component>
      <object_component id="oc-175">
         <name>.text.xTaskGetTickCount</name>
         <load_address>0x5430</load_address>
         <readonly>true</readonly>
         <executable>true</executable>
         <run_address>0x5430</run_address>
         <size>0x14</size>
         <alignment>0x4</alignment>
         <input_file_ref idref="fl-19"/>
      </object_component>
      <object_component id="oc-163">
         <name>.text.DL_UART_setClockConfig</name>
         <load_address>0x5444</load_address>
         <readonly>true</readonly>
         <executable>true</executable>
         <run_address>0x5444</run_address>
         <size>0x12</size>
         <alignment>0x2</alignment>
         <input_file_ref idref="fl-24"/>
      </object_component>
      <object_component id="oc-2b">
         <name>.text:decompress:none</name>
         <load_address>0x5456</load_address>
         <readonly>true</readonly>
         <executable>true</executable>
         <run_address>0x5456</run_address>
         <size>0x12</size>
         <alignment>0x2</alignment>
         <input_file_ref idref="fl-42"/>
      </object_component>
      <object_component id="oc-15b">
         <name>.text.DL_Timer_setCaptureCompareValue</name>
         <load_address>0x5468</load_address>
         <readonly>true</readonly>
         <executable>true</executable>
         <run_address>0x5468</run_address>
         <size>0x10</size>
         <alignment>0x4</alignment>
         <input_file_ref idref="fl-23"/>
      </object_component>
      <object_component id="oc-64">
         <name>.text.__aeabi_memcpy</name>
         <load_address>0x5478</load_address>
         <readonly>true</readonly>
         <executable>true</executable>
         <run_address>0x5478</run_address>
         <size>0x8</size>
         <alignment>0x4</alignment>
         <input_file_ref idref="fl-e7"/>
      </object_component>
      <object_component id="oc-1b4">
         <name>.text.vStartFirstTask</name>
         <load_address>0x5480</load_address>
         <readonly>true</readonly>
         <executable>true</executable>
         <run_address>0x5480</run_address>
         <size>0x10</size>
         <alignment>0x10</alignment>
         <input_file_ref idref="fl-1c"/>
      </object_component>
      <object_component id="oc-18f">
         <name>.text.vTaskSuspendAll</name>
         <load_address>0x5490</load_address>
         <readonly>true</readonly>
         <executable>true</executable>
         <run_address>0x5490</run_address>
         <size>0x10</size>
         <alignment>0x4</alignment>
         <input_file_ref idref="fl-19"/>
      </object_component>
      <object_component id="oc-71">
         <name>.text:decompress:ZI</name>
         <load_address>0x54a0</load_address>
         <readonly>true</readonly>
         <executable>true</executable>
         <run_address>0x54a0</run_address>
         <size>0x10</size>
         <alignment>0x2</alignment>
         <input_file_ref idref="fl-41"/>
      </object_component>
      <object_component id="oc-1e0">
         <name>.text.__aeabi_memset</name>
         <load_address>0x54b0</load_address>
         <readonly>true</readonly>
         <executable>true</executable>
         <run_address>0x54b0</run_address>
         <size>0xe</size>
         <alignment>0x4</alignment>
         <input_file_ref idref="fl-e8"/>
      </object_component>
      <object_component id="oc-1a9">
         <name>.text.prvIdleTask</name>
         <load_address>0x54be</load_address>
         <readonly>true</readonly>
         <executable>true</executable>
         <run_address>0x54be</run_address>
         <size>0xe</size>
         <alignment>0x2</alignment>
         <input_file_ref idref="fl-19"/>
      </object_component>
      <object_component id="oc-1e1">
         <name>.text.vListInitialiseItem</name>
         <load_address>0x54cc</load_address>
         <readonly>true</readonly>
         <executable>true</executable>
         <run_address>0x54cc</run_address>
         <size>0xe</size>
         <alignment>0x2</alignment>
         <input_file_ref idref="fl-20"/>
      </object_component>
      <object_component id="oc-1fa">
         <name>.text.vTaskMissedYield</name>
         <load_address>0x54dc</load_address>
         <readonly>true</readonly>
         <executable>true</executable>
         <run_address>0x54dc</run_address>
         <size>0xc</size>
         <alignment>0x4</alignment>
         <input_file_ref idref="fl-19"/>
      </object_component>
      <object_component id="oc-145">
         <name>.text.DL_Common_delayCycles</name>
         <load_address>0x54e8</load_address>
         <readonly>true</readonly>
         <executable>true</executable>
         <run_address>0x54e8</run_address>
         <size>0xa</size>
         <alignment>0x2</alignment>
         <input_file_ref idref="fl-22"/>
      </object_component>
      <object_component id="oc-7d">
         <name>.text.ulSetInterruptMask</name>
         <load_address>0x54f2</load_address>
         <readonly>true</readonly>
         <executable>true</executable>
         <run_address>0x54f2</run_address>
         <size>0x8</size>
         <alignment>0x2</alignment>
         <input_file_ref idref="fl-1c"/>
      </object_component>
      <object_component id="oc-7f">
         <name>.text.vClearInterruptMask</name>
         <load_address>0x54fa</load_address>
         <readonly>true</readonly>
         <executable>true</executable>
         <run_address>0x54fa</run_address>
         <size>0x6</size>
         <alignment>0x2</alignment>
         <input_file_ref idref="fl-1c"/>
      </object_component>
      <object_component id="oc-ce">
         <name>.text:abort</name>
         <load_address>0x5500</load_address>
         <readonly>true</readonly>
         <executable>true</executable>
         <run_address>0x5500</run_address>
         <size>0x6</size>
         <alignment>0x2</alignment>
         <input_file_ref idref="fl-44"/>
      </object_component>
      <object_component id="oc-12f">
         <name>.text.HOSTexit</name>
         <load_address>0x5506</load_address>
         <readonly>true</readonly>
         <executable>true</executable>
         <run_address>0x5506</run_address>
         <size>0x4</size>
         <alignment>0x2</alignment>
         <input_file_ref idref="fl-e6"/>
      </object_component>
      <object_component id="oc-3a">
         <name>.text.Reset_Handler</name>
         <load_address>0x550a</load_address>
         <readonly>true</readonly>
         <executable>true</executable>
         <run_address>0x550a</run_address>
         <size>0x4</size>
         <alignment>0x2</alignment>
         <input_file_ref idref="fl-2"/>
      </object_component>
      <object_component id="oc-95">
         <name>.text._system_pre_init</name>
         <load_address>0x550e</load_address>
         <readonly>true</readonly>
         <executable>true</executable>
         <run_address>0x550e</run_address>
         <size>0x4</size>
         <alignment>0x2</alignment>
         <input_file_ref idref="fl-3f"/>
      </object_component>
      <object_component id="oc-4f">
         <name>.text.vApplicationStackOverflowHook</name>
         <load_address>0x5512</load_address>
         <readonly>true</readonly>
         <executable>true</executable>
         <run_address>0x5512</run_address>
         <size>0x4</size>
         <alignment>0x2</alignment>
         <input_file_ref idref="fl-3"/>
      </object_component>
      <object_component id="oc-246">
         <name>.cinit..data.load</name>
         <load_address>0x5bd8</load_address>
         <readonly>true</readonly>
         <run_address>0x5bd8</run_address>
         <size>0xf</size>
         <alignment>0x1</alignment>
      </object_component>
      <object_component id="oc-244">
         <name>__TI_handler_table</name>
         <load_address>0x5be8</load_address>
         <readonly>true</readonly>
         <run_address>0x5be8</run_address>
         <size>0xc</size>
         <alignment>0x4</alignment>
      </object_component>
      <object_component id="oc-247">
         <name>.cinit..bss.load</name>
         <load_address>0x5bf4</load_address>
         <readonly>true</readonly>
         <run_address>0x5bf4</run_address>
         <size>0x8</size>
         <alignment>0x4</alignment>
      </object_component>
      <object_component id="oc-245">
         <name>__TI_cinit_table</name>
         <load_address>0x5bfc</load_address>
         <readonly>true</readonly>
         <run_address>0x5bfc</run_address>
         <size>0x10</size>
         <alignment>0x4</alignment>
      </object_component>
      <object_component id="oc-1d9">
         <name>.rodata.OLED_F8x16</name>
         <load_address>0x5520</load_address>
         <readonly>true</readonly>
         <run_address>0x5520</run_address>
         <size>0x5f0</size>
         <alignment>0x1</alignment>
         <input_file_ref idref="fl-8"/>
      </object_component>
      <object_component id="oc-151">
         <name>.rodata.gSYSPLLConfig</name>
         <load_address>0x5b10</load_address>
         <readonly>true</readonly>
         <run_address>0x5b10</run_address>
         <size>0x28</size>
         <alignment>0x4</alignment>
         <input_file_ref idref="fl-1"/>
      </object_component>
      <object_component id="oc-162">
         <name>.rodata.gTIMER_0TimerConfig</name>
         <load_address>0x5b38</load_address>
         <readonly>true</readonly>
         <run_address>0x5b38</run_address>
         <size>0x14</size>
         <alignment>0x4</alignment>
         <input_file_ref idref="fl-1"/>
      </object_component>
      <object_component id="oc-107">
         <name>.rodata.str1.1941056222698984085.1</name>
         <load_address>0x5b4c</load_address>
         <readonly>true</readonly>
         <run_address>0x5b4c</run_address>
         <size>0xd</size>
         <alignment>0x1</alignment>
         <input_file_ref idref="fl-7"/>
      </object_component>
      <object_component id="oc-105">
         <name>.rodata.str1.10376368798993104728.1</name>
         <load_address>0x5b59</load_address>
         <readonly>true</readonly>
         <run_address>0x5b59</run_address>
         <size>0xc</size>
         <alignment>0x1</alignment>
         <input_file_ref idref="fl-7"/>
      </object_component>
      <object_component id="oc-12e">
         <name>.rodata.str1.9710788494895673506.1</name>
         <load_address>0x5b65</load_address>
         <readonly>true</readonly>
         <run_address>0x5b65</run_address>
         <size>0xb</size>
         <alignment>0x1</alignment>
         <input_file_ref idref="fl-3"/>
      </object_component>
      <object_component id="oc-16b">
         <name>.rodata.gUART_0Config</name>
         <load_address>0x5b70</load_address>
         <readonly>true</readonly>
         <run_address>0x5b70</run_address>
         <size>0xa</size>
         <alignment>0x2</alignment>
         <input_file_ref idref="fl-1"/>
      </object_component>
      <object_component id="oc-17d">
         <name>.rodata.str1.13955762343280701490.1</name>
         <load_address>0x5b7a</load_address>
         <readonly>true</readonly>
         <run_address>0x5b7a</run_address>
         <size>0xa</size>
         <alignment>0x1</alignment>
         <input_file_ref idref="fl-6"/>
      </object_component>
      <object_component id="oc-cd">
         <name>.rodata.str1.1946452208259023099.1</name>
         <load_address>0x5b84</load_address>
         <readonly>true</readonly>
         <run_address>0x5b84</run_address>
         <size>0xa</size>
         <alignment>0x1</alignment>
         <input_file_ref idref="fl-3"/>
      </object_component>
      <object_component id="oc-17b">
         <name>.rodata.str1.6928829323109946504.1</name>
         <load_address>0x5b8e</load_address>
         <readonly>true</readonly>
         <run_address>0x5b8e</run_address>
         <size>0xa</size>
         <alignment>0x1</alignment>
         <input_file_ref idref="fl-6"/>
      </object_component>
      <object_component id="oc-113">
         <name>.rodata.str1.7317589389468838088.1</name>
         <load_address>0x5b98</load_address>
         <readonly>true</readonly>
         <run_address>0x5b98</run_address>
         <size>0x9</size>
         <alignment>0x1</alignment>
         <input_file_ref idref="fl-9"/>
      </object_component>
      <object_component id="oc-15c">
         <name>.rodata.gPWM_0ClockConfig</name>
         <load_address>0x5ba1</load_address>
         <readonly>true</readonly>
         <run_address>0x5ba1</run_address>
         <size>0x3</size>
         <alignment>0x1</alignment>
         <input_file_ref idref="fl-1"/>
      </object_component>
      <object_component id="oc-172">
         <name>.rodata.gADC12_0ClockConfig</name>
         <load_address>0x5ba4</load_address>
         <readonly>true</readonly>
         <run_address>0x5ba4</run_address>
         <size>0x8</size>
         <alignment>0x4</alignment>
         <input_file_ref idref="fl-1"/>
      </object_component>
      <object_component id="oc-15d">
         <name>.rodata.gPWM_0Config</name>
         <load_address>0x5bac</load_address>
         <readonly>true</readonly>
         <run_address>0x5bac</run_address>
         <size>0x8</size>
         <alignment>0x4</alignment>
         <input_file_ref idref="fl-1"/>
      </object_component>
      <object_component id="oc-15f">
         <name>.rodata.gPWM_1Config</name>
         <load_address>0x5bb4</load_address>
         <readonly>true</readonly>
         <run_address>0x5bb4</run_address>
         <size>0x8</size>
         <alignment>0x4</alignment>
         <input_file_ref idref="fl-1"/>
      </object_component>
      <object_component id="oc-1af">
         <name>.rodata.str1.6031452896567546882.1</name>
         <load_address>0x5bbc</load_address>
         <readonly>true</readonly>
         <run_address>0x5bbc</run_address>
         <size>0x8</size>
         <alignment>0x1</alignment>
         <input_file_ref idref="fl-1a"/>
      </object_component>
      <object_component id="oc-1a8">
         <name>.rodata.str1.13344916649340266805.1</name>
         <load_address>0x5bc4</load_address>
         <readonly>true</readonly>
         <run_address>0x5bc4</run_address>
         <size>0x5</size>
         <alignment>0x1</alignment>
         <input_file_ref idref="fl-19"/>
      </object_component>
      <object_component id="oc-15e">
         <name>.rodata.gPWM_1ClockConfig</name>
         <load_address>0x5bc9</load_address>
         <readonly>true</readonly>
         <run_address>0x5bc9</run_address>
         <size>0x3</size>
         <alignment>0x1</alignment>
         <input_file_ref idref="fl-1"/>
      </object_component>
      <object_component id="oc-12a">
         <name>.rodata.uxTopUsedPriority</name>
         <load_address>0x5bcc</load_address>
         <readonly>true</readonly>
         <run_address>0x5bcc</run_address>
         <size>0x4</size>
         <alignment>0x4</alignment>
         <input_file_ref idref="fl-19"/>
      </object_component>
      <object_component id="oc-161">
         <name>.rodata.gTIMER_0ClockConfig</name>
         <load_address>0x5bd0</load_address>
         <readonly>true</readonly>
         <run_address>0x5bd0</run_address>
         <size>0x3</size>
         <alignment>0x1</alignment>
         <input_file_ref idref="fl-1"/>
      </object_component>
      <object_component id="oc-16a">
         <name>.rodata.gUART_0ClockConfig</name>
         <load_address>0x5bd3</load_address>
         <readonly>true</readonly>
         <run_address>0x5bd3</run_address>
         <size>0x2</size>
         <alignment>0x1</alignment>
         <input_file_ref idref="fl-1"/>
      </object_component>
      <object_component id="oc-20e">
         <name>.binit</name>
         <load_address>0x0</load_address>
         <readonly>true</readonly>
         <run_address>0x0</run_address>
         <size>0x0</size>
         <alignment>0x4</alignment>
      </object_component>
      <object_component id="oc-cb">
         <name>.data.xMainQueue</name>
         <load_address>0x20204894</load_address>
         <readwrite>true</readwrite>
         <run_address>0x20204894</run_address>
         <size>0x4</size>
         <alignment>0x4</alignment>
         <input_file_ref idref="fl-3"/>
      </object_component>
      <object_component id="oc-85">
         <name>.data.xAs201RxQueue</name>
         <load_address>0x20204888</load_address>
         <readwrite>true</readwrite>
         <run_address>0x20204888</run_address>
         <size>0x4</size>
         <alignment>0x4</alignment>
         <input_file_ref idref="fl-5"/>
      </object_component>
      <object_component id="oc-fe">
         <name>.data.xKeyQueue</name>
         <load_address>0x20204890</load_address>
         <readwrite>true</readwrite>
         <run_address>0x20204890</run_address>
         <size>0x4</size>
         <alignment>0x4</alignment>
         <input_file_ref idref="fl-6"/>
      </object_component>
      <object_component id="oc-179">
         <name>.data.vTaskKeyScan.adc_configured</name>
         <load_address>0x202048c8</load_address>
         <readwrite>true</readwrite>
         <run_address>0x202048c8</run_address>
         <size>0x1</size>
         <alignment>0x1</alignment>
         <input_file_ref idref="fl-6"/>
      </object_component>
      <object_component id="oc-17a">
         <name>.data.vTaskKeyScan.dot_state</name>
         <load_address>0x202048c9</load_address>
         <readwrite>true</readwrite>
         <run_address>0x202048c9</run_address>
         <size>0x1</size>
         <alignment>0x1</alignment>
         <input_file_ref idref="fl-6"/>
      </object_component>
      <object_component id="oc-110">
         <name>.data.xOledQueue</name>
         <load_address>0x202048ac</load_address>
         <readwrite>true</readwrite>
         <run_address>0x202048ac</run_address>
         <size>0x4</size>
         <alignment>0x4</alignment>
         <input_file_ref idref="fl-9"/>
      </object_component>
      <object_component id="oc-1a">
         <name>.data.pxCurrentTCB</name>
         <load_address>0x20204868</load_address>
         <readwrite>true</readwrite>
         <run_address>0x20204868</run_address>
         <size>0x4</size>
         <alignment>0x4</alignment>
         <input_file_ref idref="fl-19"/>
      </object_component>
      <object_component id="oc-1a1">
         <name>.data.uxTaskNumber</name>
         <load_address>0x20204880</load_address>
         <readwrite>true</readwrite>
         <run_address>0x20204880</run_address>
         <size>0x4</size>
         <alignment>0x4</alignment>
         <input_file_ref idref="fl-19"/>
      </object_component>
      <object_component id="oc-129">
         <name>.data.xSchedulerRunning</name>
         <load_address>0x202048b4</load_address>
         <readwrite>true</readwrite>
         <run_address>0x202048b4</run_address>
         <size>0x4</size>
         <alignment>0x4</alignment>
         <input_file_ref idref="fl-19"/>
      </object_component>
      <object_component id="oc-1fc">
         <name>.data.uxDeletedTasksWaitingCleanUp</name>
         <load_address>0x20204878</load_address>
         <readwrite>true</readwrite>
         <run_address>0x20204878</run_address>
         <size>0x4</size>
         <alignment>0x4</alignment>
         <input_file_ref idref="fl-19"/>
      </object_component>
      <object_component id="oc-e9">
         <name>.data.uxCurrentNumberOfTasks</name>
         <load_address>0x20204874</load_address>
         <readwrite>true</readwrite>
         <run_address>0x20204874</run_address>
         <size>0x4</size>
         <alignment>0x4</alignment>
         <input_file_ref idref="fl-19"/>
      </object_component>
      <object_component id="oc-54">
         <name>.data.uxSchedulerSuspended</name>
         <load_address>0x2020487c</load_address>
         <readwrite>true</readwrite>
         <run_address>0x2020487c</run_address>
         <size>0x4</size>
         <alignment>0x4</alignment>
         <input_file_ref idref="fl-19"/>
      </object_component>
      <object_component id="oc-a6">
         <name>.data.xTickCount</name>
         <load_address>0x202048b8</load_address>
         <readwrite>true</readwrite>
         <run_address>0x202048b8</run_address>
         <size>0x4</size>
         <alignment>0x4</alignment>
         <input_file_ref idref="fl-19"/>
      </object_component>
      <object_component id="oc-56">
         <name>.data.uxTopReadyPriority</name>
         <load_address>0x20204884</load_address>
         <readwrite>true</readwrite>
         <run_address>0x20204884</run_address>
         <size>0x4</size>
         <alignment>0x4</alignment>
         <input_file_ref idref="fl-19"/>
      </object_component>
      <object_component id="oc-aa">
         <name>.data.xNextTaskUnblockTime</name>
         <load_address>0x2020489c</load_address>
         <readwrite>true</readwrite>
         <run_address>0x2020489c</run_address>
         <size>0x4</size>
         <alignment>0x4</alignment>
         <input_file_ref idref="fl-19"/>
      </object_component>
      <object_component id="oc-55">
         <name>.data.xYieldPendings</name>
         <load_address>0x202048c4</load_address>
         <readwrite>true</readwrite>
         <run_address>0x202048c4</run_address>
         <size>0x4</size>
         <alignment>0x4</alignment>
         <input_file_ref idref="fl-19"/>
      </object_component>
      <object_component id="oc-a5">
         <name>.data.xPendedTicks</name>
         <load_address>0x202048b0</load_address>
[...]
         <object_component_ref idref="oc-3e"/>
      </symbol>
      <symbol id="sm-b2">
         <name>main</name>
         <value>0x48c9</value>
         <object_component_ref idref="oc-99"/>
      </symbol>
      <symbol id="sm-b3">
         <name>xMainQueue</name>
         <value>0x20204894</value>
         <object_component_ref idref="oc-cb"/>
      </symbol>
      <symbol id="sm-b4">
         <name>vTaskMainBrain</name>
         <value>0x4dbd</value>
         <object_component_ref idref="oc-cc"/>
      </symbol>
      <symbol id="sm-b5">
         <name>Main_SendKeyEvent</name>
         <value>0x50fd</value>
         <object_component_ref idref="oc-17c"/>
      </symbol>
      <symbol id="sm-b6">
         <name>vApplicationStackOverflowHook</name>
         <value>0x5513</value>
         <object_component_ref idref="oc-4f"/>
      </symbol>
      <symbol id="sm-c2">
         <name>xAs201RxQueue</name>
         <value>0x20204888</value>
         <object_component_ref idref="oc-85"/>
      </symbol>
      <symbol id="sm-c3">
         <name>UART0_IRQHandler</name>
         <value>0x4b49</value>
         <object_component_ref idref="oc-46"/>
      </symbol>
      <symbol id="sm-d7">
         <name>vTaskKeyScan</name>
         <value>0x2429</value>
         <object_component_ref idref="oc-100"/>
      </symbol>
      <symbol id="sm-d8">
         <name>xKeyQueue</name>
         <value>0x20204890</value>
         <object_component_ref idref="oc-fe"/>
      </symbol>
      <symbol id="sm-d9">
         <name>vTaskKeyLogic</name>
         <value>0x4a69</value>
         <object_component_ref idref="oc-106"/>
      </symbol>
      <symbol id="sm-e4">
         <name>Key_FreeRTOS_Init</name>
         <value>0x486d</value>
         <object_component_ref idref="oc-bf"/>
      </symbol>
      <symbol id="sm-104">
         <name>OLED_WriteCommand</name>
         <value>0xc1</value>
         <object_component_ref idref="oc-17e"/>
      </symbol>
      <symbol id="sm-105">
         <name>OLED_WriteData</name>
         <value>0x435</value>
         <object_component_ref idref="oc-17f"/>
      </symbol>
      <symbol id="sm-106">
         <name>OLED_Clear</name>
         <value>0x20c7</value>
         <object_component_ref idref="oc-183"/>
      </symbol>
      <symbol id="sm-107">
         <name>OLED_ShowChar</name>
         <value>0x3979</value>
         <object_component_ref idref="oc-186"/>
      </symbol>
      <symbol id="sm-108">
         <name>OLED_F8x16</name>
         <value>0x5520</value>
         <object_component_ref idref="oc-1d9"/>
      </symbol>
      <symbol id="sm-109">
         <name>OLED_ShowString</name>
         <value>0x4925</value>
         <object_component_ref idref="oc-184"/>
      </symbol>
      <symbol id="sm-10a">
         <name>OLED_ShowNum</name>
         <value>0xac9</value>
         <object_component_ref idref="oc-185"/>
      </symbol>
      <symbol id="sm-10b">
         <name>OLED_ShowSignedNum</name>
         <value>0x799</value>
         <object_component_ref idref="oc-182"/>
      </symbol>
      <symbol id="sm-10c">
         <name>OLED_ShowHexNum</name>
         <value>0xdbf</value>
         <object_component_ref idref="oc-187"/>
      </symbol>
      <symbol id="sm-10d">
         <name>OLED_ShowBinNum</name>
         <value>0x1351</value>
         <object_component_ref idref="oc-188"/>
      </symbol>
      <symbol id="sm-10e">
         <name>OLED_Init</name>
         <value>0x188d</value>
         <object_component_ref idref="oc-10a"/>
      </symbol>
      <symbol id="sm-128">
         <name>Oled_FreeRTOS_Init</name>
         <value>0x4cad</value>
         <object_component_ref idref="oc-c3"/>
      </symbol>
      <symbol id="sm-129">
         <name>xOledQueue</name>
         <value>0x202048ac</value>
         <object_component_ref idref="oc-110"/>
      </symbol>
      <symbol id="sm-12a">
         <name>vTaskOledDisplay</name>
         <value>0x3cfd</value>
         <object_component_ref idref="oc-111"/>
      </symbol>
      <symbol id="sm-12b">
         <name>Oled_Queue_ShowChar</name>
         <value>0x5205</value>
         <object_component_ref idref="oc-177"/>
      </symbol>
      <symbol id="sm-12c">
         <name>Oled_Queue_ShowString</name>
         <value>0x2b15</value>
         <object_component_ref idref="oc-12c"/>
      </symbol>
      <symbol id="sm-12d">
         <name>Oled_Queue_ShowNum</name>
         <value>0x522d</value>
         <object_component_ref idref="oc-12d"/>
      </symbol>
      <symbol id="sm-12e">
         <name>__TI_ATRegion0_src_addr</name>
         <value>0x0</value>
      </symbol>
      <symbol id="sm-12f">
         <name>__TI_ATRegion0_trg_addr</name>
         <value>0x0</value>
      </symbol>
      <symbol id="sm-130">
         <name>__TI_ATRegion0_region_sz</name>
         <value>0x0</value>
      </symbol>
      <symbol id="sm-131">
         <name>__TI_ATRegion1_src_addr</name>
         <value>0x0</value>
      </symbol>
      <symbol id="sm-132">
         <name>__TI_ATRegion1_trg_addr</name>
         <value>0x0</value>
      </symbol>
      <symbol id="sm-133">
         <name>__TI_ATRegion1_region_sz</name>
         <value>0x0</value>
      </symbol>
      <symbol id="sm-134">
         <name>__TI_ATRegion2_src_addr</name>
         <value>0x0</value>
      </symbol>
      <symbol id="sm-135">
         <name>__TI_ATRegion2_trg_addr</name>
         <value>0x0</value>
      </symbol>
      <symbol id="sm-136">
         <name>__TI_ATRegion2_region_sz</name>
         <value>0x0</value>
      </symbol>
      <symbol id="sm-15d">
         <name>xQueueGenericReset</name>
         <value>0x353d</value>
         <object_component_ref idref="oc-19a"/>
      </symbol>
      <symbol id="sm-15e">
         <name>xQueueGenericCreateStatic</name>
         <value>0x3e41</value>
         <object_component_ref idref="oc-1ed"/>
      </symbol>
      <symbol id="sm-15f">
         <name>xQueueGenericCreate</name>
         <value>0x4013</value>
         <object_component_ref idref="oc-c8"/>
      </symbol>
      <symbol id="sm-160">
         <name>xQueueGenericSend</name>
         <value>0x1ef5</value>
         <object_component_ref idref="oc-178"/>
      </symbol>
      <symbol id="sm-161">
         <name>xQueueGenericSendFromISR</name>
         <value>0x28b1</value>
         <object_component_ref idref="oc-80"/>
      </symbol>
      <symbol id="sm-162">
         <name>xQueueReceive</name>
         <value>0x2283</value>
         <object_component_ref idref="oc-12b"/>
      </symbol>
      <symbol id="sm-163">
         <name>vQueueWaitForMessageRestricted</name>
         <value>0x46d5</value>
         <object_component_ref idref="oc-1ff"/>
      </symbol>
      <symbol id="sm-1f0">
         <name>xTaskCreateStatic</name>
         <value>0x4ab5</value>
         <object_component_ref idref="oc-1a7"/>
      </symbol>
      <symbol id="sm-1f1">
         <name>pxCurrentTCB</name>
         <value>0x20204868</value>
         <object_component_ref idref="oc-1a"/>
      </symbol>
      <symbol id="sm-1f2">
         <name>xTaskCreate</name>
         <value>0x4bd9</value>
         <object_component_ref idref="oc-c9"/>
      </symbol>
      <symbol id="sm-1f3">
         <name>xTaskDelayUntil</name>
         <value>0x36fd</value>
         <object_component_ref idref="oc-176"/>
      </symbol>
      <symbol id="sm-1f4">
         <name>vTaskSuspendAll</name>
         <value>0x5491</value>
         <object_component_ref idref="oc-18f"/>
      </symbol>
      <symbol id="sm-1f5">
         <name>xTaskResumeAll</name>
         <value>0x1cfd</value>
         <object_component_ref idref="oc-191"/>
      </symbol>
      <symbol id="sm-1f6">
         <name>xTaskIncrementTick</name>
         <value>0x1aed</value>
         <object_component_ref idref="oc-7e"/>
      </symbol>
      <symbol id="sm-1f7">
         <name>vTaskSwitchContext</name>
         <value>0x2e49</value>
         <object_component_ref idref="oc-1c"/>
      </symbol>
      <symbol id="sm-1f8">
         <name>vTaskStartScheduler</name>
         <value>0x4741</value>
         <object_component_ref idref="oc-ca"/>
      </symbol>
      <symbol id="sm-1f9">
         <name>xTaskGetTickCount</name>
         <value>0x5431</value>
         <object_component_ref idref="oc-175"/>
      </symbol>
      <symbol id="sm-1fa">
         <name>uxTaskGetNumberOfTasks</name>
         <value>0x5325</value>
         <object_component_ref idref="oc-ad"/>
      </symbol>
      <symbol id="sm-1fb">
         <name>vTaskPlaceOnEventList</name>
         <value>0x4fdd</value>
         <object_component_ref idref="oc-1bc"/>
      </symbol>
      <symbol id="sm-1fc">
         <name>vTaskPlaceOnEventListRestricted</name>
         <value>0x4519</value>
         <object_component_ref idref="oc-204"/>
      </symbol>
      <symbol id="sm-1fd">
         <name>xTaskRemoveFromEventList</name>
         <value>0x25c9</value>
         <object_component_ref idref="oc-ac"/>
      </symbol>
      <symbol id="sm-1fe">
         <name>vTaskInternalSetTimeOutState</name>
         <value>0x5355</value>
         <object_component_ref idref="oc-1b9"/>
      </symbol>
      <symbol id="sm-1ff">
         <name>xTaskCheckForTimeOut</name>
         <value>0x3af5</value>
         <object_component_ref idref="oc-1ba"/>
      </symbol>
      <symbol id="sm-200">
         <name>vTaskMissedYield</name>
         <value>0x54dd</value>
         <object_component_ref idref="oc-1fa"/>
      </symbol>
      <symbol id="sm-201">
         <name>xTaskGetSchedulerState</name>
         <value>0x4f6d</value>
         <object_component_ref idref="oc-1b7"/>
      </symbol>
      <symbol id="sm-202">
         <name>xTaskPriorityDisinherit</name>
         <value>0x2f55</value>
         <object_component_ref idref="oc-e7"/>
      </symbol>
      <symbol id="sm-247">
         <name>xTimerCreateTimerTask</name>
         <value>0x4339</value>
         <object_component_ref idref="oc-123"/>
      </symbol>
      <symbol id="sm-26b">
         <name>vPortSetupTimerInterrupt</name>
         <value>0x52a5</value>
         <object_component_ref idref="oc-1b3"/>
      </symbol>
      <symbol id="sm-26c">
         <name>vPortYield</name>
         <value>0x5419</value>
         <object_component_ref idref="oc-1a0"/>
      </symbol>
      <symbol id="sm-26d">
         <name>vPortEnterCritical</name>
         <value>0x5401</value>
         <object_component_ref idref="oc-19d"/>
      </symbol>
      <symbol id="sm-26e">
         <name>vPortExitCritical</name>
         <value>0x51ad</value>
         <object_component_ref idref="oc-19f"/>
      </symbol>
      <symbol id="sm-26f">
         <name>SysTick_Handler</name>
         <value>0x5011</value>
         <object_component_ref idref="oc-45"/>
      </symbol>
      <symbol id="sm-270">
         <name>vPortSVCHandler_C</name>
         <value>0x50cf</value>
         <object_component_ref idref="oc-20"/>
      </symbol>
      <symbol id="sm-271">
         <name>pxPortInitialiseStack</name>
         <value>0x2c29</value>
         <object_component_ref idref="oc-1e2"/>
      </symbol>
      <symbol id="sm-272">
         <name>xPortStartScheduler</name>
         <value>0x423d</value>
         <object_component_ref idref="oc-128"/>
      </symbol>
      <symbol id="sm-28a">
         <name>vRestoreContextOfFirstTask</name>
         <value>0x5331</value>
         <object_component_ref idref="oc-58"/>
      </symbol>
      <symbol id="sm-28b">
         <name>vStartFirstTask</name>
         <value>0x5481</value>
         <object_component_ref idref="oc-1b4"/>
      </symbol>
      <symbol id="sm-28c">
         <name>ulSetInterruptMask</name>
         <value>0x54f3</value>
         <object_component_ref idref="oc-7d"/>
      </symbol>
      <symbol id="sm-28d">
         <name>vClearInterruptMask</name>
         <value>0x54fb</value>
         <object_component_ref idref="oc-7f"/>
      </symbol>
      <symbol id="sm-28e">
         <name>PendSV_Handler</name>
         <value>0x4cf1</value>
         <object_component_ref idref="oc-44"/>
      </symbol>
      <symbol id="sm-28f">
         <name>SVC_Handler</name>
         <value>0x5301</value>
         <object_component_ref idref="oc-3f"/>
      </symbol>
      <symbol id="sm-2a5">
         <name>vApplicationGetIdleTaskMemory</name>
         <value>0x5255</value>
         <object_component_ref idref="oc-1a2"/>
      </symbol>
      <symbol id="sm-2a6">
         <name>vApplicationGetTimerTaskMemory</name>
         <value>0x527d</value>
         <object_component_ref idref="oc-1ac"/>
      </symbol>
      <symbol id="sm-2c9">
         <name>pvPortMalloc</name>
         <value>0x15f9</value>
         <object_component_ref idref="oc-11a"/>
      </symbol>
      <symbol id="sm-2ca">
         <name>vPortFree</name>
         <value>0x3361</value>
         <object_component_ref idref="oc-19b"/>
      </symbol>
      <symbol id="sm-2d9">
         <name>vListInitialise</name>
         <value>0x5181</value>
         <object_component_ref idref="oc-1dd"/>
      </symbol>
      <symbol id="sm-2da">
         <name>vListInitialiseItem</name>
         <value>0x54cd</value>
         <object_component_ref idref="oc-1e1"/>
      </symbol>
      <symbol id="sm-2db">
         <name>vListInsert</name>
         <value>0x4669</value>
         <object_component_ref idref="oc-1f9"/>
      </symbol>
      <symbol id="sm-2dc">
         <name>uxListRemove</name>
         <value>0x4b91</value>
         <object_component_ref idref="oc-13f"/>
      </symbol>
      <symbol id="sm-2e7">
         <name>DL_ADC12_setClockConfig</name>
         <value>0x4e01</value>
         <object_component_ref idref="oc-16c"/>
      </symbol>
      <symbol id="sm-2f0">
         <name>DL_Common_delayCycles</name>
         <value>0x54e9</value>
         <object_component_ref idref="oc-145"/>
      </symbol>
      <symbol id="sm-30c">
         <name>DL_Timer_setClockConfig</name>
         <value>0x53cd</value>
         <object_component_ref idref="oc-152"/>
      </symbol>
      <symbol id="sm-30d">
         <name>DL_Timer_initTimerMode</name>
         <value>0x3265</value>
         <object_component_ref idref="oc-160"/>
      </symbol>
      <symbol id="sm-30e">
         <name>DL_Timer_setCaptureCompareValue</name>
         <value>0x5469</value>
         <object_component_ref idref="oc-15b"/>
      </symbol>
      <symbol id="sm-30f">
         <name>DL_Timer_setCaptCompUpdateMethod</name>
         <value>0x53b1</value>
         <object_component_ref idref="oc-15a"/>
      </symbol>
      <symbol id="sm-310">
         <name>DL_Timer_setCaptureCompareOutCtl</name>
         <value>0x53e9</value>
         <object_component_ref idref="oc-159"/>
      </symbol>
      <symbol id="sm-311">
         <name>DL_Timer_initFourCCPWMMode</name>
         <value>0x305d</value>
         <object_component_ref idref="oc-158"/>
      </symbol>
      <symbol id="sm-31e">
         <name>DL_UART_init</name>
         <value>0x4b01</value>
         <object_component_ref idref="oc-169"/>
      </symbol>
      <symbol id="sm-31f">
         <name>DL_UART_setClockConfig</name>
         <value>0x5445</value>
         <object_component_ref idref="oc-163"/>
      </symbol>
      <symbol id="sm-330">
         <name>DL_SYSCTL_configSYSPLL</name>
         <value>0x3621</value>
         <object_component_ref idref="oc-149"/>
      </symbol>
      <symbol id="sm-331">
         <name>DL_SYSCTL_switchMCLKfromSYSOSCtoHSCLK</name>
         <value>0x4c69</value>
         <object_component_ref idref="oc-150"/>
      </symbol>
      <symbol id="sm-332">
         <name>DL_SYSCTL_configFCC</name>
         <value>0x5395</value>
         <object_component_ref idref="oc-1d0"/>
      </symbol>
      <symbol id="sm-33d">
         <name>_c_int00_noargs</name>
         <value>0x52cd</value>
         <object_component_ref idref="oc-74"/>
      </symbol>
      <symbol id="sm-33e">
         <name>__stack</name>
         <value>0x20207e00</value>
         <object_component_ref idref="oc-25"/>
      </symbol>
      <symbol id="sm-34a">
         <name>__TI_auto_init_nobinit_nopinit</name>
         <value>0x4ef9</value>
         <object_component_ref idref="oc-d5"/>
      </symbol>
      <symbol id="sm-352">
         <name>_system_pre_init</name>
         <value>0x550f</value>
         <object_component_ref idref="oc-95"/>
      </symbol>
      <symbol id="sm-35d">
         <name>__TI_zero_init</name>
         <value>0x54a1</value>
         <object_component_ref idref="oc-71"/>
      </symbol>
      <symbol id="sm-366">
         <name>__TI_decompress_none</name>
         <value>0x5457</value>
         <object_component_ref idref="oc-2b"/>
      </symbol>
      <symbol id="sm-371">
         <name>__TI_decompress_lzss</name>
         <value>0x43b5</value>
         <object_component_ref idref="oc-27"/>
      </symbol>
      <symbol id="sm-37b">
         <name>abort</name>
         <value>0x5501</value>
         <object_component_ref idref="oc-ce"/>
      </symbol>
      <symbol id="sm-385">
         <name>HOSTexit</name>
         <value>0x5507</value>
         <object_component_ref idref="oc-12f"/>
      </symbol>
      <symbol id="sm-386">
         <name>C$$EXIT</name>
         <value>0x5506</value>
         <object_component_ref idref="oc-12f"/>
      </symbol>
      <symbol id="sm-38c">
         <name>__aeabi_memcpy</name>
         <value>0x5479</value>
         <object_component_ref idref="oc-64"/>
      </symbol>
      <symbol id="sm-38d">
         <name>__aeabi_memcpy4</name>
         <value>0x5479</value>
         <object_component_ref idref="oc-64"/>
      </symbol>
      <symbol id="sm-38e">
         <name>__aeabi_memcpy8</name>
         <value>0x5479</value>
         <object_component_ref idref="oc-64"/>
      </symbol>
      <symbol id="sm-397">
         <name>__aeabi_memset</name>
         <value>0x54b1</value>
         <object_component_ref idref="oc-1e0"/>
      </symbol>
      <symbol id="sm-398">
         <name>__aeabi_memset4</name>
         <value>0x54b1</value>
         <object_component_ref idref="oc-1e0"/>
      </symbol>
      <symbol id="sm-399">
         <name>__aeabi_memset8</name>
         <value>0x54b1</value>
         <object_component_ref idref="oc-1e0"/>
      </symbol>
      <symbol id="sm-39a">
         <name>__aeabi_memclr</name>
         <value>0x52f5</value>
         <object_component_ref idref="oc-90"/>
      </symbol>
      <symbol id="sm-39b">
         <name>__aeabi_memclr4</name>
         <value>0x52f5</value>
         <object_component_ref idref="oc-90"/>
      </symbol>
      <symbol id="sm-39c">
         <name>__aeabi_memclr8</name>
         <value>0x52f5</value>
         <object_component_ref idref="oc-90"/>
      </symbol>
      <symbol id="sm-3a2">
         <name>__aeabi_uidiv</name>
         <value>0x4e41</value>
         <object_component_ref idref="oc-116"/>
      </symbol>
      <symbol id="sm-3a3">
         <name>__aeabi_uidivmod</name>
         <value>0x4e41</value>
         <object_component_ref idref="oc-116"/>
      </symbol>
      <symbol id="sm-3ad">
         <name>__aeabi_idiv0</name>
         <value>0x2427</value>
         <object_component_ref idref="oc-189"/>
      </symbol>
      <symbol id="sm-3c6">
         <name>memcpy</name>
         <value>0x3ee1</value>
         <object_component_ref idref="oc-b5"/>
      </symbol>
      <symbol id="sm-3d5">
         <name>memset</name>
         <value>0x47a9</value>
         <object_component_ref idref="oc-f0"/>
      </symbol>
      <symbol id="sm-3d6">
         <name>__TI_static_base__</name>
         <value>0x0</value>
      </symbol>
      <symbol id="sm-3d9">
         <name>__mpu_init</name>
         <value>0x0</value>
      </symbol>
      <symbol id="sm-3da">
         <name>_system_post_cinit</name>
         <value>0x0</value>
      </symbol>
   </symbol_table>
   <title>Link successful</title>
</link_info>
