******************************************************************************
            TI ARM Clang Linker PC v4.0.2                      
******************************************************************************
>> Linked Sun Jun  7 20:30:02 2026

OUTPUT FILE NAME:   <freertos.out>
ENTRY POINT SYMBOL: "_c_int00_noargs"  address: 00005095


MEMORY CONFIGURATION

         name            origin    length      used     unused   attr    fill
----------------------  --------  ---------  --------  --------  ----  --------
  FLASH                 00000000   00020000  00005a08  0001a5f8  R  X
  SRAM                  20200000   00008000  00002ac3  0000553d  RW X
  BCR_CONFIG            41c00000   000000ff  00000000  000000ff  R   
  BSL_CONFIG            41c00100   00000080  00000000  00000080  R   


SEGMENT ALLOCATION MAP

run origin  load origin   length   init length attrs members
----------  ----------- ---------- ----------- ----- -------
00000000    00000000    00005a08   00005a08    r-x
  00000000    00000000    000000c0   000000c0    r-- .intvecs
  000000c0    000000c0    00005250   00005250    r-x .text
  00005310    00005310    000006c0   000006c0    r-- .rodata
  000059d0    000059d0    00000038   00000038    r-- .cinit
20200000    20200000    000028c3   00000000    rw-
  20200000    20200000    00002864   00000000    rw- .bss
  20202864    20202864    0000005f   00000000    rw- .data
20207e00    20207e00    00000200   00000000    rw-
  20207e00    20207e00    00000200   00000000    rw- .stack


SECTION ALLOCATION MAP

 output                                  attributes/
section   page    origin      length       input sections
--------  ----  ----------  ----------   ----------------
.intvecs   0    00000000    000000c0     
                  00000000    000000c0     startup_mspm0g350x_ticlang.o (.intvecs)

.text      0    000000c0    00005250     
                  000000c0    00000374     OLED.o (.text.OLED_WriteCommand)
                  00000434    00000364     OLED.o (.text.OLED_WriteData)
                  00000798    00000330     OLED.o (.text.OLED_ShowSignedNum)
                  00000ac8    000002f6     OLED.o (.text.OLED_ShowNum)
                  00000dbe    000002ea     OLED.o (.text.OLED_ShowHexNum)
                  000010a8    000002a8     ti_msp_dl_config.o (.text.SYSCFG_DL_SYSCTL_SYSPLL_init)
                  00001350    000002a6     OLED.o (.text.OLED_ShowBinNum)
                  000015f6    00000002     startup_mspm0g350x_ticlang.o (.text.Default_Handler)
                  000015f8    00000294     freertos_builds_LP_MSPM0G3507_release_ticlang.lib : heap_4.o (.text.pvPortMalloc)
                  0000188c    00000260     OLED.o (.text.OLED_Init)
                  00001aec    00000210     freertos_builds_LP_MSPM0G3507_release_ticlang.lib : tasks.o (.text.xTaskIncrementTick)
                  00001cfc    000001f8                                                       : tasks.o (.text.xTaskResumeAll)
                  00001ef4    000001e8     ADC_SCAN.o (.text.vTaskKeyScan)
                  000020dc    000001d2     freertos_builds_LP_MSPM0G3507_release_ticlang.lib : queue.o (.text.xQueueGenericSend)
                  000022ae    000001bc     OLED.o (.text.OLED_Clear)
                  0000246a    000001a4     freertos_builds_LP_MSPM0G3507_release_ticlang.lib : queue.o (.text.xQueueReceive)
                  0000260e    00000002     libclang_rt.builtins.a : aeabi_div0.c.obj (.text.__aeabi_idiv0)
                  00002610    0000018c     freertos_builds_LP_MSPM0G3507_release_ticlang.lib : tasks.o (.text.xTaskRemoveFromEventList)
                  0000279c    0000015c                                                       : timers.o (.text.prvProcessReceivedCommands)
                  000028f8    00000128                                                       : tasks.o (.text.prvAddNewTaskToReadyList)
                  00002a20    00000114     OLED_Task.o (.text.Oled_Queue_ShowString)
                  00002b34    00000114     freertos_builds_LP_MSPM0G3507_release_ticlang.lib : port.o (.text.pxPortInitialiseStack)
                  00002c48    0000010c                                                       : heap_4.o (.text.prvInsertBlockIntoFreeList)
                  00002d54    0000010c                                                       : tasks.o (.text.vTaskSwitchContext)
                  00002e60    00000108                                                       : tasks.o (.text.xTaskPriorityDisinherit)
                  00002f68    00000104     driverlib.a : dl_timer.o (.text.DL_Timer_initFourCCPWMMode)
                  0000306c    00000104     freertos_builds_LP_MSPM0G3507_release_ticlang.lib : tasks.o (.text.prvInitialiseNewTask)
                  00003170    000000fc     driverlib.a : dl_timer.o (.text.DL_Timer_initTimerMode)
                  0000326c    000000f8     freertos_builds_LP_MSPM0G3507_release_ticlang.lib : heap_4.o (.text.vPortFree)
                  00003364    000000e4                                                       : tasks.o (.text.prvAddCurrentTaskToDelayedList)
                  00003448    000000e4                                                       : queue.o (.text.xQueueGenericReset)
                  0000352c    000000dc     driverlib.a : dl_sysctl_mspm0g1x0x_g3x0x.o (.text.DL_SYSCTL_configSYSPLL)
                  00003608    000000dc     freertos_builds_LP_MSPM0G3507_release_ticlang.lib : tasks.o (.text.xTaskDelayUntil)
                  000036e4    000000d4                                                       : queue.o (.text.prvCopyDataToQueue)
                  000037b8    000000cc                                                       : tasks.o (.text.prvCreateIdleTasks)
                  00003884    000000c4     OLED.o (.text.OLED_ShowChar)
                  00003948    000000b6     freertos_builds_LP_MSPM0G3507_release_ticlang.lib : queue.o (.text.prvUnlockQueue)
                  000039fe    00000002     --HOLE-- [fill = 0]
                  00003a00    000000b4                                                       : tasks.o (.text.xTaskCheckForTimeOut)
                  00003ab4    000000ac     ti_msp_dl_config.o (.text.SYSCFG_DL_SYSCTL_init)
                  00003b60    000000a8     ti_msp_dl_config.o (.text.SYSCFG_DL_GPIO_init)
                  00003c08    000000a4     OLED_Task.o (.text.vTaskOledDisplay)
                  00003cac    000000a0     freertos_builds_LP_MSPM0G3507_release_ticlang.lib : heap_4.o (.text.prvHeapInit)
                  00003d4c    000000a0                                                       : queue.o (.text.xQueueGenericCreateStatic)
                  00003dec    0000009a     libc.a : memcpy16.S.obj (.text:memcpy)
                  00003e86    00000098     freertos_builds_LP_MSPM0G3507_release_ticlang.lib : tasks.o (.text.prvCreateStaticTask)
                  00003f1e    00000094                                                       : queue.o (.text.xQueueGenericCreate)
                  00003fb2    00000002     --HOLE-- [fill = 0]
                  00003fb4    0000008c                                                       : timers.o (.text.prvProcessTimerOrBlockTask)
                  00004040    00000084                                                       : tasks.o (.text.prvCreateTask)
                  000040c4    00000084                                                       : timers.o (.text.prvInsertTimerInActiveList)
                  00004148    00000080                                                       : port.o (.text.xPortStartScheduler)
                  000041c8    0000007c                                                       : tasks.o (.text.prvInitialiseTaskLists)
                  00004244    0000007c                                                       : timers.o (.text.xTimerCreateTimerTask)
                  000042c0    0000007c     libc.a : copy_decompress_lzss.c.obj (.text:decompress:lzss)
                  0000433c    00000074     ti_msp_dl_config.o (.text.SYSCFG_DL_PWM_0_init)
                  000043b0    00000074     ti_msp_dl_config.o (.text.SYSCFG_DL_PWM_1_init)
                  00004424    00000074     freertos_builds_LP_MSPM0G3507_release_ticlang.lib : tasks.o (.text.vTaskPlaceOnEventListRestricted)
                  00004498    0000006c                                                       : timers.o (.text.prvCheckForValidListAndQueue)
                  00004504    0000006c                                                       : list.o (.text.vListInsert)
                  00004570    0000006a                                                       : queue.o (.text.vQueueWaitForMessageRestricted)
                  000045da    00000002     --HOLE-- [fill = 0]
                  000045dc    00000068                                                       : tasks.o (.text.vTaskStartScheduler)
                  00004644    00000064     ti_msp_dl_config.o (.text.SYSCFG_DL_UART_0_init)
                  000046a8    00000062     libc.a : memset16.S.obj (.text:memset)
                  0000470a    00000002     --HOLE-- [fill = 0]
                  0000470c    00000060     ti_msp_dl_config.o (.text.SYSCFG_DL_initPower)
                  0000476c    00000058     ADC_init.o (.text.Key_FreeRTOS_Init)
                  000047c4    00000054     OLED.o (.text.OLED_ShowString)
                  00004818    00000050     freertos_builds_LP_MSPM0G3507_release_ticlang.lib : tasks.o (.text.prvCheckTasksWaitingTermination)
                  00004868    00000050                                                       : tasks.o (.text.prvDeleteTCB)
                  000048b8    00000050                                                       : timers.o (.text.prvProcessExpiredTimer)
                  00004908    00000050     ADC_SCAN.o (.text.vTaskKeyLogic)
                  00004958    0000004c     freertos_builds_LP_MSPM0G3507_release_ticlang.lib : tasks.o (.text.xTaskCreateStatic)
                  000049a4    00000048     driverlib.a : dl_uart.o (.text.DL_UART_init)
                  000049ec    00000048     freertos_builds_LP_MSPM0G3507_release_ticlang.lib : list.o (.text.uxListRemove)
                  00004a34    00000048                                                       : tasks.o (.text.xTaskCreate)
                  00004a7c    00000046                                                       : queue.o (.text.prvInitialiseNewQueue)
                  00004ac2    00000002     --HOLE-- [fill = 0]
                  00004ac4    00000044     driverlib.a : dl_sysctl_mspm0g1x0x_g3x0x.o (.text.DL_SYSCTL_switchMCLKfromSYSOSCtoHSCLK)
                  00004b08    00000044     OLED_Task.o (.text.Oled_FreeRTOS_Init)
                  00004b4c    00000004     libsysbm.a : hostexit.c.obj (.text.HOSTexit)
                  00004b50    00000044     freertos_builds_LP_MSPM0G3507_release_ticlang.lib : portasm.o (.text.PendSV_Handler)
                  00004b94    00000044                                                       : queue.o (.text.prvCopyDataFromQueue)
                  00004bd8    00000044                                                       : timers.o (.text.prvSwitchTimerLists)
                  00004c1c    00000040     driverlib.a : dl_adc12.o (.text.DL_ADC12_setClockConfig)
                  00004c5c    00000040     libclang_rt.builtins.a : aeabi_uidivmod.S.obj (.text.__aeabi_uidivmod)
                  00004c9c    0000003c     ti_msp_dl_config.o (.text.SYSCFG_DL_init)
                  00004cd8    0000003c     freertos_builds_LP_MSPM0G3507_release_ticlang.lib : timers.o (.text.prvSampleTimeNow)
                  00004d14    0000003c     libc.a : autoinit.c.obj (.text:__TI_auto_init_nobinit_nopinit)
                  00004d50    00000038     freertos_builds_LP_MSPM0G3507_release_ticlang.lib : timers.o (.text.prvGetNextExpireTime)
                  00004d88    00000038                                                       : tasks.o (.text.xTaskGetSchedulerState)
                  00004dc0    00000036                                                       : timers.o (.text.prvReloadTimer)
                  00004df6    00000002     --HOLE-- [fill = 0]
                  00004df8    00000034                                                       : tasks.o (.text.vTaskPlaceOnEventList)
                  00004e2c    00000030                                                       : port.o (.text.SysTick_Handler)
                  00004e5c    00000030                                                       : tasks.o (.text.prvResetNextTaskUnblockTime)
                  00004e8c    00000030                                                       : port.o (.text.prvTaskExitError)
                  00004ebc    0000002e                                                       : queue.o (.text.prvIsQueueFull)
                  00004eea    0000002e                                                       : port.o (.text.vPortSVCHandler_C)
                  00004f18    0000002c     ti_msp_dl_config.o (.text.SYSCFG_DL_ADC12_0_init)
                  00004f44    0000002c     ti_msp_dl_config.o (.text.SYSCFG_DL_TIMER_0_init)
                  00004f70    0000002c     freertos_builds_LP_MSPM0G3507_release_ticlang.lib : list.o (.text.vListInitialise)
                  00004f9c    0000002c                                                       : port.o (.text.vPortExitCritical)
                  00004fc8    0000002a                                                       : queue.o (.text.prvIsQueueEmpty)
                  00004ff2    00000002     --HOLE-- [fill = 0]
                  00004ff4    00000028     OLED_Task.o (.text.Oled_Queue_ShowNum)
                  0000501c    00000028     freertos_builds_LP_MSPM0G3507_release_ticlang.lib : StaticAllocs_freertos.o (.text.vApplicationGetIdleTaskMemory)
                  00005044    00000028                                                       : StaticAllocs_freertos.o (.text.vApplicationGetTimerTaskMemory)
                  0000506c    00000028                                                       : port.o (.text.vPortSetupTimerInterrupt)
                  00005094    00000028     libc.a : boot_cortex_m.c.obj (.text:_c_int00_noargs)
                  000050bc    00000004     startup_mspm0g350x_ticlang.o (.text.Reset_Handler)
                  000050c0    00000024     freertos_builds_LP_MSPM0G3507_release_ticlang.lib : portasm.o (.text.SVC_Handler)
                  000050e4    0000000c     libclang_rt.builtins.a : aeabi_memset.S.obj (.text.__aeabi_memclr)
                  000050f0    00000024     freertos_builds_LP_MSPM0G3507_release_ticlang.lib : portasm.o (.text.vRestoreContextOfFirstTask)
                  00005114    00000020                                                       : tasks.o (.text.vTaskInternalSetTimeOutState)
                  00005134    0000001e                                                       : timers.o (.text.prvTimerTask)
                  00005152    00000002     --HOLE-- [fill = 0]
                  00005154    0000001c     driverlib.a : dl_sysctl_mspm0g1x0x_g3x0x.o (.text.DL_SYSCTL_configFCC)
                  00005170    0000001c                 : dl_timer.o (.text.DL_Timer_setCaptCompUpdateMethod)
                  0000518c    0000001c                 : dl_timer.o (.text.DL_Timer_setClockConfig)
                  000051a8    0000001c     OLED_Task.o (.text.Oled_Queue_Clear)
                  000051c4    00000018     driverlib.a : dl_timer.o (.text.DL_Timer_setCaptureCompareOutCtl)
                  000051dc    00000018     freertos_builds_LP_MSPM0G3507_release_ticlang.lib : port.o (.text.vPortEnterCritical)
                  000051f4    00000018                                                       : port.o (.text.vPortYield)
                  0000520c    00000016     main_freertos.o (.text.main)
                  00005222    00000002     --HOLE-- [fill = 0]
                  00005224    00000014     freertos_builds_LP_MSPM0G3507_release_ticlang.lib : tasks.o (.text.xTaskGetTickCount)
                  00005238    00000012     driverlib.a : dl_uart.o (.text.DL_UART_setClockConfig)
                  0000524a    00000012     libc.a : copy_decompress_none.c.obj (.text:decompress:none)
                  0000525c    00000010     driverlib.a : dl_timer.o (.text.DL_Timer_setCaptureCompareValue)
                  0000526c    00000004     libc.a : pre_init.c.obj (.text._system_pre_init)
                  00005270    00000010     freertos_builds_LP_MSPM0G3507_release_ticlang.lib : portasm.o (.text.vStartFirstTask)
                  00005280    00000010                                                       : tasks.o (.text.vTaskSuspendAll)
                  00005290    00000010     libc.a : copy_zero_init.c.obj (.text:decompress:ZI)
                  000052a0    0000000e     libclang_rt.builtins.a : aeabi_memset.S.obj (.text.__aeabi_memset)
                  000052ae    0000000e     freertos_builds_LP_MSPM0G3507_release_ticlang.lib : tasks.o (.text.prvIdleTask)
                  000052bc    0000000e                                                       : list.o (.text.vListInitialiseItem)
                  000052ca    00000002     --HOLE-- [fill = 0]
                  000052cc    0000000c                                                       : tasks.o (.text.vTaskMissedYield)
                  000052d8    0000000a     driverlib.a : dl_common.o (.text.DL_Common_delayCycles)
                  000052e2    00000002     --HOLE-- [fill = 0]
                  000052e4    00000008     libclang_rt.builtins.a : aeabi_memcpy.S.obj (.text.__aeabi_memcpy)
                  000052ec    00000008     freertos_builds_LP_MSPM0G3507_release_ticlang.lib : portasm.o (.text.ulSetInterruptMask)
                  000052f4    00000006                                                       : portasm.o (.text.vClearInterruptMask)
                  000052fa    00000006     libc.a : exit.c.obj (.text:abort)
                  00005300    00000004     main_freertos.o (.text.vApplicationStackOverflowHook)
                  00005304    0000000c     --HOLE-- [fill = 0]

.cinit     0    000059d0    00000038     
                  000059d0    0000000f     (.cinit..data.load) [load image, compression = lzss]
                  000059df    00000001     --HOLE-- [fill = 0]
                  000059e0    0000000c     (__TI_handler_table)
                  000059ec    00000008     (.cinit..bss.load) [load image, compression = zero_init]
                  000059f4    00000010     (__TI_cinit_table)
                  00005a04    00000004     --HOLE-- [fill = 0]

.rodata    0    00005310    000006c0     
                  00005310    000005f0     OLED.o (.rodata.OLED_F8x16)
                  00005900    00000028     ti_msp_dl_config.o (.rodata.gSYSPLLConfig)
                  00005928    00000014     ti_msp_dl_config.o (.rodata.gTIMER_0TimerConfig)
                  0000593c    00000010     ADC_SCAN.o (.rodata.str1.2400183873413480933.1)
                  0000594c    0000000d     ADC_init.o (.rodata.str1.1941056222698984085.1)
                  00005959    0000000c     ADC_init.o (.rodata.str1.10376368798993104728.1)
                  00005965    00000001     --HOLE-- [fill = 0]
                  00005966    0000000a     ti_msp_dl_config.o (.rodata.gUART_0Config)
                  00005970    0000000a     ADC_SCAN.o (.rodata.str1.10744036554497968448.1)
                  0000597a    0000000a     ADC_SCAN.o (.rodata.str1.11116376107566485257.1)
                  00005984    0000000a     ADC_SCAN.o (.rodata.str1.13955762343280701490.1)
                  0000598e    00000009     OLED_Task.o (.rodata.str1.7317589389468838088.1)
                  00005997    00000001     --HOLE-- [fill = 0]
                  00005998    00000008     ti_msp_dl_config.o (.rodata.gADC12_0ClockConfig)
                  000059a0    00000008     ti_msp_dl_config.o (.rodata.gPWM_0Config)
                  000059a8    00000008     ti_msp_dl_config.o (.rodata.gPWM_1Config)
                  000059b0    00000008     freertos_builds_LP_MSPM0G3507_release_ticlang.lib : timers.o (.rodata.str1.6031452896567546882.1)
                  000059b8    00000005                                                       : tasks.o (.rodata.str1.13344916649340266805.1)
                  000059bd    00000004     ADC_SCAN.o (.rodata.str1.6928829323109946504.1)
                  000059c1    00000003     ti_msp_dl_config.o (.rodata.gPWM_0ClockConfig)
                  000059c4    00000004     freertos_builds_LP_MSPM0G3507_release_ticlang.lib : tasks.o (.rodata.uxTopUsedPriority)
                  000059c8    00000003     ti_msp_dl_config.o (.rodata.gPWM_1ClockConfig)
                  000059cb    00000003     ti_msp_dl_config.o (.rodata.gTIMER_0ClockConfig)
                  000059ce    00000002     ti_msp_dl_config.o (.rodata.gUART_0ClockConfig)

.init_array 
*          0    00000000    00000000     UNINITIALIZED

.binit     0    00000000    00000000     

.bss       0    20200000    00002864     UNINITIALIZED
                  20200000    00002000     freertos_builds_LP_MSPM0G3507_release_ticlang.lib : heap_4.o (.bss.ucHeap)
                  20202000    00000200                                                       : StaticAllocs_freertos.o (.bss.vApplicationGetIdleTaskMemory.uxIdleTaskStack)
                  20202200    00000200                                                       : StaticAllocs_freertos.o (.bss.vApplicationGetTimerTaskMemory.uxTimerTaskStack)
                  20202400    000000c8                                                       : tasks.o (.bss.pxReadyTasksLists)
                  202024c8    000000bc     (.common:gTIMER_0Backup)
                  20202584    000000a0     (.common:gPWM_0Backup)
                  20202624    00000078                                                       : timers.o (.bss.prvCheckForValidListAndQueue.ucStaticTimerQueueStorage)
                  2020269c    00000068                                                       : StaticAllocs_freertos.o (.bss.vApplicationGetIdleTaskMemory.xIdleTaskTCB)
                  20202704    00000068                                                       : StaticAllocs_freertos.o (.bss.vApplicationGetTimerTaskMemory.xTimerTaskTCB)
                  2020276c    00000050                                                       : timers.o (.bss.prvCheckForValidListAndQueue.xStaticTimerQueue)
                  202027bc    00000014                                                       : timers.o (.bss.xActiveTimerList1)
                  202027d0    00000014                                                       : timers.o (.bss.xActiveTimerList2)
                  202027e4    00000014                                                       : tasks.o (.bss.xDelayedTaskList1)
                  202027f8    00000014                                                       : tasks.o (.bss.xDelayedTaskList2)
                  2020280c    00000014                                                       : tasks.o (.bss.xPendingReadyList)
                  20202820    00000014                                                       : tasks.o (.bss.xSuspendedTaskList)
                  20202834    00000014                                                       : tasks.o (.bss.xTasksWaitingTermination)
                  20202848    00000008                                                       : heap_4.o (.bss.xStart)
                  20202850    00000004                                                       : timers.o (.bss.pxCurrentTimerList)
                  20202854    00000004                                                       : tasks.o (.bss.pxDelayedTaskList)
                  20202858    00000004                                                       : tasks.o (.bss.pxOverflowDelayedTaskList)
                  2020285c    00000004                                                       : timers.o (.bss.pxOverflowTimerList)
                  20202860    00000004                                                       : tasks.o (.bss.xIdleTaskHandles)

.data      0    20202864    0000005f     UNINITIALIZED
                  20202864    00000004     freertos_builds_LP_MSPM0G3507_release_ticlang.lib : timers.o (.data.prvSampleTimeNow.xLastTime)
                  20202868    00000004                                                       : tasks.o (.data.pxCurrentTCB)
                  2020286c    00000004                                                       : heap_4.o (.data.pxEnd)
                  20202870    00000004                                                       : port.o (.data.ulCriticalNesting)
                  20202874    00000004                                                       : tasks.o (.data.uxCurrentNumberOfTasks)
                  20202878    00000004                                                       : tasks.o (.data.uxDeletedTasksWaitingCleanUp)
                  2020287c    00000004                                                       : tasks.o (.data.uxSchedulerSuspended)
                  20202880    00000004                                                       : tasks.o (.data.uxTaskNumber)
                  20202884    00000004                                                       : tasks.o (.data.uxTopReadyPriority)
                  20202888    00000004                                                       : heap_4.o (.data.xFreeBytesRemaining)
                  2020288c    00000004     ADC_SCAN.o (.data.xKeyQueue)
                  20202890    00000004     freertos_builds_LP_MSPM0G3507_release_ticlang.lib : heap_4.o (.data.xMinimumEverFreeBytesRemaining)
                  20202894    00000004                                                       : tasks.o (.data.xNextTaskUnblockTime)
                  20202898    00000004                                                       : tasks.o (.data.xNumOfOverflows)
                  2020289c    00000004                                                       : heap_4.o (.data.xNumberOfSuccessfulAllocations)
                  202028a0    00000004                                                       : heap_4.o (.data.xNumberOfSuccessfulFrees)
                  202028a4    00000004     OLED_Task.o (.data.xOledQueue)
                  202028a8    00000004     freertos_builds_LP_MSPM0G3507_release_ticlang.lib : tasks.o (.data.xPendedTicks)
                  202028ac    00000004                                                       : tasks.o (.data.xSchedulerRunning)
                  202028b0    00000004                                                       : tasks.o (.data.xTickCount)
                  202028b4    00000004                                                       : timers.o (.data.xTimerQueue)
                  202028b8    00000004                                                       : timers.o (.data.xTimerTaskHandle)
                  202028bc    00000004                                                       : tasks.o (.data.xYieldPendings)
                  202028c0    00000002     ADC_SCAN.o (.data.vTaskKeyScan.alive_cnt)
                  202028c2    00000001     ADC_SCAN.o (.data.vTaskKeyScan.adc_configured)

.stack     0    20207e00    00000200     UNINITIALIZED
                  20207e00    00000004     libc.a : boot_cortex_m.c.obj (.stack)
                  20207e04    000001fc     --HOLE--

__llvm_prf_cnts 
*          0    20200000    00000000     UNINITIALIZED

__llvm_prf_bits 
*          0    20200000    00000000     UNINITIALIZED

MODULE SUMMARY

       Module                         code    ro data   rw data
       ------                         ----    -------   -------
    .\
       startup_mspm0g350x_ticlang.o   6       192       0      
       main_freertos.o                26      0         0      
    +--+------------------------------+-------+---------+---------+
       Total:                         32      192       0      
                                                               
    .\syscfg\
       ti_msp_dl_config.o             1596    105       348    
    +--+------------------------------+-------+---------+---------+
       Total:                         1596    105       348    
                                                               
    .\targetConfigs\key\
       ADC_SCAN.o                     568     50        7      
       ADC_init.o                     88      25        0      
    +--+------------------------------+-------+---------+---------+
       Total:                         656     75        7      
                                                               
    .\targetConfigs\oled\
       OLED.o                         6082    1520      0      
       OLED_Task.o                    576     9         4      
    +--+------------------------------+-------+---------+---------+
       Total:                         6658    1529      4      
                                                               
    D:/LeStoreDownload/CCS/mspm0_sdk_2_10_00_04/source/ti/driverlib/lib/ticlang/m0p/mspm0g1x0x_g3x0x/driverlib.a
       dl_timer.o                     608     0         0      
       dl_sysctl_mspm0g1x0x_g3x0x.o   316     0         0      
       dl_uart.o                      90      0         0      
       dl_adc12.o                     64      0         0      
       dl_common.o                    10      0         0      
    +--+------------------------------+-------+---------+---------+
       Total:                         1088    0         0      
                                                               
    D:/compitation/NUEDC/diansai/freertos_builds_LP_MSPM0G3507_release_ticlang/Debug/freertos_builds_LP_MSPM0G3507_release_ticlang.lib
       heap_4.o                       1336    0         8220   
       tasks.o                        4534    9         360    
       queue.o                        2148    0         0      
       timers.o                       1200    8         260    
       StaticAllocs_freertos.o        80      0         1232   
       port.o                         678     0         4      
       list.o                         238     0         0      
       portasm.o                      170     0         0      
    +--+------------------------------+-------+---------+---------+
       Total:                         10384   17        10076  
                                                               
    D:\LeStoreDownload\CCS\ti_cgt_arm_llvm_4.0.2.LTS\lib\armv6m-ti-none-eabi/c/libc.a
       memcpy16.S.obj                 154     0         0      
       copy_decompress_lzss.c.obj     124     0         0      
       memset16.S.obj                 98      0         0      
       autoinit.c.obj                 60      0         0      
       boot_cortex_m.c.obj            40      0         0      
       copy_decompress_none.c.obj     18      0         0      
       copy_zero_init.c.obj           16      0         0      
       exit.c.obj                     6       0         0      
       pre_init.c.obj                 4       0         0      
    +--+------------------------------+-------+---------+---------+
       Total:                         520     0         0      
                                                               
    D:\LeStoreDownload\CCS\ti_cgt_arm_llvm_4.0.2.LTS\lib\armv6m-ti-none-eabi/c/libsysbm.a
       hostexit.c.obj                 4       0         0      
    +--+------------------------------+-------+---------+---------+
       Total:                         4       0         0      
                                                               
    D:\LeStoreDownload\CCS\ti_cgt_arm_llvm_4.0.2.LTS\lib\armv6m-ti-none-eabi/libclang_rt.builtins.a
       aeabi_uidivmod.S.obj           64      0         0      
       aeabi_memset.S.obj             26      0         0      
       aeabi_memcpy.S.obj             8       0         0      
       aeabi_div0.c.obj               2       0         0      
    +--+------------------------------+-------+---------+---------+
       Total:                         100     0         0      
                                                               
       Stack:                         0       0         512    
       Linker Generated:              0       51        0      
    +--+------------------------------+-------+---------+---------+
       Grand Total:                   21038   1969      10947  


LINKER GENERATED COPY TABLES

__TI_cinit_table @ 000059f4 records: 2, size/record: 8, table size: 16
	.data: load addr=000059d0, load size=0000000f bytes, run addr=20202864, run size=0000005f bytes, compression=lzss
	.bss: load addr=000059ec, load size=00000008 bytes, run addr=20200000, run size=00002864 bytes, compression=zero_init


LINKER GENERATED HANDLER TABLE

__TI_handler_table @ 000059e0 records: 3, size/record: 4, table size: 12
	index: 0, handler: __TI_decompress_lzss
	index: 1, handler: __TI_decompress_none
	index: 2, handler: __TI_zero_init


GLOBAL SYMBOLS: SORTED ALPHABETICALLY BY Name 

address   name                                 
-------   ----                                 
000015f7  ADC0_IRQHandler                      
000015f7  ADC1_IRQHandler                      
000015f7  AES_IRQHandler                       
00004b4c  C$$EXIT                              
000015f7  CANFD0_IRQHandler                    
000015f7  DAC0_IRQHandler                      
00004c1d  DL_ADC12_setClockConfig              
000052d9  DL_Common_delayCycles                
00005155  DL_SYSCTL_configFCC                  
0000352d  DL_SYSCTL_configSYSPLL               
00004ac5  DL_SYSCTL_switchMCLKfromSYSOSCtoHSCLK
00002f69  DL_Timer_initFourCCPWMMode           
00003171  DL_Timer_initTimerMode               
00005171  DL_Timer_setCaptCompUpdateMethod     
000051c5  DL_Timer_setCaptureCompareOutCtl     
0000525d  DL_Timer_setCaptureCompareValue      
0000518d  DL_Timer_setClockConfig              
000049a5  DL_UART_init                         
00005239  DL_UART_setClockConfig               
000015f7  DMA_IRQHandler                       
000015f7  Default_Handler                      
000015f7  GROUP0_IRQHandler                    
000015f7  GROUP1_IRQHandler                    
00004b4d  HOSTexit                             
000015f7  HardFault_Handler                    
000015f7  I2C0_IRQHandler                      
000015f7  I2C1_IRQHandler                      
0000476d  Key_FreeRTOS_Init                    
000015f7  NMI_Handler                          
000022af  OLED_Clear                           
00005310  OLED_F8x16                           
0000188d  OLED_Init                            
00001351  OLED_ShowBinNum                      
00003885  OLED_ShowChar                        
00000dbf  OLED_ShowHexNum                      
00000ac9  OLED_ShowNum                         
00000799  OLED_ShowSignedNum                   
000047c5  OLED_ShowString                      
000000c1  OLED_WriteCommand                    
00000435  OLED_WriteData                       
00004b09  Oled_FreeRTOS_Init                   
000051a9  Oled_Queue_Clear                     
00004ff5  Oled_Queue_ShowNum                   
00002a21  Oled_Queue_ShowString                
00004b51  PendSV_Handler                       
000015f7  RTC_IRQHandler                       
000050bd  Reset_Handler                        
000015f7  SPI0_IRQHandler                      
000015f7  SPI1_IRQHandler                      
000050c1  SVC_Handler                          
00004f19  SYSCFG_DL_ADC12_0_init               
00003b61  SYSCFG_DL_GPIO_init                  
0000433d  SYSCFG_DL_PWM_0_init                 
000043b1  SYSCFG_DL_PWM_1_init                 
000010a9  SYSCFG_DL_SYSCTL_SYSPLL_init         
00003ab5  SYSCFG_DL_SYSCTL_init                
00004f45  SYSCFG_DL_TIMER_0_init               
00004645  SYSCFG_DL_UART_0_init                
00004c9d  SYSCFG_DL_init                       
0000470d  SYSCFG_DL_initPower                  
00004e2d  SysTick_Handler                      
000015f7  TIMA0_IRQHandler                     
000015f7  TIMA1_IRQHandler                     
000015f7  TIMG0_IRQHandler                     
000015f7  TIMG12_IRQHandler                    
000015f7  TIMG6_IRQHandler                     
000015f7  TIMG7_IRQHandler                     
000015f7  TIMG8_IRQHandler                     
000015f7  UART0_IRQHandler                     
000015f7  UART1_IRQHandler                     
000015f7  UART2_IRQHandler                     
000015f7  UART3_IRQHandler                     
20208000  __STACK_END                          
00000200  __STACK_SIZE                         
00000000  __TI_ATRegion0_region_sz             
00000000  __TI_ATRegion0_src_addr              
00000000  __TI_ATRegion0_trg_addr              
00000000  __TI_ATRegion1_region_sz             
00000000  __TI_ATRegion1_src_addr              
00000000  __TI_ATRegion1_trg_addr              
00000000  __TI_ATRegion2_region_sz             
00000000  __TI_ATRegion2_src_addr              
00000000  __TI_ATRegion2_trg_addr              
000059f4  __TI_CINIT_Base                      
00005a04  __TI_CINIT_Limit                     
00005a04  __TI_CINIT_Warm                      
000059e0  __TI_Handler_Table_Base              
000059ec  __TI_Handler_Table_Limit             
00004d15  __TI_auto_init_nobinit_nopinit       
000042c1  __TI_decompress_lzss                 
0000524b  __TI_decompress_none                 
ffffffff  __TI_pprof_out_hndl                  
ffffffff  __TI_prof_data_size                  
ffffffff  __TI_prof_data_start                 
00000000  __TI_static_base__                   
00005291  __TI_zero_init                       
0000260f  __aeabi_idiv0                        
000050e5  __aeabi_memclr                       
000050e5  __aeabi_memclr4                      
000050e5  __aeabi_memclr8                      
000052e5  __aeabi_memcpy                       
000052e5  __aeabi_memcpy4                      
000052e5  __aeabi_memcpy8                      
000052a1  __aeabi_memset                       
000052a1  __aeabi_memset4                      
000052a1  __aeabi_memset8                      
00004c5d  __aeabi_uidiv                        
00004c5d  __aeabi_uidivmod                     
ffffffff  __binit__                            
UNDEFED   __mpu_init                           
20207e00  __stack                              
20200000  __start___llvm_prf_bits              
20200000  __start___llvm_prf_cnts              
20200000  __stop___llvm_prf_bits               
20200000  __stop___llvm_prf_cnts               
00005095  _c_int00_noargs                      
UNDEFED   _system_post_cinit                   
0000526d  _system_pre_init                     
000052fb  abort                                
ffffffff  binit                                
20202584  gPWM_0Backup                         
202024c8  gTIMER_0Backup                       
00000000  interruptVectors                     
0000520d  main                                 
00003ded  memcpy                               
000046a9  memset                               
000015f9  pvPortMalloc                         
20202868  pxCurrentTCB                         
00002b35  pxPortInitialiseStack                
000052ed  ulSetInterruptMask                   
000049ed  uxListRemove                         
0000501d  vApplicationGetIdleTaskMemory        
00005045  vApplicationGetTimerTaskMemory       
00005301  vApplicationStackOverflowHook        
000052f5  vClearInterruptMask                  
00004f71  vListInitialise                      
000052bd  vListInitialiseItem                  
00004505  vListInsert                          
000051dd  vPortEnterCritical                   
00004f9d  vPortExitCritical                    
0000326d  vPortFree                            
00004eeb  vPortSVCHandler_C                    
0000506d  vPortSetupTimerInterrupt             
000051f5  vPortYield                           
00004571  vQueueWaitForMessageRestricted       
000050f1  vRestoreContextOfFirstTask           
00005271  vStartFirstTask                      
00005115  vTaskInternalSetTimeOutState         
00004909  vTaskKeyLogic                        
00001ef5  vTaskKeyScan                         
000052cd  vTaskMissedYield                     
00003c09  vTaskOledDisplay                     
00004df9  vTaskPlaceOnEventList                
00004425  vTaskPlaceOnEventListRestricted      
000045dd  vTaskStartScheduler                  
00005281  vTaskSuspendAll                      
00002d55  vTaskSwitchContext                   
2020288c  xKeyQueue                            
202028a4  xOledQueue                           
00004149  xPortStartScheduler                  
00003f1f  xQueueGenericCreate                  
00003d4d  xQueueGenericCreateStatic            
00003449  xQueueGenericReset                   
000020dd  xQueueGenericSend                    
0000246b  xQueueReceive                        
00003a01  xTaskCheckForTimeOut                 
00004a35  xTaskCreate                          
00004959  xTaskCreateStatic                    
00003609  xTaskDelayUntil                      
00004d89  xTaskGetSchedulerState               
00005225  xTaskGetTickCount                    
00001aed  xTaskIncrementTick                   
00002e61  xTaskPriorityDisinherit              
00002611  xTaskRemoveFromEventList             
00001cfd  xTaskResumeAll                       
00004245  xTimerCreateTimerTask                


GLOBAL SYMBOLS: SORTED BY Symbol Address 

address   name                                 
-------   ----                                 
00000000  __TI_ATRegion0_region_sz             
00000000  __TI_ATRegion0_src_addr              
00000000  __TI_ATRegion0_trg_addr              
00000000  __TI_ATRegion1_region_sz             
00000000  __TI_ATRegion1_src_addr              
00000000  __TI_ATRegion1_trg_addr              
00000000  __TI_ATRegion2_region_sz             
00000000  __TI_ATRegion2_src_addr              
00000000  __TI_ATRegion2_trg_addr              
00000000  __TI_static_base__                   
00000000  interruptVectors                     
000000c1  OLED_WriteCommand                    
00000200  __STACK_SIZE                         
00000435  OLED_WriteData                       
00000799  OLED_ShowSignedNum                   
00000ac9  OLED_ShowNum                         
00000dbf  OLED_ShowHexNum                      
000010a9  SYSCFG_DL_SYSCTL_SYSPLL_init         
00001351  OLED_ShowBinNum                      
000015f7  ADC0_IRQHandler                      
000015f7  ADC1_IRQHandler                      
000015f7  AES_IRQHandler                       
000015f7  CANFD0_IRQHandler                    
000015f7  DAC0_IRQHandler                      
000015f7  DMA_IRQHandler                       
000015f7  Default_Handler                      
000015f7  GROUP0_IRQHandler                    
000015f7  GROUP1_IRQHandler                    
000015f7  HardFault_Handler                    
000015f7  I2C0_IRQHandler                      
000015f7  I2C1_IRQHandler                      
000015f7  NMI_Handler                          
000015f7  RTC_IRQHandler                       
000015f7  SPI0_IRQHandler                      
000015f7  SPI1_IRQHandler                      
000015f7  TIMA0_IRQHandler                     
000015f7  TIMA1_IRQHandler                     
000015f7  TIMG0_IRQHandler                     
000015f7  TIMG12_IRQHandler                    
000015f7  TIMG6_IRQHandler                     
000015f7  TIMG7_IRQHandler                     
000015f7  TIMG8_IRQHandler                     
000015f7  UART0_IRQHandler                     
000015f7  UART1_IRQHandler                     
000015f7  UART2_IRQHandler                     
000015f7  UART3_IRQHandler                     
000015f9  pvPortMalloc                         
0000188d  OLED_Init                            
00001aed  xTaskIncrementTick                   
00001cfd  xTaskResumeAll                       
00001ef5  vTaskKeyScan                         
000020dd  xQueueGenericSend                    
000022af  OLED_Clear                           
0000246b  xQueueReceive                        
0000260f  __aeabi_idiv0                        
00002611  xTaskRemoveFromEventList             
00002a21  Oled_Queue_ShowString                
00002b35  pxPortInitialiseStack                
00002d55  vTaskSwitchContext                   
00002e61  xTaskPriorityDisinherit              
00002f69  DL_Timer_initFourCCPWMMode           
00003171  DL_Timer_initTimerMode               
0000326d  vPortFree                            
00003449  xQueueGenericReset                   
0000352d  DL_SYSCTL_configSYSPLL               
00003609  xTaskDelayUntil                      
00003885  OLED_ShowChar                        
00003a01  xTaskCheckForTimeOut                 
00003ab5  SYSCFG_DL_SYSCTL_init                
00003b61  SYSCFG_DL_GPIO_init                  
00003c09  vTaskOledDisplay                     
00003d4d  xQueueGenericCreateStatic            
00003ded  memcpy                               
00003f1f  xQueueGenericCreate                  
00004149  xPortStartScheduler                  
00004245  xTimerCreateTimerTask                
000042c1  __TI_decompress_lzss                 
0000433d  SYSCFG_DL_PWM_0_init                 
000043b1  SYSCFG_DL_PWM_1_init                 
00004425  vTaskPlaceOnEventListRestricted      
00004505  vListInsert                          
00004571  vQueueWaitForMessageRestricted       
000045dd  vTaskStartScheduler                  
00004645  SYSCFG_DL_UART_0_init                
000046a9  memset                               
0000470d  SYSCFG_DL_initPower                  
0000476d  Key_FreeRTOS_Init                    
000047c5  OLED_ShowString                      
00004909  vTaskKeyLogic                        
00004959  xTaskCreateStatic                    
000049a5  DL_UART_init                         
000049ed  uxListRemove                         
00004a35  xTaskCreate                          
00004ac5  DL_SYSCTL_switchMCLKfromSYSOSCtoHSCLK
00004b09  Oled_FreeRTOS_Init                   
00004b4c  C$$EXIT                              
00004b4d  HOSTexit                             
00004b51  PendSV_Handler                       
00004c1d  DL_ADC12_setClockConfig              
00004c5d  __aeabi_uidiv                        
00004c5d  __aeabi_uidivmod                     
00004c9d  SYSCFG_DL_init                       
00004d15  __TI_auto_init_nobinit_nopinit       
00004d89  xTaskGetSchedulerState               
00004df9  vTaskPlaceOnEventList                
00004e2d  SysTick_Handler                      
00004eeb  vPortSVCHandler_C                    
00004f19  SYSCFG_DL_ADC12_0_init               
00004f45  SYSCFG_DL_TIMER_0_init               
00004f71  vListInitialise                      
00004f9d  vPortExitCritical                    
00004ff5  Oled_Queue_ShowNum                   
0000501d  vApplicationGetIdleTaskMemory        
00005045  vApplicationGetTimerTaskMemory       
0000506d  vPortSetupTimerInterrupt             
00005095  _c_int00_noargs                      
000050bd  Reset_Handler                        
000050c1  SVC_Handler                          
000050e5  __aeabi_memclr                       
000050e5  __aeabi_memclr4                      
000050e5  __aeabi_memclr8                      
000050f1  vRestoreContextOfFirstTask           
00005115  vTaskInternalSetTimeOutState         
00005155  DL_SYSCTL_configFCC                  
00005171  DL_Timer_setCaptCompUpdateMethod     
0000518d  DL_Timer_setClockConfig              
000051a9  Oled_Queue_Clear                     
000051c5  DL_Timer_setCaptureCompareOutCtl     
000051dd  vPortEnterCritical                   
000051f5  vPortYield                           
0000520d  main                                 
00005225  xTaskGetTickCount                    
00005239  DL_UART_setClockConfig               
0000524b  __TI_decompress_none                 
0000525d  DL_Timer_setCaptureCompareValue      
0000526d  _system_pre_init                     
00005271  vStartFirstTask                      
00005281  vTaskSuspendAll                      
00005291  __TI_zero_init                       
000052a1  __aeabi_memset                       
000052a1  __aeabi_memset4                      
000052a1  __aeabi_memset8                      
000052bd  vListInitialiseItem                  
000052cd  vTaskMissedYield                     
000052d9  DL_Common_delayCycles                
000052e5  __aeabi_memcpy                       
000052e5  __aeabi_memcpy4                      
000052e5  __aeabi_memcpy8                      
000052ed  ulSetInterruptMask                   
000052f5  vClearInterruptMask                  
000052fb  abort                                
00005301  vApplicationStackOverflowHook        
00005310  OLED_F8x16                           
000059e0  __TI_Handler_Table_Base              
000059ec  __TI_Handler_Table_Limit             
000059f4  __TI_CINIT_Base                      
00005a04  __TI_CINIT_Limit                     
00005a04  __TI_CINIT_Warm                      
20200000  __start___llvm_prf_bits              
20200000  __start___llvm_prf_cnts              
20200000  __stop___llvm_prf_bits               
20200000  __stop___llvm_prf_cnts               
202024c8  gTIMER_0Backup                       
20202584  gPWM_0Backup                         
20202868  pxCurrentTCB                         
2020288c  xKeyQueue                            
202028a4  xOledQueue                           
20207e00  __stack                              
20208000  __STACK_END                          
ffffffff  __TI_pprof_out_hndl                  
ffffffff  __TI_prof_data_size                  
ffffffff  __TI_prof_data_start                 
ffffffff  __binit__                            
ffffffff  binit                                
UNDEFED   __mpu_init                           
UNDEFED   _system_post_cinit                   

[176 symbols]
